Archive member included to satisfy reference by file (symbol)

/usr/lib/gcc/arm-none-eabi/13.2.1/thumb/v8-m.main+fp/hard/libgcc.a(_aeabi_uldivmod.o)
                              ./build-cm33-apps_cm33_mlkem_ref/apps/cm33/mlkem_ref/test/test_speed.o (__aeabi_uldivmod)
/usr/lib/gcc/arm-none-eabi/13.2.1/thumb/v8-m.main+fp/hard/libgcc.a(_udivmoddi4.o)
                              /usr/lib/gcc/arm-none-eabi/13.2.1/thumb/v8-m.main+fp/hard/libgcc.a(_aeabi_uldivmod.o) (__udivmoddi4)
/usr/lib/gcc/arm-none-eabi/13.2.1/thumb/v8-m.main+fp/hard/libgcc.a(_dvmd_tls.o)
                              /usr/lib/gcc/arm-none-eabi/13.2.1/thumb/v8-m.main+fp/hard/libgcc.a(_aeabi_uldivmod.o) (__aeabi_ldiv0)
/usr/lib/gcc/arm-none-eabi/13.2.1/../../../arm-none-eabi/lib/thumb/v8-m.main+fp/hard/libc_nano.a(libc_a-qsort.o)
                              ./build-cm33-apps_cm33_mlkem_ref/apps/cm33/mlkem_ref/test/speed_print.o (qsort)
/usr/lib/gcc/arm-none-eabi/13.2.1/../../../arm-none-eabi/lib/thumb/v8-m.main+fp/hard/libc_nano.a(libc_a-impure.o)
                              ./build-cm33-apps_cm33_mlkem_ref/apps/cm33/mlkem_ref/test/speed_print.o (_impure_ptr)
/usr/lib/gcc/arm-none-eabi/13.2.1/../../../arm-none-eabi/lib/thumb/v8-m.main+fp/hard/libc_nano.a(libc_a-init.o)
                              /usr/lib/gcc/arm-none-eabi/13.2.1/../../../arm-none-eabi/lib/thumb/v8-m.main+fp/hard/crt0.o (__libc_init_array)
/usr/lib/gcc/arm-none-eabi/13.2.1/../../../arm-none-eabi/lib/thumb/v8-m.main+fp/hard/libc_nano.a(libc_a-memset.o)
                              /usr/lib/gcc/arm-none-eabi/13.2.1/../../../arm-none-eabi/lib/thumb/v8-m.main+fp/hard/crt0.o (memset)
/usr/lib/gcc/arm-none-eabi/13.2.1/../../../arm-none-eabi/lib/thumb/v8-m.main+fp/hard/libc_nano.a(libc_a-errno.o)
                              ./build-cm33-apps_cm33_mlkem_ref/drivers/retarget.o (__errno)
/usr/lib/gcc/arm-none-eabi/13.2.1/../../../arm-none-eabi/lib/thumb/v8-m.main+fp/hard/libc_nano.a(libc_a-memcpy.o)
                              ./build-cm33-apps_cm33_mlkem_ref/apps/cm33/mlkem_ref/indcpa.o (memcpy)
/usr/lib/gcc/arm-none-eabi/13.2.1/../../../arm-none-eabi/lib/thumb/v8-m.main+fp/hard/libc_nano.a(libc_a-exit.o)
                              /usr/lib/gcc/arm-none-eabi/13.2.1/../../../arm-none-eabi/lib/thumb/v8-m.main+fp/hard/crt0.o (exit)
/usr/lib/gcc/arm-none-eabi/13.2.1/../../../arm-none-eabi/lib/thumb/v8-m.main+fp/hard/libc_nano.a(libc_a-atexit.o)
                              /usr/lib/gcc/arm-none-eabi/13.2.1/../../../arm-none-eabi/lib/thumb/v8-m.main+fp/hard/crt0.o (atexit)
/usr/lib/gcc/arm-none-eabi/13.2.1/../../../arm-none-eabi/lib/thumb/v8-m.main+fp/hard/libc_nano.a(libc_a-fini.o)
                              /usr/lib/gcc/arm-none-eabi/13.2.1/../../../arm-none-eabi/lib/thumb/v8-m.main+fp/hard/crt0.o (__libc_fini_array)
/usr/lib/gcc/arm-none-eabi/13.2.1/../../../arm-none-eabi/lib/thumb/v8-m.main+fp/hard/libc_nano.a(libc_a-findfp.o)
                              /usr/lib/gcc/arm-none-eabi/13.2.1/../../../arm-none-eabi/lib/thumb/v8-m.main+fp/hard/libc_nano.a(libc_a-exit.o) (__stdio_exit_handler)
/usr/lib/gcc/arm-none-eabi/13.2.1/../../../arm-none-eabi/lib/thumb/v8-m.main+fp/hard/libc_nano.a(libc_a-fflush.o)
                              /usr/lib/gcc/arm-none-eabi/13.2.1/../../../arm-none-eabi/lib/thumb/v8-m.main+fp/hard/libc_nano.a(libc_a-findfp.o) (_fflush_r)
/usr/lib/gcc/arm-none-eabi/13.2.1/../../../arm-none-eabi/lib/thumb/v8-m.main+fp/hard/libc_nano.a(libc_a-mallocr.o)
                              /usr/lib/gcc/arm-none-eabi/13.2.1/../../../arm-none-eabi/lib/thumb/v8-m.main+fp/hard/libc_nano.a(libc_a-findfp.o) (_malloc_r)
/usr/lib/gcc/arm-none-eabi/13.2.1/../../../arm-none-eabi/lib/thumb/v8-m.main+fp/hard/libc_nano.a(libc_a-freer.o)
                              /usr/lib/gcc/arm-none-eabi/13.2.1/../../../arm-none-eabi/lib/thumb/v8-m.main+fp/hard/libc_nano.a(libc_a-fflush.o) (_free_r)
/usr/lib/gcc/arm-none-eabi/13.2.1/../../../arm-none-eabi/lib/thumb/v8-m.main+fp/hard/libc_nano.a(libc_a-fwalk.o)
                              /usr/lib/gcc/arm-none-eabi/13.2.1/../../../arm-none-eabi/lib/thumb/v8-m.main+fp/hard/libc_nano.a(libc_a-findfp.o) (_fwalk_sglue)
/usr/lib/gcc/arm-none-eabi/13.2.1/../../../arm-none-eabi/lib/thumb/v8-m.main+fp/hard/libc_nano.a(libc_a-__atexit.o)
                              /usr/lib/gcc/arm-none-eabi/13.2.1/../../../arm-none-eabi/lib/thumb/v8-m.main+fp/hard/libc_nano.a(libc_a-atexit.o) (__register_exitproc)
/usr/lib/gcc/arm-none-eabi/13.2.1/../../../arm-none-eabi/lib/thumb/v8-m.main+fp/hard/libc_nano.a(libc_a-mlock.o)
                              /usr/lib/gcc/arm-none-eabi/13.2.1/../../../arm-none-eabi/lib/thumb/v8-m.main+fp/hard/libc_nano.a(libc_a-mallocr.o) (__malloc_lock)
/usr/lib/gcc/arm-none-eabi/13.2.1/../../../arm-none-eabi/lib/thumb/v8-m.main+fp/hard/libc_nano.a(libc_a-sbrkr.o)
                              /usr/lib/gcc/arm-none-eabi/13.2.1/../../../arm-none-eabi/lib/thumb/v8-m.main+fp/hard/libc_nano.a(libc_a-mallocr.o) (_sbrk_r)
[...]
Memory Configuration

Name             Origin             Length             Attributes
FLASH            0x00000000         0x00010000         xr
RAM              0x20000000         0x00010000         xrw
*default*        0x00000000         0xffffffff

Linker script and memory map

LOAD /usr/lib/gcc/arm-none-eabi/13.2.1/thumb/v8-m.main+fp/hard/crti.o
LOAD /usr/lib/gcc/arm-none-eabi/13.2.1/thumb/v8-m.main+fp/hard/crtbegin.o
LOAD /usr/lib/gcc/arm-none-eabi/13.2.1/../../../arm-none-eabi/lib/thumb/v8-m.main+fp/hard/crt0.o
LOAD ./build-cm33-apps_cm33_mlkem_ref/apps/cm33/mlkem_ref/cbd.o
LOAD ./build-cm33-apps_cm33_mlkem_ref/apps/cm33/mlkem_ref/fips202.o
LOAD ./build-cm33-apps_cm33_mlkem_ref/apps/cm33/mlkem_ref/indcpa.o
LOAD ./build-cm33-apps_cm33_mlkem_ref/apps/cm33/mlkem_ref/kem.o
LOAD ./build-cm33-apps_cm33_mlkem_ref/apps/cm33/mlkem_ref/ntt.o
LOAD ./build-cm33-apps_cm33_mlkem_ref/apps/cm33/mlkem_ref/poly.o
LOAD ./build-cm33-apps_cm33_mlkem_ref/apps/cm33/mlkem_ref/polyvec.o
LOAD ./build-cm33-apps_cm33_mlkem_ref/apps/cm33/mlkem_ref/reduce.o
LOAD ./build-cm33-apps_cm33_mlkem_ref/apps/cm33/mlkem_ref/verify.o
LOAD ./build-cm33-apps_cm33_mlkem_ref/apps/cm33/mlkem_ref/symmetric-shake.o
LOAD ./build-cm33-apps_cm33_mlkem_ref/apps/cm33/mlkem_ref/randombytes.o
LOAD ./build-cm33-apps_cm33_mlkem_ref/apps/cm33/mlkem_ref/nrf_config.o
LOAD ./build-cm33-apps_cm33_mlkem_ref/apps/cm33/mlkem_ref/test/test_speed.o
LOAD ./build-cm33-apps_cm33_mlkem_ref/apps/cm33/mlkem_ref/test/cpucycles.o
LOAD ./build-cm33-apps_cm33_mlkem_ref/apps/cm33/mlkem_ref/test/speed_print.o
LOAD ./build-cm33-apps_cm33_mlkem_ref/drivers/print_lib.o
LOAD ./build-cm33-apps_cm33_mlkem_ref/drivers/uarte.o
LOAD ./build-cm33-apps_cm33_mlkem_ref/drivers/retarget.o
LOAD ./build-cm33-apps_cm33_mlkem_ref/lib/nrfx/bsp/stable/mdk/gcc_startup_nrf54lm20a_application.o
LOAD ./build-cm33-apps_cm33_mlkem_ref/lib/nrfx/bsp/stable/mdk/system_nrf54l.o
LOAD /usr/lib/gcc/arm-none-eabi/13.2.1/thumb/v8-m.main+fp/hard/libgcc.a
LOAD /usr/lib/gcc/arm-none-eabi/13.2.1/../../../arm-none-eabi/lib/thumb/v8-m.main+fp/hard/libc_nano.a
START GROUP
LOAD /usr/lib/gcc/arm-none-eabi/13.2.1/thumb/v8-m.main+fp/hard/libgcc.a
LOAD /usr/lib/gcc/arm-none-eabi/13.2.1/../../../arm-none-eabi/lib/thumb/v8-m.main+fp/hard/libg_nano.a
LOAD /usr/lib/gcc/arm-none-eabi/13.2.1/../../../arm-none-eabi/lib/thumb/v8-m.main+fp/hard/libc_nano.a
END GROUP
START GROUP
LOAD /usr/lib/gcc/arm-none-eabi/13.2.1/thumb/v8-m.main+fp/hard/libgcc.a
LOAD /usr/lib/gcc/arm-none-eabi/13.2.1/../../../arm-none-eabi/lib/thumb/v8-m.main+fp/hard/libc_nano.a
END GROUP
LOAD /usr/lib/gcc/arm-none-eabi/13.2.1/thumb/v8-m.main+fp/hard/crtend.o
LOAD /usr/lib/gcc/arm-none-eabi/13.2.1/thumb/v8-m.main+fp/hard/crtn.o
                0x00000000                        . = ALIGN (ORIGIN (FLASH), 0x4)

.vectors        0x00000000      0x4c8
                0x00000000                        __vectors_start = .
 *(.isr_vector)
 .isr_vector    0x00000000      0x4c8 ./build-cm33-apps_cm33_mlkem_ref/lib/nrfx/bsp/stable/mdk/gcc_startup_nrf54lm20a_application.o
                0x00000000                __isr_vector
 *(.vectors)
                0x000004c8                        __vectors_size = SIZEOF (.vectors)
                0x000004c8                        __vectors_end = (__vectors_start + __vectors_size)
                0x00000001                        ASSERT (((__vectors_start == __vectors_end) || ((__vectors_end - ORIGIN (FLASH)) <= LENGTH (FLASH))), error: .vectors is too large to fit in FLASH memory segment)
                0x000004c8                        . = ALIGN (0x4)

.ctors          0x000004c8        0x0
                0x000004c8                        __ctors_start = .
                0x000004c8                        __CTOR_LIST__ = .
 *crtbegin*.o(.ctors)
 *(EXCLUDE_FILE(*crtend*.o) .ctors)
 *(SORT_BY_NAME(.ctors.*))
 *(.ctors)
                0x000004c8                        __CTOR_END__ = .
                0x00000000                        __ctors_size = SIZEOF (.ctors)
                0x000004c8                        __ctors_end = (__ctors_start + __ctors_size)
                0x00000001                        ASSERT (((__ctors_start == __ctors_end) || ((__ctors_end - ORIGIN (FLASH)) <= LENGTH (FLASH))), error: .ctors is too large to fit in FLASH memory segment)
                0x000004c8                        . = ALIGN (0x4)

.dtors          0x000004c8        0x0
                0x000004c8                        __dtors_start = .
                0x000004c8                        __DTOR_LIST__ = .
 *crtbegin*.o(.dtors)
 *(EXCLUDE_FILE(*crtend*.o) .dtors)
 *(SORT_BY_NAME(.dtors.*))
 *(.dtors)
                0x000004c8                        __DTOR_END__ = .
                0x00000000                        __dtors_size = SIZEOF (.dtors)
                0x000004c8                        __dtors_end = (__dtors_start + __dtors_size)
                0x00000001                        ASSERT (((__dtors_start == __dtors_end) || ((__dtors_end - ORIGIN (FLASH)) <= LENGTH (FLASH))), error: .dtors is too large to fit in FLASH memory segment)
                0x000004c8                        . = ALIGN (0x4)

.rodata         0x000004c8      0x8e4
                0x000004c8                        . = ALIGN (0x4)
                0x000004c8                        __rodata_start = .
 *(.rodata*)
 .rodata.KeccakF_RoundConstants
                0x000004c8       0xc0 ./build-cm33-apps_cm33_mlkem_ref/apps/cm33/mlkem_ref/fips202.o
 .rodata.pqcrystals_kyber512_ref_zetas
                0x00000588      0x100 ./build-cm33-apps_cm33_mlkem_ref/apps/cm33/mlkem_ref/ntt.o
                0x00000588                pqcrystals_kyber512_ref_zetas
 .rodata.print_stuff.str1.4
                0x00000688      0x723 ./build-cm33-apps_cm33_mlkem_ref/apps/cm33/mlkem_ref/test/test_speed.o
                                0x50c (size before relaxing)
 .rodata.main.str1.4
                0x00000dab      0x19f ./build-cm33-apps_cm33_mlkem_ref/apps/cm33/mlkem_ref/test/test_speed.o
 .rodata.print_results.str1.4
                0x00000dab       0x66 ./build-cm33-apps_cm33_mlkem_ref/apps/cm33/mlkem_ref/test/speed_print.o
 .rodata.print_cycles.str1.4
                0x00000dab        0x5 ./build-cm33-apps_cm33_mlkem_ref/apps/cm33/mlkem_ref/test/speed_print.o
 .rodata.print.constprop.0.str1.4
                0x00000dab        0x7 ./build-cm33-apps_cm33_mlkem_ref/drivers/print_lib.o
 *(.srodata .srodata.*)
                0x00000f4c                        . = ALIGN (0x4)
 *fill*         0x00000dab        0x1 
                0x000008e4                        __rodata_size = SIZEOF (.rodata)
                0x00000dac                        __rodata_end = (__rodata_start + __rodata_size)
                0x00000001                        ASSERT (((__rodata_start == __rodata_end) || ((__rodata_end - ORIGIN (FLASH)) <= LENGTH (FLASH))), error: .rodata is too large to fit in FLASH memory segment)

.ARM.exidx      0x00000dac        0x8
 .ARM.exidx     0x00000dac        0x8 /usr/lib/gcc/arm-none-eabi/13.2.1/../../../arm-none-eabi/lib/thumb/v8-m.main+fp/hard/crt0.o
                                 0x10 (size before relaxing)
 .ARM.exidx     0x00000db4        0x0 /usr/lib/gcc/arm-none-eabi/13.2.1/thumb/v8-m.main+fp/hard/libgcc.a(_udivmoddi4.o)
                                  0x8 (size before relaxing)
 .ARM.exidx     0x00000db4        0x0 /usr/lib/gcc/arm-none-eabi/13.2.1/../../../arm-none-eabi/lib/thumb/v8-m.main+fp/hard/libc_nano.a(libc_a-memcpy.o)
                                  0x8 (size before relaxing)
                0x00000db4                        . = ALIGN (0x4)

.text           0x00000db4     0x5d38
                0x00000db4                        __text_start = .
 *(.startup)
 *(.startup*)
 *(.text*)
 .text          0x00000db4       0x8c /usr/lib/gcc/arm-none-eabi/13.2.1/thumb/v8-m.main+fp/hard/crtbegin.o
 .text          0x00000e40       0x70 /usr/lib/gcc/arm-none-eabi/13.2.1/../../../arm-none-eabi/lib/thumb/v8-m.main+fp/hard/crt0.o
                0x00000e40                _stack_init
                0x00000e48                _mainCRTStartup
                0x00000e48                _start
 .text.pqcrystals_kyber512_ref_poly_cbd_eta1
                0x00000eb0       0xac ./build-cm33-apps_cm33_mlkem_ref/apps/cm33/mlkem_ref/cbd.o
                0x00000eb0                pqcrystals_kyber512_ref_poly_cbd_eta1
 .text.pqcrystals_kyber512_ref_poly_cbd_eta2
                0x00000f5c       0xe0 ./build-cm33-apps_cm33_mlkem_ref/apps/cm33/mlkem_ref/cbd.o
                0x00000f5c                pqcrystals_kyber512_ref_poly_cbd_eta2
 .text.KeccakF1600_StatePermute
                0x0000103c     0x118c ./build-cm33-apps_cm33_mlkem_ref/apps/cm33/mlkem_ref/fips202.o
 .text.keccak_absorb
                0x000021c8       0xdc ./build-cm33-apps_cm33_mlkem_ref/apps/cm33/mlkem_ref/fips202.o
 .text.keccak_absorb_once.constprop.1
                0x000022a4      0x128 ./build-cm33-apps_cm33_mlkem_ref/apps/cm33/mlkem_ref/fips202.o
 .text.keccak_absorb_once.constprop.2
                0x000023cc      0x128 ./build-cm33-apps_cm33_mlkem_ref/apps/cm33/mlkem_ref/fips202.o
 .text.pqcrystals_kyber_fips202_ref_shake128_absorb_once
                0x000024f4       0x10 ./build-cm33-apps_cm33_mlkem_ref/apps/cm33/mlkem_ref/fips202.o
                0x000024f4                pqcrystals_kyber_fips202_ref_shake128_absorb_once
 .text.pqcrystals_kyber_fips202_ref_shake128_squeezeblocks
                0x00002504       0x60 ./build-cm33-apps_cm33_mlkem_ref/apps/cm33/mlkem_ref/fips202.o
                0x00002504                pqcrystals_kyber_fips202_ref_shake128_squeezeblocks
 *fill*         0x00002564        0x4 
 .text.pqcrystals_kyber_fips202_ref_shake256_init
                0x00002568       0x28 ./build-cm33-apps_cm33_mlkem_ref/apps/cm33/mlkem_ref/fips202.o
                0x00002568                pqcrystals_kyber_fips202_ref_shake256_init
 .text.pqcrystals_kyber_fips202_ref_shake256_absorb
                0x00002590       0x20 ./build-cm33-apps_cm33_mlkem_ref/apps/cm33/mlkem_ref/fips202.o
                0x00002590                pqcrystals_kyber_fips202_ref_shake256_absorb
 .text.pqcrystals_kyber_fips202_ref_shake256_finalize
                0x000025b0       0x50 ./build-cm33-apps_cm33_mlkem_ref/apps/cm33/mlkem_ref/fips202.o
                0x000025b0                pqcrystals_kyber_fips202_ref_shake256_finalize
 .text.pqcrystals_kyber_fips202_ref_shake256_squeeze
                0x00002600       0x7c ./build-cm33-apps_cm33_mlkem_ref/apps/cm33/mlkem_ref/fips202.o
                0x00002600                pqcrystals_kyber_fips202_ref_shake256_squeeze
 .text.pqcrystals_kyber_fips202_ref_shake256
                0x0000267c      0x160 ./build-cm33-apps_cm33_mlkem_ref/apps/cm33/mlkem_ref/fips202.o
                0x0000267c                pqcrystals_kyber_fips202_ref_shake256
 .text.pqcrystals_kyber_fips202_ref_sha3_256
                0x000027dc       0xe8 ./build-cm33-apps_cm33_mlkem_ref/apps/cm33/mlkem_ref/fips202.o
                0x000027dc                pqcrystals_kyber_fips202_ref_sha3_256
 .text.pqcrystals_kyber_fips202_ref_sha3_512
                0x000028c4      0x29c ./build-cm33-apps_cm33_mlkem_ref/apps/cm33/mlkem_ref/fips202.o
                0x000028c4                pqcrystals_kyber_fips202_ref_sha3_512
 .text.pqcrystals_kyber512_ref_gen_matrix
                0x00002b60      0x214 ./build-cm33-apps_cm33_mlkem_ref/apps/cm33/mlkem_ref/indcpa.o
                0x00002b60                pqcrystals_kyber512_ref_gen_matrix
 .text.pqcrystals_kyber512_ref_indcpa_keypair_derand
                0x00002d74       0xd8 ./build-cm33-apps_cm33_mlkem_ref/apps/cm33/mlkem_ref/indcpa.o
                0x00002d74                pqcrystals_kyber512_ref_indcpa_keypair_derand
 .text.pqcrystals_kyber512_ref_indcpa_enc
                0x00002e4c      0x108 ./build-cm33-apps_cm33_mlkem_ref/apps/cm33/mlkem_ref/indcpa.o
                0x00002e4c                pqcrystals_kyber512_ref_indcpa_enc
 .text.pqcrystals_kyber512_ref_indcpa_dec
                0x00002f54       0x64 ./build-cm33-apps_cm33_mlkem_ref/apps/cm33/mlkem_ref/indcpa.o
                0x00002f54                pqcrystals_kyber512_ref_indcpa_dec
 .text.pqcrystals_kyber512_ref_keypair_derand
                0x00002fb8       0x38 ./build-cm33-apps_cm33_mlkem_ref/apps/cm33/mlkem_ref/kem.o
                0x00002fb8                pqcrystals_kyber512_ref_keypair_derand
 .text.pqcrystals_kyber512_ref_keypair
                0x00002ff0       0x4c ./build-cm33-apps_cm33_mlkem_ref/apps/cm33/mlkem_ref/kem.o
                0x00002ff0                pqcrystals_kyber512_ref_keypair
 .text.pqcrystals_kyber512_ref_enc_derand
                0x0000303c       0x48 ./build-cm33-apps_cm33_mlkem_ref/apps/cm33/mlkem_ref/kem.o
                0x0000303c                pqcrystals_kyber512_ref_enc_derand
 .text.pqcrystals_kyber512_ref_enc
                0x00003084       0x50 ./build-cm33-apps_cm33_mlkem_ref/apps/cm33/mlkem_ref/kem.o
                0x00003084                pqcrystals_kyber512_ref_enc
 .text.pqcrystals_kyber512_ref_dec
                0x000030d4       0x6c ./build-cm33-apps_cm33_mlkem_ref/apps/cm33/mlkem_ref/kem.o
                0x000030d4                pqcrystals_kyber512_ref_dec
 .text.pqcrystals_kyber512_ref_ntt
                0x00003140      0x100 ./build-cm33-apps_cm33_mlkem_ref/apps/cm33/mlkem_ref/ntt.o
                0x00003140                pqcrystals_kyber512_ref_ntt
 .text.pqcrystals_kyber512_ref_invntt
                0x00003240      0x134 ./build-cm33-apps_cm33_mlkem_ref/apps/cm33/mlkem_ref/ntt.o
                0x00003240                pqcrystals_kyber512_ref_invntt
 .text.pqcrystals_kyber512_ref_basemul
                0x00003374       0x94 ./build-cm33-apps_cm33_mlkem_ref/apps/cm33/mlkem_ref/ntt.o
                0x00003374                pqcrystals_kyber512_ref_basemul
 .text.pqcrystals_kyber512_ref_poly_compress
                0x00003408      0x16c ./build-cm33-apps_cm33_mlkem_ref/apps/cm33/mlkem_ref/poly.o
                0x00003408                pqcrystals_kyber512_ref_poly_compress
 .text.pqcrystals_kyber512_ref_poly_decompress
                0x00003574       0x50 ./build-cm33-apps_cm33_mlkem_ref/apps/cm33/mlkem_ref/poly.o
                0x00003574                pqcrystals_kyber512_ref_poly_decompress
 .text.pqcrystals_kyber512_ref_poly_tobytes
                0x000035c4       0x4c ./build-cm33-apps_cm33_mlkem_ref/apps/cm33/mlkem_ref/poly.o
                0x000035c4                pqcrystals_kyber512_ref_poly_tobytes
 .text.pqcrystals_kyber512_ref_poly_frombytes
                0x00003610       0x38 ./build-cm33-apps_cm33_mlkem_ref/apps/cm33/mlkem_ref/poly.o
                0x00003610                pqcrystals_kyber512_ref_poly_frombytes
 .text.pqcrystals_kyber512_ref_poly_frommsg
                0x00003648       0x44 ./build-cm33-apps_cm33_mlkem_ref/apps/cm33/mlkem_ref/poly.o
                0x00003648                pqcrystals_kyber512_ref_poly_frommsg
 .text.pqcrystals_kyber512_ref_poly_tomsg
                0x0000368c      0x13c ./build-cm33-apps_cm33_mlkem_ref/apps/cm33/mlkem_ref/poly.o
                0x0000368c                pqcrystals_kyber512_ref_poly_tomsg
 .text.pqcrystals_kyber512_ref_poly_getnoise_eta1
                0x000037c8       0x20 ./build-cm33-apps_cm33_mlkem_ref/apps/cm33/mlkem_ref/poly.o
                0x000037c8                pqcrystals_kyber512_ref_poly_getnoise_eta1
 .text.pqcrystals_kyber512_ref_poly_getnoise_eta2
                0x000037e8       0x20 ./build-cm33-apps_cm33_mlkem_ref/apps/cm33/mlkem_ref/poly.o
                0x000037e8                pqcrystals_kyber512_ref_poly_getnoise_eta2
 .text.pqcrystals_kyber512_ref_poly_ntt
                0x00003808       0x20 ./build-cm33-apps_cm33_mlkem_ref/apps/cm33/mlkem_ref/poly.o
                0x00003808                pqcrystals_kyber512_ref_poly_ntt
 .text.pqcrystals_kyber512_ref_poly_invntt_tomont
                0x00003828        0x4 ./build-cm33-apps_cm33_mlkem_ref/apps/cm33/mlkem_ref/poly.o
                0x00003828                pqcrystals_kyber512_ref_poly_invntt_tomont
 .text.pqcrystals_kyber512_ref_poly_basemul_montgomery
                0x0000382c       0x48 ./build-cm33-apps_cm33_mlkem_ref/apps/cm33/mlkem_ref/poly.o
                0x0000382c                pqcrystals_kyber512_ref_poly_basemul_montgomery
 .text.pqcrystals_kyber512_ref_poly_tomont
                0x00003874       0x24 ./build-cm33-apps_cm33_mlkem_ref/apps/cm33/mlkem_ref/poly.o
                0x00003874                pqcrystals_kyber512_ref_poly_tomont
 .text.pqcrystals_kyber512_ref_poly_reduce
                0x00003898       0x18 ./build-cm33-apps_cm33_mlkem_ref/apps/cm33/mlkem_ref/poly.o
                0x00003898                pqcrystals_kyber512_ref_poly_reduce
 .text.pqcrystals_kyber512_ref_poly_add
                0x000038b0       0x54 ./build-cm33-apps_cm33_mlkem_ref/apps/cm33/mlkem_ref/poly.o
                0x000038b0                pqcrystals_kyber512_ref_poly_add
 .text.pqcrystals_kyber512_ref_poly_sub
                0x00003904       0x54 ./build-cm33-apps_cm33_mlkem_ref/apps/cm33/mlkem_ref/poly.o
                0x00003904                pqcrystals_kyber512_ref_poly_sub
 .text.pqcrystals_kyber512_ref_polyvec_compress
                0x00003958      0x154 ./build-cm33-apps_cm33_mlkem_ref/apps/cm33/mlkem_ref/polyvec.o
                0x00003958                pqcrystals_kyber512_ref_polyvec_compress
 .text.pqcrystals_kyber512_ref_polyvec_decompress
                0x00003aac       0xd8 ./build-cm33-apps_cm33_mlkem_ref/apps/cm33/mlkem_ref/polyvec.o
                0x00003aac                pqcrystals_kyber512_ref_polyvec_decompress
 .text.pqcrystals_kyber512_ref_polyvec_tobytes
                0x00003b84       0x1c ./build-cm33-apps_cm33_mlkem_ref/apps/cm33/mlkem_ref/polyvec.o
                0x00003b84                pqcrystals_kyber512_ref_polyvec_tobytes
 .text.pqcrystals_kyber512_ref_polyvec_frombytes
                0x00003ba0       0x1c ./build-cm33-apps_cm33_mlkem_ref/apps/cm33/mlkem_ref/polyvec.o
                0x00003ba0                pqcrystals_kyber512_ref_polyvec_frombytes
 .text.pqcrystals_kyber512_ref_polyvec_ntt
                0x00003bbc       0x14 ./build-cm33-apps_cm33_mlkem_ref/apps/cm33/mlkem_ref/polyvec.o
                0x00003bbc                pqcrystals_kyber512_ref_polyvec_ntt
 .text.pqcrystals_kyber512_ref_polyvec_invntt_tomont
                0x00003bd0       0x14 ./build-cm33-apps_cm33_mlkem_ref/apps/cm33/mlkem_ref/polyvec.o
                0x00003bd0                pqcrystals_kyber512_ref_polyvec_invntt_tomont
 .text.pqcrystals_kyber512_ref_polyvec_basemul_acc_montgomery
                0x00003be4       0x34 ./build-cm33-apps_cm33_mlkem_ref/apps/cm33/mlkem_ref/polyvec.o
                0x00003be4                pqcrystals_kyber512_ref_polyvec_basemul_acc_montgomery
 .text.pqcrystals_kyber512_ref_polyvec_reduce
                0x00003c18       0x14 ./build-cm33-apps_cm33_mlkem_ref/apps/cm33/mlkem_ref/polyvec.o
                0x00003c18                pqcrystals_kyber512_ref_polyvec_reduce
 .text.pqcrystals_kyber512_ref_polyvec_add
                0x00003c2c       0x20 ./build-cm33-apps_cm33_mlkem_ref/apps/cm33/mlkem_ref/polyvec.o
                0x00003c2c                pqcrystals_kyber512_ref_polyvec_add
 .text.pqcrystals_kyber512_ref_montgomery_reduce
                0x00003c4c       0x1c ./build-cm33-apps_cm33_mlkem_ref/apps/cm33/mlkem_ref/reduce.o
                0x00003c4c                pqcrystals_kyber512_ref_montgomery_reduce
 .text.pqcrystals_kyber512_ref_barrett_reduce
                0x00003c68       0x20 ./build-cm33-apps_cm33_mlkem_ref/apps/cm33/mlkem_ref/reduce.o
                0x00003c68                pqcrystals_kyber512_ref_barrett_reduce
 .text.pqcrystals_kyber512_ref_verify
                0x00003c88       0x98 ./build-cm33-apps_cm33_mlkem_ref/apps/cm33/mlkem_ref/verify.o
                0x00003c88                pqcrystals_kyber512_ref_verify
 .text.pqcrystals_kyber512_ref_cmov
                0x00003d20       0xc4 ./build-cm33-apps_cm33_mlkem_ref/apps/cm33/mlkem_ref/verify.o
                0x00003d20                pqcrystals_kyber512_ref_cmov
 .text.pqcrystals_kyber512_ref_cmov_int16
                0x00003de4       0x10 ./build-cm33-apps_cm33_mlkem_ref/apps/cm33/mlkem_ref/verify.o
                0x00003de4                pqcrystals_kyber512_ref_cmov_int16
 .text.pqcrystals_kyber512_ref_kyber_shake128_absorb
                0x00003df4       0x28 ./build-cm33-apps_cm33_mlkem_ref/apps/cm33/mlkem_ref/symmetric-shake.o
                0x00003df4                pqcrystals_kyber512_ref_kyber_shake128_absorb
 .text.pqcrystals_kyber512_ref_kyber_shake256_prf
                0x00003e1c       0x2c ./build-cm33-apps_cm33_mlkem_ref/apps/cm33/mlkem_ref/symmetric-shake.o
                0x00003e1c                pqcrystals_kyber512_ref_kyber_shake256_prf
 .text.pqcrystals_kyber512_ref_kyber_shake256_rkprf
                0x00003e48       0x78 ./build-cm33-apps_cm33_mlkem_ref/apps/cm33/mlkem_ref/symmetric-shake.o
                0x00003e48                pqcrystals_kyber512_ref_kyber_shake256_rkprf
 .text.randombytes
                0x00003ec0       0x40 ./build-cm33-apps_cm33_mlkem_ref/apps/cm33/mlkem_ref/randombytes.o
                0x00003ec0                randombytes
 .text.reset_vals
                0x00003f00      0x138 ./build-cm33-apps_cm33_mlkem_ref/apps/cm33/mlkem_ref/test/test_speed.o
                0x00003f00                reset_vals
 .text.print_stuff
                0x00004038      0xefc ./build-cm33-apps_cm33_mlkem_ref/apps/cm33/mlkem_ref/test/test_speed.o
                0x00004038                print_stuff
 .text.startup.main
                0x00004f34      0x434 ./build-cm33-apps_cm33_mlkem_ref/apps/cm33/mlkem_ref/test/test_speed.o
                0x00004f34                main
 .text.cpucycles_overhead
                0x00005368       0x30 ./build-cm33-apps_cm33_mlkem_ref/apps/cm33/mlkem_ref/test/cpucycles.o
                0x00005368                cpucycles_overhead
 .text.cmp_uint64
                0x00005398       0x2c ./build-cm33-apps_cm33_mlkem_ref/apps/cm33/mlkem_ref/test/speed_print.o
 .text.print_results
                0x000053c4      0x188 ./build-cm33-apps_cm33_mlkem_ref/apps/cm33/mlkem_ref/test/speed_print.o
                0x000053c4                print_results
 .text.print_calls
                0x0000554c       0x30 ./build-cm33-apps_cm33_mlkem_ref/apps/cm33/mlkem_ref/test/speed_print.o
                0x0000554c                print_calls
 .text.print_cycles
                0x0000557c       0x2c ./build-cm33-apps_cm33_mlkem_ref/apps/cm33/mlkem_ref/test/speed_print.o
                0x0000557c                print_cycles
 .text.printi.constprop.0
                0x000055a8      0x1cc ./build-cm33-apps_cm33_mlkem_ref/drivers/print_lib.o
 .text.print.constprop.0
                0x00005774      0x310 ./build-cm33-apps_cm33_mlkem_ref/drivers/print_lib.o
 .text.printf   0x00005a84       0x1c ./build-cm33-apps_cm33_mlkem_ref/drivers/print_lib.o
                0x00005a84                printf
 .text.hal_uarte_char_write
                0x00005aa0       0x64 ./build-cm33-apps_cm33_mlkem_ref/drivers/uarte.o
                0x00005aa0                hal_uarte_char_write
 .text._exit    0x00005b04        0x4 ./build-cm33-apps_cm33_mlkem_ref/drivers/retarget.o
                0x00005b04                _exit
 .text          0x00005b08       0xc8 ./build-cm33-apps_cm33_mlkem_ref/lib/nrfx/bsp/stable/mdk/gcc_startup_nrf54lm20a_application.o
                0x00005b08                Reset_Handler
                0x00005bb8                NMI_Handler
                0x00005bba                HardFault_Handler
                0x00005bbc                MemoryManagement_Handler
                0x00005bbe                BusFault_Handler
                0x00005bc0                UsageFault_Handler
                0x00005bc2                SecureFault_Handler
                0x00005bc4                SVC_Handler
                0x00005bc6                DebugMon_Handler
                0x00005bc8                PendSV_Handler
                0x00005bca                SysTick_Handler
                0x00005bcc                VREGUSB_IRQHandler
                0x00005bcc                GRTC_1_IRQHandler
                0x00005bcc                SWI02_IRQHandler
                0x00005bcc                GRTC_2_IRQHandler
                0x00005bcc                SERIAL20_IRQHandler
                0x00005bcc                WDT31_IRQHandler
                0x00005bcc                USBHS_IRQHandler
                0x00005bcc                SERIAL30_IRQHandler
                0x00005bcc                TEMP_IRQHandler
                0x00005bcc                GPIOTE30_0_IRQHandler
                0x00005bcc                AAR00_CCM00_IRQHandler
                0x00005bcc                SPU10_IRQHandler
                0x00005bcc                SERIAL23_IRQHandler
                0x00005bcc                QDEC21_IRQHandler
                0x00005bcc                MPC00_IRQHandler
                0x00005bcc                GRTC_3_IRQHandler
                0x00005bcc                EGU10_IRQHandler
                0x00005bcc                CRACEN_IRQHandler
                0x00005bcc                CM33SS_IRQHandler
                0x00005bcc                SERIAL24_IRQHandler
                0x00005bcc                ECB00_IRQHandler
                0x00005bcc                TIMER23_IRQHandler
                0x00005bcc                TAMPC_IRQHandler
                0x00005bcc                RADIO_1_IRQHandler
                0x00005bcc                Default_Handler
                0x00005bcc                TDM_IRQHandler
                0x00005bcc                SERIAL00_IRQHandler
                0x00005bcc                SPU00_IRQHandler
                0x00005bcc                PWM22_IRQHandler
                0x00005bcc                EGU00_IRQHandler
                0x00005bcc                SWI01_IRQHandler
                0x00005bcc                GPIOTE20_1_IRQHandler
                0x00005bcc                GPIOTE30_1_IRQHandler
                0x00005bcc                TIMER21_IRQHandler
                0x00005bcc                TIMER00_IRQHandler
                0x00005bcc                SERIAL21_IRQHandler
                0x00005bcc                SWI03_IRQHandler
                0x00005bcc                SAADC_IRQHandler
                0x00005bcc                PDM20_IRQHandler
                0x00005bcc                SWI00_IRQHandler
                0x00005bcc                GPIOTE20_0_IRQHandler
                0x00005bcc                TIMER24_IRQHandler
                0x00005bcc                SERIAL22_IRQHandler
                0x00005bcc                CTRLAP_IRQHandler
                0x00005bcc                SPU30_IRQHandler
                0x00005bcc                VPR00_IRQHandler
                0x00005bcc                RRAMC_IRQHandler
                0x00005bcc                RADIO_0_IRQHandler
                0x00005bcc                GRTC_0_IRQHandler
                0x00005bcc                NFCT_IRQHandler
                0x00005bcc                SPU20_IRQHandler
                0x00005bcc                EGU20_IRQHandler
                0x00005bcc                TIMER10_IRQHandler
                0x00005bcc                PDM21_IRQHandler
                0x00005bcc                TIMER20_IRQHandler
                0x00005bcc                TIMER22_IRQHandler
                0x00005bcc                QDEC20_IRQHandler
                0x00005bcc                PWM20_IRQHandler
                0x00005bcc                COMP_LPCOMP_IRQHandler
                0x00005bcc                PWM21_IRQHandler
                0x00005bcc                WDT30_IRQHandler
                0x00005bcc                CLOCK_POWER_IRQHandler
 .text.SystemInit
                0x00005bd0      0x1cc ./build-cm33-apps_cm33_mlkem_ref/lib/nrfx/bsp/stable/mdk/system_nrf54l.o
                0x00005bd0                SystemInit
 .text          0x00005d9c       0x30 /usr/lib/gcc/arm-none-eabi/13.2.1/thumb/v8-m.main+fp/hard/libgcc.a(_aeabi_uldivmod.o)
                0x00005d9c                __aeabi_uldivmod
 .text          0x00005dcc      0x300 /usr/lib/gcc/arm-none-eabi/13.2.1/thumb/v8-m.main+fp/hard/libgcc.a(_udivmoddi4.o)
                0x00005dcc                __udivmoddi4
 .text          0x000060cc        0x4 /usr/lib/gcc/arm-none-eabi/13.2.1/thumb/v8-m.main+fp/hard/libgcc.a(_dvmd_tls.o)
                0x000060cc                __aeabi_ldiv0
                0x000060cc                __aeabi_idiv0
 .text          0x000060d0      0x628 /usr/lib/gcc/arm-none-eabi/13.2.1/../../../arm-none-eabi/lib/thumb/v8-m.main+fp/hard/libc_nano.a(libc_a-qsort.o)
                0x000060d0                qsort
 .text          0x000066f8       0x50 /usr/lib/gcc/arm-none-eabi/13.2.1/../../../arm-none-eabi/lib/thumb/v8-m.main+fp/hard/libc_nano.a(libc_a-init.o)
                0x000066f8                __libc_init_array
 .text          0x00006748       0xa4 /usr/lib/gcc/arm-none-eabi/13.2.1/../../../arm-none-eabi/lib/thumb/v8-m.main+fp/hard/libc_nano.a(libc_a-memset.o)
                0x00006748                memset
 .text          0x000067ec       0xec /usr/lib/gcc/arm-none-eabi/13.2.1/../../../arm-none-eabi/lib/thumb/v8-m.main+fp/hard/libc_nano.a(libc_a-memcpy.o)
                0x000067ec                memcpy
 .text          0x000068d8       0x24 /usr/lib/gcc/arm-none-eabi/13.2.1/../../../arm-none-eabi/lib/thumb/v8-m.main+fp/hard/libc_nano.a(libc_a-exit.o)
                0x000068d8                exit
 .text          0x000068fc        0xc /usr/lib/gcc/arm-none-eabi/13.2.1/../../../arm-none-eabi/lib/thumb/v8-m.main+fp/hard/libc_nano.a(libc_a-atexit.o)
                0x000068fc                atexit
 .text          0x00006908       0x28 /usr/lib/gcc/arm-none-eabi/13.2.1/../../../arm-none-eabi/lib/thumb/v8-m.main+fp/hard/libc_nano.a(libc_a-fini.o)
                0x00006908                __libc_fini_array
 .text          0x00006930       0xac /usr/lib/gcc/arm-none-eabi/13.2.1/../../../arm-none-eabi/lib/thumb/v8-m.main+fp/hard/libc_nano.a(libc_a-__atexit.o)
                0x00006930                __register_exitproc
 .text          0x000069dc       0xc0 /usr/lib/gcc/arm-none-eabi/13.2.1/../../../arm-none-eabi/lib/thumb/v8-m.main+fp/hard/libc_nano.a(libc_a-__call_atexit.o)
                0x000069dc                __call_exitprocs
                0x00006a9c                        . = ALIGN (0x4)
 *(.init)
 .init          0x00006a9c        0x4 /usr/lib/gcc/arm-none-eabi/13.2.1/thumb/v8-m.main+fp/hard/crti.o
                0x00006a9c                _init
 .init          0x00006aa0        0x8 /usr/lib/gcc/arm-none-eabi/13.2.1/thumb/v8-m.main+fp/hard/crtn.o
                0x00006aa8                        . = ALIGN (0x4)
                0x00006aa8                        __preinit_array_start = .
 *(.preinit_array)
                0x00006aa8                        __preinit_array_end = .
                0x00006aa8                        . = ALIGN (0x4)
                0x00006aa8                        __init_array_start = .
 *(SORT_BY_NAME(.init_array.*))
 *(.init_array)
 .init_array    0x00006aa8        0x4 /usr/lib/gcc/arm-none-eabi/13.2.1/thumb/v8-m.main+fp/hard/crtbegin.o
                0x00006aac                        __init_array_end = .
 *(.fini)
 .fini          0x00006aac        0x4 /usr/lib/gcc/arm-none-eabi/13.2.1/thumb/v8-m.main+fp/hard/crti.o
                0x00006aac                _fini
 .fini          0x00006ab0        0x8 /usr/lib/gcc/arm-none-eabi/13.2.1/thumb/v8-m.main+fp/hard/crtn.o
                0x00006ab8                        . = ALIGN (0x4)
                0x00006ab8                        __fini_array_start = .
 *(.fini_array)
 .fini_array    0x00006ab8        0x4 /usr/lib/gcc/arm-none-eabi/13.2.1/thumb/v8-m.main+fp/hard/crtbegin.o
 *(SORT_BY_NAME(.fini_array.*))
                0x00006abc                        __fini_array_end = .
                0x00006abc                        . = ALIGN (0x4)
 *(.eh_frame*)
 .eh_frame      0x00006abc        0x0 /usr/lib/gcc/arm-none-eabi/13.2.1/thumb/v8-m.main+fp/hard/crtbegin.o
 .eh_frame      0x00006abc       0x2c /usr/lib/gcc/arm-none-eabi/13.2.1/../../../arm-none-eabi/lib/thumb/v8-m.main+fp/hard/libc_nano.a(libc_a-memcpy.o)
 .eh_frame      0x00006ae8        0x4 /usr/lib/gcc/arm-none-eabi/13.2.1/thumb/v8-m.main+fp/hard/crtend.o
                0x00006aec                        . = ALIGN (0x4)
 *(.eh_frame_hdr)
                0x00006aec                        . = ALIGN (0x4)
 *(.hash)
 *(.gnu.hash)
                0x00006aec                        . = ALIGN (0x4)
 *(.gnu_extab* .gnu.linkonce.extab.*)
                0x00006aec                        . = ALIGN (0x4)
                0x00006aec                        __exidx_start = .
 *(.gnu_exidx* .gnu.linkonce.exidx.*)
                0x00006aec                        . = ALIGN (0x4)
                0x00006aec                        __exidx_end = .
                0x00005d38                        __text_size = SIZEOF (.text)
                0x00006aec                        __text_end = (__text_start + __text_size)
                0x00000001                        ASSERT (((__text_start == __text_end) || ((__text_end - ORIGIN (FLASH)) <= LENGTH (FLASH))), error: .text is too large to fit in FLASH memory segment)

.glue_7         0x00006aec        0x0
 .glue_7        0x00006aec        0x0 linker stubs

.glue_7t        0x00006aec        0x0
 .glue_7t       0x00006aec        0x0 linker stubs

.vfp11_veneer   0x00006aec        0x0
 .vfp11_veneer  0x00006aec        0x0 linker stubs

.v4_bx          0x00006aec        0x0
 .v4_bx         0x00006aec        0x0 linker stubs

.iplt           0x00006aec        0x0
 .iplt          0x00006aec        0x0 /usr/lib/gcc/arm-none-eabi/13.2.1/thumb/v8-m.main+fp/hard/crtbegin.o

.rel.dyn        0x00006aec        0x0
 .rel.iplt      0x00006aec        0x0 /usr/lib/gcc/arm-none-eabi/13.2.1/thumb/v8-m.main+fp/hard/crtbegin.o
                0x00006aec                        . = ALIGN (0x4)

.copy.table     0x00006aec       0x30
                0x00006aec                        __copy_table_start__ = .
                0x00006aec        0x4 LONG 0x6b34 __data_load_start
                0x00006af0        0x4 LONG 0x20000000 __data_start
                0x00006af4        0x4 LONG 0x16 ((__data_end - __data_start) / 0x4)
                0x00006af8        0x4 LONG 0x6b8c __sdata_load_start
                0x00006afc        0x4 LONG 0x20000058 __sdata_start
                0x00006b00        0x4 LONG 0x0 ((__sdata_end - __sdata_start) / 0x4)
                0x00006b04        0x4 LONG 0x6b8c __tdata_load_start
                0x00006b08        0x4 LONG 0x20000058 __tdata_start
                0x00006b0c        0x4 LONG 0x0 ((__tdata_end - __tdata_start) / 0x4)
                0x00006b10        0x4 LONG 0x6b8c __fast_load_start
                0x00006b14        0x4 LONG 0x20000058 __fast_start
                0x00006b18        0x4 LONG 0x0 ((__fast_end - __fast_start) / 0x4)
                0x00006b1c                        __copy_table_end__ = .
                0x00006b1c                        . = ALIGN (0x4)

.zero.table     0x00006b1c       0x18
                0x00006b1c                        __zero_table_start__ = .
                0x00006b1c        0x4 LONG 0x20000058 __bss_start
                0x00006b20        0x4 LONG 0xc2 ((__bss_end - __bss_start) / 0x4)
                0x00006b24        0x4 LONG 0x20000360 __sbss_start
                0x00006b28        0x4 LONG 0x0 ((__sbss_end - __sbss_start) / 0x4)
                0x00006b2c        0x4 LONG 0x20000360 __tbss_start
                0x00006b30        0x4 LONG 0x0 ((__tbss_end - __tbss_start) / 0x4)
                0x00006b34                        __zero_table_end__ = .
                0x00006b34                        . = ALIGN (0x4)
                0x00006b34                        __etext = .
                [!provide]                        PROVIDE (etext = .)
                0x00006b34                        PROVIDE (_etext = .)
                0x00006b34                        . = ALIGN (0x4)
                0x00006b34                        __all_data_load_start = .
                0x00006b34                        __data_load_start = .

.data           0x20000000       0x58 load address 0x00006b34
                0x20000000                        . = ALIGN (0x4)
                0x20000000                        __data_start = .
                0x20000000                        __data_start__ = .
 *(vtable)
 *(.data* .gnu.linkonce.d.*)
 .data.overhead.0
                0x20000000        0x8 ./build-cm33-apps_cm33_mlkem_ref/apps/cm33/mlkem_ref/test/speed_print.o
 .data          0x20000008       0x50 /usr/lib/gcc/arm-none-eabi/13.2.1/../../../arm-none-eabi/lib/thumb/v8-m.main+fp/hard/libc_nano.a(libc_a-impure.o)
                0x20000008                _impure_ptr
                0x2000000c                _impure_data
                0x20000058                        . = ALIGN (0x4)
 *(.jcr*)
                0x00000058                        __data_size = SIZEOF (.data)
                0x20000058                        __data_end = (__data_start + __data_size)
                0x20000058                        __data_end__ = __data_end
                0x00006b8c                        __data_load_end = (__data_load_start + __data_size)
                0x00000001                        ASSERT (((__data_load_start == __data_load_end) || ((__data_load_end - ORIGIN (FLASH)) <= LENGTH (FLASH))), error: .data is too large to fit in FLASH memory segment)
                0x00000001                        ASSERT (((__data_start == __data_end) || ((__data_end - ORIGIN (RAM)) <= LENGTH (RAM))), error: .data is too large to fit in RAM memory segment)

.tm_clone_table
                0x20000058        0x0 load address 0x00006b8c
 .tm_clone_table
                0x20000058        0x0 /usr/lib/gcc/arm-none-eabi/13.2.1/thumb/v8-m.main+fp/hard/crtbegin.o
 .tm_clone_table
                0x20000058        0x0 /usr/lib/gcc/arm-none-eabi/13.2.1/thumb/v8-m.main+fp/hard/crtend.o

.igot.plt       0x20000058        0x0 load address 0x00006b8c
 .igot.plt      0x20000058        0x0 /usr/lib/gcc/arm-none-eabi/13.2.1/thumb/v8-m.main+fp/hard/crtbegin.o
                0x20000058                        . = ALIGN (0x4)
                0x00006b8c                        __sdata_load_start = ALIGN (__data_load_end, 0x4)

.sdata          0x20000058        0x0 load address 0x00006b8c
                0x20000058                        . = ALIGN (0x4)
                0x20000058                        __sdata_start = .
 *(.sdata .sdata.* .gnu.linkonce.s.*)
 *(.sdata2 .sdata2.* .gnu.linkonce.s2.*)
                0x20000058                        . = ALIGN (0x4)
                0x00000000                        __sdata_size = SIZEOF (.sdata)
                0x20000058                        __sdata_end = (__sdata_start + __sdata_size)
                0x00006b8c                        __sdata_load_end = (__sdata_load_start + __sdata_size)
                0x00000001                        ASSERT (((__sdata_load_start == __sdata_load_end) || ((__sdata_load_end - ORIGIN (FLASH)) <= LENGTH (FLASH))), error: .sdata is too large to fit in FLASH memory segment)
                0x00000001                        ASSERT (((__sdata_start == __sdata_end) || ((__sdata_end - ORIGIN (RAM)) <= LENGTH (RAM))), error: .sdata is too large to fit in RAM memory segment)
                0x20000058                        . = ALIGN (0x4)
                0x00006b8c                        __tdata_load_start = ALIGN (__sdata_load_end, 0x4)

.tdata          0x20000058        0x0 load address 0x00006b8c
                0x20000058                        . = ALIGN (0x4)
                0x20000058                        __tdata_start = .
 *(.tdata .tdata.* .gnu.linkonce.td.*)
 *(.stdata .stdata.*)
                0x20000058                        . = ALIGN (0x4)
                0x00000000                        __tdata_size = SIZEOF (.tdata)
                0x20000058                        __tdata_end = (__tdata_start + __tdata_size)
                0x00006b8c                        __tdata_load_end = (__tdata_load_start + __tdata_size)
                0x00000001                        ASSERT (((__tdata_load_start == __tdata_load_end) || ((__tdata_load_end - ORIGIN (FLASH)) <= LENGTH (FLASH))), error: .tdata is too large to fit in FLASH memory segment)
                0x00000001                        ASSERT (((__tdata_start == __tdata_end) || ((__tdata_end - ORIGIN (RAM)) <= LENGTH (RAM))), error: .tdata is too large to fit in RAM memory segment)
                0x20000058                        . = ALIGN (0x4)
                0x00006b8c                        __fast_load_start = ALIGN (__tdata_load_end, 0x4)

.fast           0x20000058        0x0 load address 0x00006b8c
                0x20000058                        . = ALIGN (0x4)
                0x20000058                        __fast_start = .
 *(.fast .fast.*)
 *(.fastcode .fastcode.*)
 *(.fastdata .fastdata.*)
 *(.ramcode*)
                0x20000058                        . = ALIGN (0x4)
                0x00000000                        __fast_size = SIZEOF (.fast)
                0x20000058                        __fast_end = (__fast_start + __fast_size)
                0x00006b8c                        __fast_load_end = (__fast_load_start + __fast_size)
                0x00000001                        ASSERT (((__fast_load_start == __fast_load_end) || ((__fast_load_end - ORIGIN (FLASH)) <= LENGTH (FLASH))), error: .fast is too large to fit in FLASH memory segment)
                0x00000001                        ASSERT (((__fast_start == __fast_end) || ((__fast_end - ORIGIN (RAM)) <= LENGTH (RAM))), error: .fast is too large to fit in RAM memory segment)
                0x20000058                        . = ALIGN (0x4)
                0x20000058                        _edata = .
                [!provide]                        PROVIDE (edata = .)
                [!provide]                        PROVIDE (__edata = .)
                0x20000058                        . = ALIGN (0x4)

.noinit         0x20000058        0x0
                0x20000058                        __noinit_start = .
                [!provide]                        PROVIDE (__noinit_start__ = .)
 *(.noinit .noinit.*)
 *(.no_init .no_init.*)
 *(.noninit .noninit.*)
 *(.non_init .non_init.*)
                0x20000058                        . = ALIGN (0x4)
                0x00000000                        __noinit_size = SIZEOF (.noinit)
                0x20000058                        __noinit_end = (__noinit_start + __noinit_size)
                0x20000058                        __noinit_end__ = __noinit_end
                0x00000001                        ASSERT (((__noinit_start == __noinit_end) || ((__noinit_end - ORIGIN (RAM)) <= LENGTH (RAM))), error: .noinit is too large to fit in RAM memory segment)
                0x20000058                        . = ALIGN (0x4)

.bss            0x20000058      0x308 load address 0x00006b8c
                0x20000058                        __bss_start = .
                0x20000058                        PROVIDE (__bss_start__ = .)
 *(.bss* .gnu.linkonce.b.*)
 .bss           0x20000058       0x1c /usr/lib/gcc/arm-none-eabi/13.2.1/thumb/v8-m.main+fp/hard/crtbegin.o
 .bss.seed      0x20000074       0x20 ./build-cm33-apps_cm33_mlkem_ref/apps/cm33/mlkem_ref/test/test_speed.o
                0x20000074                seed
 *fill*         0x20000094        0x4 
 .bss.t         0x20000098       0x50 ./build-cm33-apps_cm33_mlkem_ref/apps/cm33/mlkem_ref/test/test_speed.o
                0x20000098                t
 .bss.rej_uniform_cyc
                0x200000e8        0x4 ./build-cm33-apps_cm33_mlkem_ref/apps/cm33/mlkem_ref/test/test_speed.o
                0x200000e8                rej_uniform_cyc
 .bss.n_rej_uniform
                0x200000ec        0x4 ./build-cm33-apps_cm33_mlkem_ref/apps/cm33/mlkem_ref/test/test_speed.o
                0x200000ec                n_rej_uniform
 .bss.n_rkprf   0x200000f0        0x4 ./build-cm33-apps_cm33_mlkem_ref/apps/cm33/mlkem_ref/test/test_speed.o
                0x200000f0                n_rkprf
 .bss.rkprf_cyc
                0x200000f4        0x4 ./build-cm33-apps_cm33_mlkem_ref/apps/cm33/mlkem_ref/test/test_speed.o
                0x200000f4                rkprf_cyc
 .bss.gen_matrix_cyc
                0x200000f8        0x4 ./build-cm33-apps_cm33_mlkem_ref/apps/cm33/mlkem_ref/test/test_speed.o
                0x200000f8                gen_matrix_cyc
 .bss.n_gen_matrix
                0x200000fc        0x4 ./build-cm33-apps_cm33_mlkem_ref/apps/cm33/mlkem_ref/test/test_speed.o
                0x200000fc                n_gen_matrix
 .bss.sha3_512_cyc
                0x20000100        0x4 ./build-cm33-apps_cm33_mlkem_ref/apps/cm33/mlkem_ref/test/test_speed.o
                0x20000100                sha3_512_cyc
 .bss.n_sha3_512
                0x20000104        0x4 ./build-cm33-apps_cm33_mlkem_ref/apps/cm33/mlkem_ref/test/test_speed.o
                0x20000104                n_sha3_512
 .bss.n_sha3_256
                0x20000108        0x4 ./build-cm33-apps_cm33_mlkem_ref/apps/cm33/mlkem_ref/test/test_speed.o
                0x20000108                n_sha3_256
 .bss.sha3_256_cyc
                0x2000010c        0x4 ./build-cm33-apps_cm33_mlkem_ref/apps/cm33/mlkem_ref/test/test_speed.o
                0x2000010c                sha3_256_cyc
 .bss.shake128_cyc
                0x20000110        0x4 ./build-cm33-apps_cm33_mlkem_ref/apps/cm33/mlkem_ref/test/test_speed.o
                0x20000110                shake128_cyc
 .bss.shake256_cyc
                0x20000114        0x4 ./build-cm33-apps_cm33_mlkem_ref/apps/cm33/mlkem_ref/test/test_speed.o
                0x20000114                shake256_cyc
 .bss.n_shake128
                0x20000118        0x4 ./build-cm33-apps_cm33_mlkem_ref/apps/cm33/mlkem_ref/test/test_speed.o
                0x20000118                n_shake128
 .bss.n_shake256
                0x2000011c        0x4 ./build-cm33-apps_cm33_mlkem_ref/apps/cm33/mlkem_ref/test/test_speed.o
                0x2000011c                n_shake256
 .bss.polyvec_decompress_cyc
                0x20000120        0x4 ./build-cm33-apps_cm33_mlkem_ref/apps/cm33/mlkem_ref/test/test_speed.o
                0x20000120                polyvec_decompress_cyc
 .bss.polyvec_compress_cyc
                0x20000124        0x4 ./build-cm33-apps_cm33_mlkem_ref/apps/cm33/mlkem_ref/test/test_speed.o
                0x20000124                polyvec_compress_cyc
 .bss.n_polyvec_decompress
                0x20000128        0x4 ./build-cm33-apps_cm33_mlkem_ref/apps/cm33/mlkem_ref/test/test_speed.o
                0x20000128                n_polyvec_decompress
 .bss.n_polyvec_compress
                0x2000012c        0x4 ./build-cm33-apps_cm33_mlkem_ref/apps/cm33/mlkem_ref/test/test_speed.o
                0x2000012c                n_polyvec_compress
 .bss.montgomery_cyc
                0x20000130        0x4 ./build-cm33-apps_cm33_mlkem_ref/apps/cm33/mlkem_ref/test/test_speed.o
                0x20000130                montgomery_cyc
 .bss.barrett_cyc
                0x20000134        0x4 ./build-cm33-apps_cm33_mlkem_ref/apps/cm33/mlkem_ref/test/test_speed.o
                0x20000134                barrett_cyc
 .bss.n_montgomery
                0x20000138        0x4 ./build-cm33-apps_cm33_mlkem_ref/apps/cm33/mlkem_ref/test/test_speed.o
                0x20000138                n_montgomery
 .bss.n_barrett
                0x2000013c        0x4 ./build-cm33-apps_cm33_mlkem_ref/apps/cm33/mlkem_ref/test/test_speed.o
                0x2000013c                n_barrett
 .bss.poly_cbd_eta1_cyc
                0x20000140        0x4 ./build-cm33-apps_cm33_mlkem_ref/apps/cm33/mlkem_ref/test/test_speed.o
                0x20000140                poly_cbd_eta1_cyc
 .bss.n_poly_cbd_eta1
                0x20000144        0x4 ./build-cm33-apps_cm33_mlkem_ref/apps/cm33/mlkem_ref/test/test_speed.o
                0x20000144                n_poly_cbd_eta1
 .bss.poly_cbd_eta2_cyc
                0x20000148        0x4 ./build-cm33-apps_cm33_mlkem_ref/apps/cm33/mlkem_ref/test/test_speed.o
                0x20000148                poly_cbd_eta2_cyc
 .bss.n_poly_cbd_eta2
                0x2000014c        0x4 ./build-cm33-apps_cm33_mlkem_ref/apps/cm33/mlkem_ref/test/test_speed.o
                0x2000014c                n_poly_cbd_eta2
 .bss.poly_add_cyc
                0x20000150        0x4 ./build-cm33-apps_cm33_mlkem_ref/apps/cm33/mlkem_ref/test/test_speed.o
                0x20000150                poly_add_cyc
 .bss.poly_sub_cyc
                0x20000154        0x4 ./build-cm33-apps_cm33_mlkem_ref/apps/cm33/mlkem_ref/test/test_speed.o
                0x20000154                poly_sub_cyc
 .bss.basemul_cyc
                0x20000158        0x4 ./build-cm33-apps_cm33_mlkem_ref/apps/cm33/mlkem_ref/test/test_speed.o
                0x20000158                basemul_cyc
 .bss.n_basemul
                0x2000015c        0x4 ./build-cm33-apps_cm33_mlkem_ref/apps/cm33/mlkem_ref/test/test_speed.o
                0x2000015c                n_basemul
 .bss.n_poly_sub
                0x20000160        0x4 ./build-cm33-apps_cm33_mlkem_ref/apps/cm33/mlkem_ref/test/test_speed.o
                0x20000160                n_poly_sub
 .bss.n_poly_add
                0x20000164        0x4 ./build-cm33-apps_cm33_mlkem_ref/apps/cm33/mlkem_ref/test/test_speed.o
                0x20000164                n_poly_add
 .bss.poly_decompress_cyc
                0x20000168        0x4 ./build-cm33-apps_cm33_mlkem_ref/apps/cm33/mlkem_ref/test/test_speed.o
                0x20000168                poly_decompress_cyc
 .bss.poly_compress_cyc
                0x2000016c        0x4 ./build-cm33-apps_cm33_mlkem_ref/apps/cm33/mlkem_ref/test/test_speed.o
                0x2000016c                poly_compress_cyc
 .bss.n_poly_decompress
                0x20000170        0x4 ./build-cm33-apps_cm33_mlkem_ref/apps/cm33/mlkem_ref/test/test_speed.o
                0x20000170                n_poly_decompress
 .bss.n_poly_compress
                0x20000174        0x4 ./build-cm33-apps_cm33_mlkem_ref/apps/cm33/mlkem_ref/test/test_speed.o
                0x20000174                n_poly_compress
 .bss.inv_ntt_cyc
                0x20000178        0x4 ./build-cm33-apps_cm33_mlkem_ref/apps/cm33/mlkem_ref/test/test_speed.o
                0x20000178                inv_ntt_cyc
 .bss.ntt_cyc   0x2000017c        0x4 ./build-cm33-apps_cm33_mlkem_ref/apps/cm33/mlkem_ref/test/test_speed.o
                0x2000017c                ntt_cyc
 .bss.statepermute_cyc
                0x20000180        0x4 ./build-cm33-apps_cm33_mlkem_ref/apps/cm33/mlkem_ref/test/test_speed.o
                0x20000180                statepermute_cyc
 .bss.n_invntt  0x20000184        0x4 ./build-cm33-apps_cm33_mlkem_ref/apps/cm33/mlkem_ref/test/test_speed.o
                0x20000184                n_invntt
 .bss.n_ntt     0x20000188        0x4 ./build-cm33-apps_cm33_mlkem_ref/apps/cm33/mlkem_ref/test/test_speed.o
                0x20000188                n_ntt
 .bss.n_statepermute
                0x2000018c        0x4 ./build-cm33-apps_cm33_mlkem_ref/apps/cm33/mlkem_ref/test/test_speed.o
                0x2000018c                n_statepermute
 .bss.m_tx_buf.0
                0x20000190        0x1 ./build-cm33-apps_cm33_mlkem_ref/drivers/uarte.o
 .bss.m_initialized
                0x20000191        0x1 ./build-cm33-apps_cm33_mlkem_ref/drivers/uarte.o
 *fill*         0x20000192        0x2 
 .bss           0x20000194      0x13c /usr/lib/gcc/arm-none-eabi/13.2.1/../../../arm-none-eabi/lib/thumb/v8-m.main+fp/hard/libc_nano.a(libc_a-findfp.o)
                0x20000194                __sf
                0x200002cc                __stdio_exit_handler
 .bss           0x200002d0       0x8c /usr/lib/gcc/arm-none-eabi/13.2.1/../../../arm-none-eabi/lib/thumb/v8-m.main+fp/hard/libc_nano.a(libc_a-__atexit.o)
                0x200002d0                __atexit0
 .bss           0x2000035c        0x4 /usr/lib/gcc/arm-none-eabi/13.2.1/../../../arm-none-eabi/lib/thumb/v8-m.main+fp/hard/libc_nano.a(libc_a-__call_atexit.o)
                0x2000035c                __atexit
 *(.dynbss)
 *(COMMON)
                0x20000360                        . = ALIGN (0x4)
                0x00000308                        __bss_size = SIZEOF (.bss)
                0x20000360                        __bss_end = (__bss_start + __bss_size)
                0x20000360                        __bss_end__ = __bss_end
                0x00000001                        ASSERT (((__bss_start == __bss_end) || ((__bss_end - ORIGIN (RAM)) <= LENGTH (RAM))), error: .bss is too large to fit in RAM memory segment)
                0x20000360                        . = ALIGN (0x4)

.sbss           0x20000360        0x0
                0x20000360                        __sbss_start = .
                0x20000360                        __sbss_start__ = __sbss_start
 *(.sbss .sbss.* .gnu.linkonce.sb.*)
 *(.sbss2 .sbss2.* .gnu.linkonce.sb2.*)
 *(.dynsbss)
                0x20000360                        . = ALIGN (0x4)
                0x00000000                        __sbss_size = SIZEOF (.sbss)
                0x20000360                        __sbss_end = (__sbss_start + __sbss_size)
                0x20000360                        __sbss_end__ = __sbss_end
                0x00000001                        ASSERT (((__sbss_start == __sbss_end) || ((__sbss_end - ORIGIN (RAM)) <= LENGTH (RAM))), error: .sbss is too large to fit in RAM memory segment)
                0x20000360                        . = ALIGN (0x4)

.tbss           0x20000360        0x0
                0x20000360                        __tbss_start = .
                0x20000360                        __tbss_start__ = __tbss_start
                0x20000360                        . = ALIGN (0x4)
 *(.tbss .tbss.* .gnu.linkonce.tb.*)
 *(.tcommon)
 *(.stbss .stbss.*)
                0x20000360                        . = ALIGN (0x4)
                0x00000000                        __tbss_size = SIZEOF (.tbss)
                0x20000360                        __tbss_end = (__tbss_start + __tbss_size)
                0x20000360                        __tbss_end__ = __tbss_end
                0x00000001                        ASSERT (((__tbss_start == __tbss_end) || ((__tbss_end - ORIGIN (RAM)) <= LENGTH (RAM))), error: .tbss is too large to fit in RAM memory segment)
                0x20000360                        . = ALIGN (0x4)
                0x20000360                        . = SEGMENT_START ("ldata-segment", .)
                0x20000360                        . = ALIGN (0x4)

.heap           0x20000360        0x0
                0x20000360                        __heap_start = .
                0x20000360                        __HeapBase = .
                0x20000360                        __heap_base = .
                0x20000360                        __end = .
                [!provide]                        PROVIDE (end = .)
                [!provide]                        PROVIDE (_end = .)
                [!provide]                        PROVIDE (__end__ = .)
 *(.heap*)
 .heap          0x20000360        0x0 ./build-cm33-apps_cm33_mlkem_ref/lib/nrfx/bsp/stable/mdk/gcc_startup_nrf54lm20a_application.o
                0x20000360                        __HeapLimit = .
                0x20000360                        __heap_limit = .
                0x20000360                        __heap_end = .

.stack_dummy    0x20000360      0x400
 *(.stack*)
 .stack         0x20000360      0x400 ./build-cm33-apps_cm33_mlkem_ref/lib/nrfx/bsp/stable/mdk/gcc_startup_nrf54lm20a_application.o
                0x20010000                        __stack_end = (ORIGIN (RAM) + LENGTH (RAM))
                0x20010000                        __StackTop = (ORIGIN (RAM) + LENGTH (RAM))
                0x2000fc00                        __StackLimit = (__StackTop - SIZEOF (.stack_dummy))
                0x20010000                        PROVIDE (__stack = __StackTop)
                0x00000001                        ASSERT ((__StackLimit >= __HeapLimit), region RAM overflowed with stack)
                0x00000058                        DataInitFlashUsed = (__bss_start - __data_start)
                0x00006b34                        CodeFlashUsed = (_etext - ORIGIN (FLASH))
                0x00006b8c                        TotalFlashUsed = (CodeFlashUsed + DataInitFlashUsed)
                0x00000001                        ASSERT ((TotalFlashUsed <= LENGTH (FLASH)), region FLASH overflowed with .data and user data)
OUTPUT(build-cm33-apps_cm33_mlkem_ref/firmware.elf elf32-littlearm)
LOAD linker stubs

.ARM.attributes
                0x00000000       0x36
 .ARM.attributes
                0x00000000       0x26 /usr/lib/gcc/arm-none-eabi/13.2.1/thumb/v8-m.main+fp/hard/crti.o
 .ARM.attributes
                0x00000026       0x38 /usr/lib/gcc/arm-none-eabi/13.2.1/thumb/v8-m.main+fp/hard/crtbegin.o
 .ARM.attributes
                0x0000005e       0x24 /usr/lib/gcc/arm-none-eabi/13.2.1/../../../arm-none-eabi/lib/thumb/v8-m.main+fp/hard/crt0.o
 .ARM.attributes
                0x00000082       0x3a ./build-cm33-apps_cm33_mlkem_ref/apps/cm33/mlkem_ref/cbd.o
 .ARM.attributes
                0x000000bc       0x3a ./build-cm33-apps_cm33_mlkem_ref/apps/cm33/mlkem_ref/fips202.o
 .ARM.attributes
                0x000000f6       0x3a ./build-cm33-apps_cm33_mlkem_ref/apps/cm33/mlkem_ref/indcpa.o
 .ARM.attributes
                0x00000130       0x3a ./build-cm33-apps_cm33_mlkem_ref/apps/cm33/mlkem_ref/kem.o
 .ARM.attributes
                0x0000016a       0x3a ./build-cm33-apps_cm33_mlkem_ref/apps/cm33/mlkem_ref/ntt.o
 .ARM.attributes
                0x000001a4       0x3a ./build-cm33-apps_cm33_mlkem_ref/apps/cm33/mlkem_ref/poly.o
 .ARM.attributes
                0x000001de       0x3a ./build-cm33-apps_cm33_mlkem_ref/apps/cm33/mlkem_ref/polyvec.o
 .ARM.attributes
                0x00000218       0x3a ./build-cm33-apps_cm33_mlkem_ref/apps/cm33/mlkem_ref/reduce.o
 .ARM.attributes
                0x00000252       0x3a ./build-cm33-apps_cm33_mlkem_ref/apps/cm33/mlkem_ref/verify.o
 .ARM.attributes
                0x0000028c       0x3a ./build-cm33-apps_cm33_mlkem_ref/apps/cm33/mlkem_ref/symmetric-shake.o
 .ARM.attributes
                0x000002c6       0x3a ./build-cm33-apps_cm33_mlkem_ref/apps/cm33/mlkem_ref/randombytes.o
 .ARM.attributes
                0x00000300       0x3a ./build-cm33-apps_cm33_mlkem_ref/apps/cm33/mlkem_ref/test/test_speed.o
 .ARM.attributes
                0x0000033a       0x3a ./build-cm33-apps_cm33_mlkem_ref/apps/cm33/mlkem_ref/test/cpucycles.o
 .ARM.attributes
                0x00000374       0x3a ./build-cm33-apps_cm33_mlkem_ref/apps/cm33/mlkem_ref/test/speed_print.o
 .ARM.attributes
                0x000003ae       0x3a ./build-cm33-apps_cm33_mlkem_ref/drivers/print_lib.o
 .ARM.attributes
                0x000003e8       0x3a ./build-cm33-apps_cm33_mlkem_ref/drivers/uarte.o
 .ARM.attributes
                0x00000422       0x3a ./build-cm33-apps_cm33_mlkem_ref/drivers/retarget.o
 .ARM.attributes
                0x0000045c       0x24 ./build-cm33-apps_cm33_mlkem_ref/lib/nrfx/bsp/stable/mdk/gcc_startup_nrf54lm20a_application.o
 .ARM.attributes
                0x00000480       0x3a ./build-cm33-apps_cm33_mlkem_ref/lib/nrfx/bsp/stable/mdk/system_nrf54l.o
 .ARM.attributes
                0x000004ba       0x26 /usr/lib/gcc/arm-none-eabi/13.2.1/thumb/v8-m.main+fp/hard/libgcc.a(_aeabi_uldivmod.o)
 .ARM.attributes
                0x000004e0       0x38 /usr/lib/gcc/arm-none-eabi/13.2.1/thumb/v8-m.main+fp/hard/libgcc.a(_udivmoddi4.o)
 .ARM.attributes
                0x00000518       0x26 /usr/lib/gcc/arm-none-eabi/13.2.1/thumb/v8-m.main+fp/hard/libgcc.a(_dvmd_tls.o)
 .ARM.attributes
                0x0000053e       0x38 /usr/lib/gcc/arm-none-eabi/13.2.1/../../../arm-none-eabi/lib/thumb/v8-m.main+fp/hard/libc_nano.a(libc_a-qsort.o)
 .ARM.attributes
                0x00000576       0x38 /usr/lib/gcc/arm-none-eabi/13.2.1/../../../arm-none-eabi/lib/thumb/v8-m.main+fp/hard/libc_nano.a(libc_a-impure.o)
 .ARM.attributes
                0x000005ae       0x38 /usr/lib/gcc/arm-none-eabi/13.2.1/../../../arm-none-eabi/lib/thumb/v8-m.main+fp/hard/libc_nano.a(libc_a-init.o)
 .ARM.attributes
                0x000005e6       0x38 /usr/lib/gcc/arm-none-eabi/13.2.1/../../../arm-none-eabi/lib/thumb/v8-m.main+fp/hard/libc_nano.a(libc_a-memset.o)
 .ARM.attributes
                0x0000061e       0x24 /usr/lib/gcc/arm-none-eabi/13.2.1/../../../arm-none-eabi/lib/thumb/v8-m.main+fp/hard/libc_nano.a(libc_a-memcpy.o)
 .ARM.attributes
                0x00000642       0x38 /usr/lib/gcc/arm-none-eabi/13.2.1/../../../arm-none-eabi/lib/thumb/v8-m.main+fp/hard/libc_nano.a(libc_a-exit.o)
 .ARM.attributes
                0x0000067a       0x38 /usr/lib/gcc/arm-none-eabi/13.2.1/../../../arm-none-eabi/lib/thumb/v8-m.main+fp/hard/libc_nano.a(libc_a-atexit.o)
 .ARM.attributes
                0x000006b2       0x38 /usr/lib/gcc/arm-none-eabi/13.2.1/../../../arm-none-eabi/lib/thumb/v8-m.main+fp/hard/libc_nano.a(libc_a-fini.o)
 .ARM.attributes
                0x000006ea       0x38 /usr/lib/gcc/arm-none-eabi/13.2.1/../../../arm-none-eabi/lib/thumb/v8-m.main+fp/hard/libc_nano.a(libc_a-findfp.o)
 .ARM.attributes
                0x00000722       0x38 /usr/lib/gcc/arm-none-eabi/13.2.1/../../../arm-none-eabi/lib/thumb/v8-m.main+fp/hard/libc_nano.a(libc_a-__atexit.o)
 .ARM.attributes
                0x0000075a       0x38 /usr/lib/gcc/arm-none-eabi/13.2.1/../../../arm-none-eabi/lib/thumb/v8-m.main+fp/hard/libc_nano.a(libc_a-__call_atexit.o)
 .ARM.attributes
                0x00000792       0x38 /usr/lib/gcc/arm-none-eabi/13.2.1/thumb/v8-m.main+fp/hard/crtend.o
 .ARM.attributes
                0x000007ca       0x26 /usr/lib/gcc/arm-none-eabi/13.2.1/thumb/v8-m.main+fp/hard/crtn.o

.comment        0x00000000       0x26
 .comment       0x00000000       0x26 /usr/lib/gcc/arm-none-eabi/13.2.1/thumb/v8-m.main+fp/hard/crtbegin.o
                                 0x27 (size before relaxing)
 .comment       0x00000026       0x27 ./build-cm33-apps_cm33_mlkem_ref/apps/cm33/mlkem_ref/cbd.o
 .comment       0x00000026       0x27 ./build-cm33-apps_cm33_mlkem_ref/apps/cm33/mlkem_ref/fips202.o
 .comment       0x00000026       0x27 ./build-cm33-apps_cm33_mlkem_ref/apps/cm33/mlkem_ref/indcpa.o
 .comment       0x00000026       0x27 ./build-cm33-apps_cm33_mlkem_ref/apps/cm33/mlkem_ref/kem.o
 .comment       0x00000026       0x27 ./build-cm33-apps_cm33_mlkem_ref/apps/cm33/mlkem_ref/ntt.o
 .comment       0x00000026       0x27 ./build-cm33-apps_cm33_mlkem_ref/apps/cm33/mlkem_ref/poly.o
 .comment       0x00000026       0x27 ./build-cm33-apps_cm33_mlkem_ref/apps/cm33/mlkem_ref/polyvec.o
 .comment       0x00000026       0x27 ./build-cm33-apps_cm33_mlkem_ref/apps/cm33/mlkem_ref/reduce.o
 .comment       0x00000026       0x27 ./build-cm33-apps_cm33_mlkem_ref/apps/cm33/mlkem_ref/verify.o
 .comment       0x00000026       0x27 ./build-cm33-apps_cm33_mlkem_ref/apps/cm33/mlkem_ref/symmetric-shake.o
 .comment       0x00000026       0x27 ./build-cm33-apps_cm33_mlkem_ref/apps/cm33/mlkem_ref/randombytes.o
 .comment       0x00000026       0x27 ./build-cm33-apps_cm33_mlkem_ref/apps/cm33/mlkem_ref/test/test_speed.o
 .comment       0x00000026       0x27 ./build-cm33-apps_cm33_mlkem_ref/apps/cm33/mlkem_ref/test/cpucycles.o
 .comment       0x00000026       0x27 ./build-cm33-apps_cm33_mlkem_ref/apps/cm33/mlkem_ref/test/speed_print.o
 .comment       0x00000026       0x27 ./build-cm33-apps_cm33_mlkem_ref/drivers/print_lib.o
 .comment       0x00000026       0x27 ./build-cm33-apps_cm33_mlkem_ref/drivers/uarte.o
 .comment       0x00000026       0x27 ./build-cm33-apps_cm33_mlkem_ref/drivers/retarget.o
 .comment       0x00000026       0x27 ./build-cm33-apps_cm33_mlkem_ref/lib/nrfx/bsp/stable/mdk/system_nrf54l.o
 .comment       0x00000026       0x27 /usr/lib/gcc/arm-none-eabi/13.2.1/thumb/v8-m.main+fp/hard/libgcc.a(_udivmoddi4.o)
 .comment       0x00000026       0x27 /usr/lib/gcc/arm-none-eabi/13.2.1/../../../arm-none-eabi/lib/thumb/v8-m.main+fp/hard/libc_nano.a(libc_a-qsort.o)
 .comment       0x00000026       0x27 /usr/lib/gcc/arm-none-eabi/13.2.1/../../../arm-none-eabi/lib/thumb/v8-m.main+fp/hard/libc_nano.a(libc_a-impure.o)
 .comment       0x00000026       0x27 /usr/lib/gcc/arm-none-eabi/13.2.1/../../../arm-none-eabi/lib/thumb/v8-m.main+fp/hard/libc_nano.a(libc_a-init.o)
 .comment       0x00000026       0x27 /usr/lib/gcc/arm-none-eabi/13.2.1/../../../arm-none-eabi/lib/thumb/v8-m.main+fp/hard/libc_nano.a(libc_a-memset.o)
 .comment       0x00000026       0x27 /usr/lib/gcc/arm-none-eabi/13.2.1/../../../arm-none-eabi/lib/thumb/v8-m.main+fp/hard/libc_nano.a(libc_a-exit.o)
 .comment       0x00000026       0x27 /usr/lib/gcc/arm-none-eabi/13.2.1/../../../arm-none-eabi/lib/thumb/v8-m.main+fp/hard/libc_nano.a(libc_a-atexit.o)
 .comment       0x00000026       0x27 /usr/lib/gcc/arm-none-eabi/13.2.1/../../../arm-none-eabi/lib/thumb/v8-m.main+fp/hard/libc_nano.a(libc_a-fini.o)
 .comment       0x00000026       0x27 /usr/lib/gcc/arm-none-eabi/13.2.1/../../../arm-none-eabi/lib/thumb/v8-m.main+fp/hard/libc_nano.a(libc_a-findfp.o)
 .comment       0x00000026       0x27 /usr/lib/gcc/arm-none-eabi/13.2.1/../../../arm-none-eabi/lib/thumb/v8-m.main+fp/hard/libc_nano.a(libc_a-__atexit.o)
 .comment       0x00000026       0x27 /usr/lib/gcc/arm-none-eabi/13.2.1/../../../arm-none-eabi/lib/thumb/v8-m.main+fp/hard/libc_nano.a(libc_a-__call_atexit.o)
 .comment       0x00000026       0x27 /usr/lib/gcc/arm-none-eabi/13.2.1/thumb/v8-m.main+fp/hard/crtend.o

.debug_line     0x00000000     0xcab1
 .debug_line    0x00000000       0x75 /usr/lib/gcc/arm-none-eabi/13.2.1/../../../arm-none-eabi/lib/thumb/v8-m.main+fp/hard/crt0.o
 .debug_line    0x00000075      0x60e ./build-cm33-apps_cm33_mlkem_ref/apps/cm33/mlkem_ref/cbd.o
 .debug_line    0x00000683     0x3092 ./build-cm33-apps_cm33_mlkem_ref/apps/cm33/mlkem_ref/fips202.o
 .debug_line    0x00003715      0xa24 ./build-cm33-apps_cm33_mlkem_ref/apps/cm33/mlkem_ref/indcpa.o
 .debug_line    0x00004139      0x346 ./build-cm33-apps_cm33_mlkem_ref/apps/cm33/mlkem_ref/kem.o
 .debug_line    0x0000447f      0x74b ./build-cm33-apps_cm33_mlkem_ref/apps/cm33/mlkem_ref/ntt.o
 .debug_line    0x00004bca      0xc4b ./build-cm33-apps_cm33_mlkem_ref/apps/cm33/mlkem_ref/poly.o
 .debug_line    0x00005815      0x7b8 ./build-cm33-apps_cm33_mlkem_ref/apps/cm33/mlkem_ref/polyvec.o
 .debug_line    0x00005fcd      0x2c0 ./build-cm33-apps_cm33_mlkem_ref/apps/cm33/mlkem_ref/reduce.o
 .debug_line    0x0000628d      0x28f ./build-cm33-apps_cm33_mlkem_ref/apps/cm33/mlkem_ref/verify.o
 .debug_line    0x0000651c      0x4c9 ./build-cm33-apps_cm33_mlkem_ref/apps/cm33/mlkem_ref/symmetric-shake.o
 .debug_line    0x000069e5      0x382 ./build-cm33-apps_cm33_mlkem_ref/apps/cm33/mlkem_ref/randombytes.o
 .debug_line    0x00006d67     0x14fb ./build-cm33-apps_cm33_mlkem_ref/apps/cm33/mlkem_ref/test/test_speed.o
 .debug_line    0x00008262      0x2b6 ./build-cm33-apps_cm33_mlkem_ref/apps/cm33/mlkem_ref/test/cpucycles.o
 .debug_line    0x00008518      0x5ed ./build-cm33-apps_cm33_mlkem_ref/apps/cm33/mlkem_ref/test/speed_print.o
 .debug_line    0x00008b05      0xaeb ./build-cm33-apps_cm33_mlkem_ref/drivers/print_lib.o
 .debug_line    0x000095f0      0x35e ./build-cm33-apps_cm33_mlkem_ref/drivers/uarte.o
 .debug_line    0x0000994e      0x760 ./build-cm33-apps_cm33_mlkem_ref/drivers/retarget.o
 .debug_line    0x0000a0ae       0x9c ./build-cm33-apps_cm33_mlkem_ref/lib/nrfx/bsp/stable/mdk/gcc_startup_nrf54lm20a_application.o
 .debug_line    0x0000a14a      0x6cb ./build-cm33-apps_cm33_mlkem_ref/lib/nrfx/bsp/stable/mdk/system_nrf54l.o
 .debug_line    0x0000a815       0x4e /usr/lib/gcc/arm-none-eabi/13.2.1/thumb/v8-m.main+fp/hard/libgcc.a(_aeabi_uldivmod.o)
 .debug_line    0x0000a863      0x55e /usr/lib/gcc/arm-none-eabi/13.2.1/thumb/v8-m.main+fp/hard/libgcc.a(_udivmoddi4.o)
 .debug_line    0x0000adc1       0x4a /usr/lib/gcc/arm-none-eabi/13.2.1/thumb/v8-m.main+fp/hard/libgcc.a(_dvmd_tls.o)
 .debug_line    0x0000ae0b      0xbc1 /usr/lib/gcc/arm-none-eabi/13.2.1/../../../arm-none-eabi/lib/thumb/v8-m.main+fp/hard/libc_nano.a(libc_a-qsort.o)
 .debug_line    0x0000b9cc       0xe7 /usr/lib/gcc/arm-none-eabi/13.2.1/../../../arm-none-eabi/lib/thumb/v8-m.main+fp/hard/libc_nano.a(libc_a-impure.o)
 .debug_line    0x0000bab3      0x129 /usr/lib/gcc/arm-none-eabi/13.2.1/../../../arm-none-eabi/lib/thumb/v8-m.main+fp/hard/libc_nano.a(libc_a-init.o)
 .debug_line    0x0000bbdc      0x1b6 /usr/lib/gcc/arm-none-eabi/13.2.1/../../../arm-none-eabi/lib/thumb/v8-m.main+fp/hard/libc_nano.a(libc_a-memset.o)
 .debug_line    0x0000bd92       0xbd /usr/lib/gcc/arm-none-eabi/13.2.1/../../../arm-none-eabi/lib/thumb/v8-m.main+fp/hard/libc_nano.a(libc_a-memcpy.o)
 .debug_line    0x0000be4f      0x12d /usr/lib/gcc/arm-none-eabi/13.2.1/../../../arm-none-eabi/lib/thumb/v8-m.main+fp/hard/libc_nano.a(libc_a-exit.o)
 .debug_line    0x0000bf7c       0xc3 /usr/lib/gcc/arm-none-eabi/13.2.1/../../../arm-none-eabi/lib/thumb/v8-m.main+fp/hard/libc_nano.a(libc_a-atexit.o)
 .debug_line    0x0000c03f       0xd2 /usr/lib/gcc/arm-none-eabi/13.2.1/../../../arm-none-eabi/lib/thumb/v8-m.main+fp/hard/libc_nano.a(libc_a-fini.o)
 .debug_line    0x0000c111      0x516 /usr/lib/gcc/arm-none-eabi/13.2.1/../../../arm-none-eabi/lib/thumb/v8-m.main+fp/hard/libc_nano.a(libc_a-findfp.o)
 .debug_line    0x0000c627      0x23e /usr/lib/gcc/arm-none-eabi/13.2.1/../../../arm-none-eabi/lib/thumb/v8-m.main+fp/hard/libc_nano.a(libc_a-__atexit.o)
 .debug_line    0x0000c865      0x24c /usr/lib/gcc/arm-none-eabi/13.2.1/../../../arm-none-eabi/lib/thumb/v8-m.main+fp/hard/libc_nano.a(libc_a-__call_atexit.o)

.debug_line_str
                0x00000000      0x22e
 .debug_line_str
                0x00000000      0x22e /usr/lib/gcc/arm-none-eabi/13.2.1/../../../arm-none-eabi/lib/thumb/v8-m.main+fp/hard/crt0.o
                                 0x86 (size before relaxing)
 .debug_line_str
                0x0000022e       0x64 ./build-cm33-apps_cm33_mlkem_ref/lib/nrfx/bsp/stable/mdk/gcc_startup_nrf54lm20a_application.o
 .debug_line_str
                0x0000022e       0x9b /usr/lib/gcc/arm-none-eabi/13.2.1/thumb/v8-m.main+fp/hard/libgcc.a(_aeabi_uldivmod.o)
 .debug_line_str
                0x0000022e       0x9f /usr/lib/gcc/arm-none-eabi/13.2.1/thumb/v8-m.main+fp/hard/libgcc.a(_dvmd_tls.o)
 .debug_line_str
                0x0000022e       0x9d /usr/lib/gcc/arm-none-eabi/13.2.1/../../../arm-none-eabi/lib/thumb/v8-m.main+fp/hard/libc_nano.a(libc_a-memcpy.o)

.debug_info     0x00000000    0x11284
 .debug_info    0x00000000       0x24 /usr/lib/gcc/arm-none-eabi/13.2.1/../../../arm-none-eabi/lib/thumb/v8-m.main+fp/hard/crt0.o
 .debug_info    0x00000024      0x5e6 ./build-cm33-apps_cm33_mlkem_ref/apps/cm33/mlkem_ref/cbd.o
 .debug_info    0x0000060a     0x1bdf ./build-cm33-apps_cm33_mlkem_ref/apps/cm33/mlkem_ref/fips202.o
 .debug_info    0x000021e9     0x1397 ./build-cm33-apps_cm33_mlkem_ref/apps/cm33/mlkem_ref/indcpa.o
 .debug_info    0x00003580      0x875 ./build-cm33-apps_cm33_mlkem_ref/apps/cm33/mlkem_ref/kem.o
 .debug_info    0x00003df5      0x73f ./build-cm33-apps_cm33_mlkem_ref/apps/cm33/mlkem_ref/ntt.o
 .debug_info    0x00004534      0xb58 ./build-cm33-apps_cm33_mlkem_ref/apps/cm33/mlkem_ref/poly.o
 .debug_info    0x0000508c      0x905 ./build-cm33-apps_cm33_mlkem_ref/apps/cm33/mlkem_ref/polyvec.o
 .debug_info    0x00005991      0x10a ./build-cm33-apps_cm33_mlkem_ref/apps/cm33/mlkem_ref/reduce.o
 .debug_info    0x00005a9b      0x1e5 ./build-cm33-apps_cm33_mlkem_ref/apps/cm33/mlkem_ref/verify.o
 .debug_info    0x00005c80      0x621 ./build-cm33-apps_cm33_mlkem_ref/apps/cm33/mlkem_ref/symmetric-shake.o
 .debug_info    0x000062a1       0xdc ./build-cm33-apps_cm33_mlkem_ref/apps/cm33/mlkem_ref/randombytes.o
 .debug_info    0x0000637d     0x2a6e ./build-cm33-apps_cm33_mlkem_ref/apps/cm33/mlkem_ref/test/test_speed.o
 .debug_info    0x00008deb      0x2b7 ./build-cm33-apps_cm33_mlkem_ref/apps/cm33/mlkem_ref/test/cpucycles.o
 .debug_info    0x000090a2      0xba7 ./build-cm33-apps_cm33_mlkem_ref/apps/cm33/mlkem_ref/test/speed_print.o
 .debug_info    0x00009c49      0xa10 ./build-cm33-apps_cm33_mlkem_ref/drivers/print_lib.o
 .debug_info    0x0000a659      0xb41 ./build-cm33-apps_cm33_mlkem_ref/drivers/uarte.o
 .debug_info    0x0000b19a      0xd9e ./build-cm33-apps_cm33_mlkem_ref/drivers/retarget.o
 .debug_info    0x0000bf38      0x3dd ./build-cm33-apps_cm33_mlkem_ref/lib/nrfx/bsp/stable/mdk/gcc_startup_nrf54lm20a_application.o
 .debug_info    0x0000c315     0x18b8 ./build-cm33-apps_cm33_mlkem_ref/lib/nrfx/bsp/stable/mdk/system_nrf54l.o
 .debug_info    0x0000dbcd       0x24 /usr/lib/gcc/arm-none-eabi/13.2.1/thumb/v8-m.main+fp/hard/libgcc.a(_aeabi_uldivmod.o)
 .debug_info    0x0000dbf1      0x6f5 /usr/lib/gcc/arm-none-eabi/13.2.1/thumb/v8-m.main+fp/hard/libgcc.a(_udivmoddi4.o)
 .debug_info    0x0000e2e6       0x3c /usr/lib/gcc/arm-none-eabi/13.2.1/thumb/v8-m.main+fp/hard/libgcc.a(_dvmd_tls.o)
 .debug_info    0x0000e322      0xf6f /usr/lib/gcc/arm-none-eabi/13.2.1/../../../arm-none-eabi/lib/thumb/v8-m.main+fp/hard/libc_nano.a(libc_a-qsort.o)
 .debug_info    0x0000f291      0x70b /usr/lib/gcc/arm-none-eabi/13.2.1/../../../arm-none-eabi/lib/thumb/v8-m.main+fp/hard/libc_nano.a(libc_a-impure.o)
 .debug_info    0x0000f99c      0x10b /usr/lib/gcc/arm-none-eabi/13.2.1/../../../arm-none-eabi/lib/thumb/v8-m.main+fp/hard/libc_nano.a(libc_a-init.o)
 .debug_info    0x0000faa7      0x135 /usr/lib/gcc/arm-none-eabi/13.2.1/../../../arm-none-eabi/lib/thumb/v8-m.main+fp/hard/libc_nano.a(libc_a-memset.o)
 .debug_info    0x0000fbdc       0x33 /usr/lib/gcc/arm-none-eabi/13.2.1/../../../arm-none-eabi/lib/thumb/v8-m.main+fp/hard/libc_nano.a(libc_a-memcpy.o)
 .debug_info    0x0000fc0f      0x11b /usr/lib/gcc/arm-none-eabi/13.2.1/../../../arm-none-eabi/lib/thumb/v8-m.main+fp/hard/libc_nano.a(libc_a-exit.o)
 .debug_info    0x0000fd2a      0x11e /usr/lib/gcc/arm-none-eabi/13.2.1/../../../arm-none-eabi/lib/thumb/v8-m.main+fp/hard/libc_nano.a(libc_a-atexit.o)
 .debug_info    0x0000fe48       0xf7 /usr/lib/gcc/arm-none-eabi/13.2.1/../../../arm-none-eabi/lib/thumb/v8-m.main+fp/hard/libc_nano.a(libc_a-fini.o)
 .debug_info    0x0000ff3f      0xe8c /usr/lib/gcc/arm-none-eabi/13.2.1/../../../arm-none-eabi/lib/thumb/v8-m.main+fp/hard/libc_nano.a(libc_a-findfp.o)
 .debug_info    0x00010dcb      0x284 /usr/lib/gcc/arm-none-eabi/13.2.1/../../../arm-none-eabi/lib/thumb/v8-m.main+fp/hard/libc_nano.a(libc_a-__atexit.o)
 .debug_info    0x0001104f      0x235 /usr/lib/gcc/arm-none-eabi/13.2.1/../../../arm-none-eabi/lib/thumb/v8-m.main+fp/hard/libc_nano.a(libc_a-__call_atexit.o)

.debug_abbrev   0x00000000     0x38c7
 .debug_abbrev  0x00000000       0x14 /usr/lib/gcc/arm-none-eabi/13.2.1/../../../arm-none-eabi/lib/thumb/v8-m.main+fp/hard/crt0.o
 .debug_abbrev  0x00000014      0x209 ./build-cm33-apps_cm33_mlkem_ref/apps/cm33/mlkem_ref/cbd.o
 .debug_abbrev  0x0000021d      0x3e2 ./build-cm33-apps_cm33_mlkem_ref/apps/cm33/mlkem_ref/fips202.o
 .debug_abbrev  0x000005ff      0x377 ./build-cm33-apps_cm33_mlkem_ref/apps/cm33/mlkem_ref/indcpa.o
 .debug_abbrev  0x00000976      0x1e7 ./build-cm33-apps_cm33_mlkem_ref/apps/cm33/mlkem_ref/kem.o
 .debug_abbrev  0x00000b5d      0x226 ./build-cm33-apps_cm33_mlkem_ref/apps/cm33/mlkem_ref/ntt.o
 .debug_abbrev  0x00000d83      0x360 ./build-cm33-apps_cm33_mlkem_ref/apps/cm33/mlkem_ref/poly.o
 .debug_abbrev  0x000010e3      0x22c ./build-cm33-apps_cm33_mlkem_ref/apps/cm33/mlkem_ref/polyvec.o
 .debug_abbrev  0x0000130f       0xb8 ./build-cm33-apps_cm33_mlkem_ref/apps/cm33/mlkem_ref/reduce.o
 .debug_abbrev  0x000013c7       0xbf ./build-cm33-apps_cm33_mlkem_ref/apps/cm33/mlkem_ref/verify.o
 .debug_abbrev  0x00001486      0x1f7 ./build-cm33-apps_cm33_mlkem_ref/apps/cm33/mlkem_ref/symmetric-shake.o
 .debug_abbrev  0x0000167d       0x87 ./build-cm33-apps_cm33_mlkem_ref/apps/cm33/mlkem_ref/randombytes.o
 .debug_abbrev  0x00001704      0x35d ./build-cm33-apps_cm33_mlkem_ref/apps/cm33/mlkem_ref/test/test_speed.o
 .debug_abbrev  0x00001a61      0x12d ./build-cm33-apps_cm33_mlkem_ref/apps/cm33/mlkem_ref/test/cpucycles.o
 .debug_abbrev  0x00001b8e      0x311 ./build-cm33-apps_cm33_mlkem_ref/apps/cm33/mlkem_ref/test/speed_print.o
 .debug_abbrev  0x00001e9f      0x262 ./build-cm33-apps_cm33_mlkem_ref/drivers/print_lib.o
 .debug_abbrev  0x00002101      0x19c ./build-cm33-apps_cm33_mlkem_ref/drivers/uarte.o
 .debug_abbrev  0x0000229d      0x2f5 ./build-cm33-apps_cm33_mlkem_ref/drivers/retarget.o
 .debug_abbrev  0x00002592       0x28 ./build-cm33-apps_cm33_mlkem_ref/lib/nrfx/bsp/stable/mdk/gcc_startup_nrf54lm20a_application.o
 .debug_abbrev  0x000025ba      0x22c ./build-cm33-apps_cm33_mlkem_ref/lib/nrfx/bsp/stable/mdk/system_nrf54l.o
 .debug_abbrev  0x000027e6       0x14 /usr/lib/gcc/arm-none-eabi/13.2.1/thumb/v8-m.main+fp/hard/libgcc.a(_aeabi_uldivmod.o)
 .debug_abbrev  0x000027fa      0x16a /usr/lib/gcc/arm-none-eabi/13.2.1/thumb/v8-m.main+fp/hard/libgcc.a(_udivmoddi4.o)
 .debug_abbrev  0x00002964       0x26 /usr/lib/gcc/arm-none-eabi/13.2.1/thumb/v8-m.main+fp/hard/libgcc.a(_dvmd_tls.o)
 .debug_abbrev  0x0000298a      0x292 /usr/lib/gcc/arm-none-eabi/13.2.1/../../../arm-none-eabi/lib/thumb/v8-m.main+fp/hard/libc_nano.a(libc_a-qsort.o)
 .debug_abbrev  0x00002c1c      0x149 /usr/lib/gcc/arm-none-eabi/13.2.1/../../../arm-none-eabi/lib/thumb/v8-m.main+fp/hard/libc_nano.a(libc_a-impure.o)
 .debug_abbrev  0x00002d65       0xc9 /usr/lib/gcc/arm-none-eabi/13.2.1/../../../arm-none-eabi/lib/thumb/v8-m.main+fp/hard/libc_nano.a(libc_a-init.o)
 .debug_abbrev  0x00002e2e       0xb7 /usr/lib/gcc/arm-none-eabi/13.2.1/../../../arm-none-eabi/lib/thumb/v8-m.main+fp/hard/libc_nano.a(libc_a-memset.o)
 .debug_abbrev  0x00002ee5       0x28 /usr/lib/gcc/arm-none-eabi/13.2.1/../../../arm-none-eabi/lib/thumb/v8-m.main+fp/hard/libc_nano.a(libc_a-memcpy.o)
 .debug_abbrev  0x00002f0d       0xd8 /usr/lib/gcc/arm-none-eabi/13.2.1/../../../arm-none-eabi/lib/thumb/v8-m.main+fp/hard/libc_nano.a(libc_a-exit.o)
 .debug_abbrev  0x00002fe5       0xc1 /usr/lib/gcc/arm-none-eabi/13.2.1/../../../arm-none-eabi/lib/thumb/v8-m.main+fp/hard/libc_nano.a(libc_a-atexit.o)
 .debug_abbrev  0x000030a6       0xcc /usr/lib/gcc/arm-none-eabi/13.2.1/../../../arm-none-eabi/lib/thumb/v8-m.main+fp/hard/libc_nano.a(libc_a-fini.o)
 .debug_abbrev  0x00003172      0x408 /usr/lib/gcc/arm-none-eabi/13.2.1/../../../arm-none-eabi/lib/thumb/v8-m.main+fp/hard/libc_nano.a(libc_a-findfp.o)
 .debug_abbrev  0x0000357a      0x1d4 /usr/lib/gcc/arm-none-eabi/13.2.1/../../../arm-none-eabi/lib/thumb/v8-m.main+fp/hard/libc_nano.a(libc_a-__atexit.o)
 .debug_abbrev  0x0000374e      0x179 /usr/lib/gcc/arm-none-eabi/13.2.1/../../../arm-none-eabi/lib/thumb/v8-m.main+fp/hard/libc_nano.a(libc_a-__call_atexit.o)

.debug_aranges  0x00000000      0x6c0
 .debug_aranges
                0x00000000       0x20 /usr/lib/gcc/arm-none-eabi/13.2.1/../../../arm-none-eabi/lib/thumb/v8-m.main+fp/hard/crt0.o
 .debug_aranges
                0x00000020       0x28 ./build-cm33-apps_cm33_mlkem_ref/apps/cm33/mlkem_ref/cbd.o
 .debug_aranges
                0x00000048       0xb8 ./build-cm33-apps_cm33_mlkem_ref/apps/cm33/mlkem_ref/fips202.o
 .debug_aranges
                0x00000100       0x38 ./build-cm33-apps_cm33_mlkem_ref/apps/cm33/mlkem_ref/indcpa.o
 .debug_aranges
                0x00000138       0x40 ./build-cm33-apps_cm33_mlkem_ref/apps/cm33/mlkem_ref/kem.o
 .debug_aranges
                0x00000178       0x30 ./build-cm33-apps_cm33_mlkem_ref/apps/cm33/mlkem_ref/ntt.o
 .debug_aranges
                0x000001a8       0x90 ./build-cm33-apps_cm33_mlkem_ref/apps/cm33/mlkem_ref/poly.o
 .debug_aranges
                0x00000238       0x60 ./build-cm33-apps_cm33_mlkem_ref/apps/cm33/mlkem_ref/polyvec.o
 .debug_aranges
                0x00000298       0x28 ./build-cm33-apps_cm33_mlkem_ref/apps/cm33/mlkem_ref/reduce.o
 .debug_aranges
                0x000002c0       0x30 ./build-cm33-apps_cm33_mlkem_ref/apps/cm33/mlkem_ref/verify.o
 .debug_aranges
                0x000002f0       0x30 ./build-cm33-apps_cm33_mlkem_ref/apps/cm33/mlkem_ref/symmetric-shake.o
 .debug_aranges
                0x00000320       0x20 ./build-cm33-apps_cm33_mlkem_ref/apps/cm33/mlkem_ref/randombytes.o
 .debug_aranges
                0x00000340       0x30 ./build-cm33-apps_cm33_mlkem_ref/apps/cm33/mlkem_ref/test/test_speed.o
 .debug_aranges
                0x00000370       0x20 ./build-cm33-apps_cm33_mlkem_ref/apps/cm33/mlkem_ref/test/cpucycles.o
 .debug_aranges
                0x00000390       0x38 ./build-cm33-apps_cm33_mlkem_ref/apps/cm33/mlkem_ref/test/speed_print.o
 .debug_aranges
                0x000003c8       0x30 ./build-cm33-apps_cm33_mlkem_ref/drivers/print_lib.o
 .debug_aranges
                0x000003f8       0x30 ./build-cm33-apps_cm33_mlkem_ref/drivers/uarte.o
 .debug_aranges
                0x00000428       0x98 ./build-cm33-apps_cm33_mlkem_ref/drivers/retarget.o
 .debug_aranges
                0x000004c0       0x20 ./build-cm33-apps_cm33_mlkem_ref/lib/nrfx/bsp/stable/mdk/gcc_startup_nrf54lm20a_application.o
 .debug_aranges
                0x000004e0       0x28 ./build-cm33-apps_cm33_mlkem_ref/lib/nrfx/bsp/stable/mdk/system_nrf54l.o
 .debug_aranges
                0x00000508       0x20 /usr/lib/gcc/arm-none-eabi/13.2.1/thumb/v8-m.main+fp/hard/libgcc.a(_aeabi_uldivmod.o)
 .debug_aranges
                0x00000528       0x20 /usr/lib/gcc/arm-none-eabi/13.2.1/thumb/v8-m.main+fp/hard/libgcc.a(_udivmoddi4.o)
 .debug_aranges
                0x00000548       0x20 /usr/lib/gcc/arm-none-eabi/13.2.1/thumb/v8-m.main+fp/hard/libgcc.a(_dvmd_tls.o)
 .debug_aranges
                0x00000568       0x20 /usr/lib/gcc/arm-none-eabi/13.2.1/../../../arm-none-eabi/lib/thumb/v8-m.main+fp/hard/libc_nano.a(libc_a-qsort.o)
 .debug_aranges
                0x00000588       0x18 /usr/lib/gcc/arm-none-eabi/13.2.1/../../../arm-none-eabi/lib/thumb/v8-m.main+fp/hard/libc_nano.a(libc_a-impure.o)
 .debug_aranges
                0x000005a0       0x20 /usr/lib/gcc/arm-none-eabi/13.2.1/../../../arm-none-eabi/lib/thumb/v8-m.main+fp/hard/libc_nano.a(libc_a-init.o)
 .debug_aranges
                0x000005c0       0x20 /usr/lib/gcc/arm-none-eabi/13.2.1/../../../arm-none-eabi/lib/thumb/v8-m.main+fp/hard/libc_nano.a(libc_a-memset.o)
 .debug_aranges
                0x000005e0       0x20 /usr/lib/gcc/arm-none-eabi/13.2.1/../../../arm-none-eabi/lib/thumb/v8-m.main+fp/hard/libc_nano.a(libc_a-memcpy.o)
 .debug_aranges
                0x00000600       0x20 /usr/lib/gcc/arm-none-eabi/13.2.1/../../../arm-none-eabi/lib/thumb/v8-m.main+fp/hard/libc_nano.a(libc_a-exit.o)
 .debug_aranges
                0x00000620       0x20 /usr/lib/gcc/arm-none-eabi/13.2.1/../../../arm-none-eabi/lib/thumb/v8-m.main+fp/hard/libc_nano.a(libc_a-atexit.o)
 .debug_aranges
                0x00000640       0x20 /usr/lib/gcc/arm-none-eabi/13.2.1/../../../arm-none-eabi/lib/thumb/v8-m.main+fp/hard/libc_nano.a(libc_a-fini.o)
 .debug_aranges
                0x00000660       0x20 /usr/lib/gcc/arm-none-eabi/13.2.1/../../../arm-none-eabi/lib/thumb/v8-m.main+fp/hard/libc_nano.a(libc_a-findfp.o)
 .debug_aranges
                0x00000680       0x20 /usr/lib/gcc/arm-none-eabi/13.2.1/../../../arm-none-eabi/lib/thumb/v8-m.main+fp/hard/libc_nano.a(libc_a-__atexit.o)
 .debug_aranges
                0x000006a0       0x20 /usr/lib/gcc/arm-none-eabi/13.2.1/../../../arm-none-eabi/lib/thumb/v8-m.main+fp/hard/libc_nano.a(libc_a-__call_atexit.o)

.debug_str      0x00000000   0x1c6c44
 .debug_str     0x00000000   0x1c6c44 /usr/lib/gcc/arm-none-eabi/13.2.1/../../../arm-none-eabi/lib/thumb/v8-m.main+fp/hard/crt0.o
                                 0x92 (size before relaxing)
 .debug_str     0x001c6c44   0x1b5d5c ./build-cm33-apps_cm33_mlkem_ref/apps/cm33/mlkem_ref/cbd.o
 .debug_str     0x001c6c44   0x1b9de7 ./build-cm33-apps_cm33_mlkem_ref/apps/cm33/mlkem_ref/fips202.o
 .debug_str     0x001c6c44   0x1ba1d2 ./build-cm33-apps_cm33_mlkem_ref/apps/cm33/mlkem_ref/indcpa.o
 .debug_str     0x001c6c44     0x823f ./build-cm33-apps_cm33_mlkem_ref/apps/cm33/mlkem_ref/kem.o
 .debug_str     0x001c6c44   0x1b5b9f ./build-cm33-apps_cm33_mlkem_ref/apps/cm33/mlkem_ref/ntt.o
 .debug_str     0x001c6c44   0x1b6b99 ./build-cm33-apps_cm33_mlkem_ref/apps/cm33/mlkem_ref/poly.o
 .debug_str     0x001c6c44   0x1b612a ./build-cm33-apps_cm33_mlkem_ref/apps/cm33/mlkem_ref/polyvec.o
 .debug_str     0x001c6c44   0x1b5959 ./build-cm33-apps_cm33_mlkem_ref/apps/cm33/mlkem_ref/reduce.o
 .debug_str     0x001c6c44     0x40cc ./build-cm33-apps_cm33_mlkem_ref/apps/cm33/mlkem_ref/verify.o
 .debug_str     0x001c6c44   0x1b97e0 ./build-cm33-apps_cm33_mlkem_ref/apps/cm33/mlkem_ref/symmetric-shake.o
 .debug_str     0x001c6c44     0x9aa8 ./build-cm33-apps_cm33_mlkem_ref/apps/cm33/mlkem_ref/randombytes.o
 .debug_str     0x001c6c44   0x1ba435 ./build-cm33-apps_cm33_mlkem_ref/apps/cm33/mlkem_ref/test/test_speed.o
 .debug_str     0x001c6c44   0x1b56c1 ./build-cm33-apps_cm33_mlkem_ref/apps/cm33/mlkem_ref/test/cpucycles.o
 .debug_str     0x001c6c44   0x1b96b7 ./build-cm33-apps_cm33_mlkem_ref/apps/cm33/mlkem_ref/test/speed_print.o
 .debug_str     0x001c6c44     0x3b96 ./build-cm33-apps_cm33_mlkem_ref/drivers/print_lib.o
 .debug_str     0x001c6c44   0x1b5b49 ./build-cm33-apps_cm33_mlkem_ref/drivers/uarte.o
 .debug_str     0x001c6c44   0x1babc3 ./build-cm33-apps_cm33_mlkem_ref/drivers/retarget.o
 .debug_str     0x001c6c44      0x59a ./build-cm33-apps_cm33_mlkem_ref/lib/nrfx/bsp/stable/mdk/gcc_startup_nrf54lm20a_application.o
 .debug_str     0x001c6c44   0x1be9f8 ./build-cm33-apps_cm33_mlkem_ref/lib/nrfx/bsp/stable/mdk/system_nrf54l.o
 .debug_str     0x001c6c44       0xa7 /usr/lib/gcc/arm-none-eabi/13.2.1/thumb/v8-m.main+fp/hard/libgcc.a(_aeabi_uldivmod.o)
 .debug_str     0x001c6c44      0x68d /usr/lib/gcc/arm-none-eabi/13.2.1/thumb/v8-m.main+fp/hard/libgcc.a(_udivmoddi4.o)
 .debug_str     0x001c6c44       0xc7 /usr/lib/gcc/arm-none-eabi/13.2.1/thumb/v8-m.main+fp/hard/libgcc.a(_dvmd_tls.o)
 .debug_str     0x001c6c44      0x1fb /usr/lib/gcc/arm-none-eabi/13.2.1/../../../arm-none-eabi/lib/thumb/v8-m.main+fp/hard/libc_nano.a(libc_a-qsort.o)
 .debug_str     0x001c6c44      0x4c4 /usr/lib/gcc/arm-none-eabi/13.2.1/../../../arm-none-eabi/lib/thumb/v8-m.main+fp/hard/libc_nano.a(libc_a-impure.o)
 .debug_str     0x001c6c44      0x202 /usr/lib/gcc/arm-none-eabi/13.2.1/../../../arm-none-eabi/lib/thumb/v8-m.main+fp/hard/libc_nano.a(libc_a-init.o)
 .debug_str     0x001c6c44      0x1b5 /usr/lib/gcc/arm-none-eabi/13.2.1/../../../arm-none-eabi/lib/thumb/v8-m.main+fp/hard/libc_nano.a(libc_a-memset.o)
 .debug_str     0x001c6c44       0xb0 /usr/lib/gcc/arm-none-eabi/13.2.1/../../../arm-none-eabi/lib/thumb/v8-m.main+fp/hard/libc_nano.a(libc_a-memcpy.o)
 .debug_str     0x001c6c44      0x1c7 /usr/lib/gcc/arm-none-eabi/13.2.1/../../../arm-none-eabi/lib/thumb/v8-m.main+fp/hard/libc_nano.a(libc_a-exit.o)
 .debug_str     0x001c6c44      0x1de /usr/lib/gcc/arm-none-eabi/13.2.1/../../../arm-none-eabi/lib/thumb/v8-m.main+fp/hard/libc_nano.a(libc_a-atexit.o)
 .debug_str     0x001c6c44      0x1d8 /usr/lib/gcc/arm-none-eabi/13.2.1/../../../arm-none-eabi/lib/thumb/v8-m.main+fp/hard/libc_nano.a(libc_a-fini.o)
 .debug_str     0x001c6c44      0x6c7 /usr/lib/gcc/arm-none-eabi/13.2.1/../../../arm-none-eabi/lib/thumb/v8-m.main+fp/hard/libc_nano.a(libc_a-findfp.o)
 .debug_str     0x001c6c44      0x298 /usr/lib/gcc/arm-none-eabi/13.2.1/../../../arm-none-eabi/lib/thumb/v8-m.main+fp/hard/libc_nano.a(libc_a-__atexit.o)
 .debug_str     0x001c6c44      0x24a /usr/lib/gcc/arm-none-eabi/13.2.1/../../../arm-none-eabi/lib/thumb/v8-m.main+fp/hard/libc_nano.a(libc_a-__call_atexit.o)

.debug_loclists
                0x00000000     0xa2e9
 .debug_loclists
                0x00000000      0x6cb ./build-cm33-apps_cm33_mlkem_ref/apps/cm33/mlkem_ref/cbd.o
 .debug_loclists
                0x000006cb     0x2dba ./build-cm33-apps_cm33_mlkem_ref/apps/cm33/mlkem_ref/fips202.o
 .debug_loclists
                0x00003485      0xa42 ./build-cm33-apps_cm33_mlkem_ref/apps/cm33/mlkem_ref/indcpa.o
 .debug_loclists
                0x00003ec7      0x204 ./build-cm33-apps_cm33_mlkem_ref/apps/cm33/mlkem_ref/kem.o
 .debug_loclists
                0x000040cb      0x447 ./build-cm33-apps_cm33_mlkem_ref/apps/cm33/mlkem_ref/ntt.o
 .debug_loclists
                0x00004512      0xb75 ./build-cm33-apps_cm33_mlkem_ref/apps/cm33/mlkem_ref/poly.o
 .debug_loclists
                0x00005087      0x459 ./build-cm33-apps_cm33_mlkem_ref/apps/cm33/mlkem_ref/polyvec.o
 .debug_loclists
                0x000054e0       0xde ./build-cm33-apps_cm33_mlkem_ref/apps/cm33/mlkem_ref/reduce.o
 .debug_loclists
                0x000055be      0x2a1 ./build-cm33-apps_cm33_mlkem_ref/apps/cm33/mlkem_ref/verify.o
 .debug_loclists
                0x0000585f      0x147 ./build-cm33-apps_cm33_mlkem_ref/apps/cm33/mlkem_ref/symmetric-shake.o
 .debug_loclists
                0x000059a6       0x81 ./build-cm33-apps_cm33_mlkem_ref/apps/cm33/mlkem_ref/randombytes.o
 .debug_loclists
                0x00005a27      0xfa6 ./build-cm33-apps_cm33_mlkem_ref/apps/cm33/mlkem_ref/test/test_speed.o
 .debug_loclists
                0x000069cd       0x68 ./build-cm33-apps_cm33_mlkem_ref/apps/cm33/mlkem_ref/test/cpucycles.o
 .debug_loclists
                0x00006a35      0x336 ./build-cm33-apps_cm33_mlkem_ref/apps/cm33/mlkem_ref/test/speed_print.o
 .debug_loclists
                0x00006d6b      0xf83 ./build-cm33-apps_cm33_mlkem_ref/drivers/print_lib.o
 .debug_loclists
                0x00007cee       0x6e ./build-cm33-apps_cm33_mlkem_ref/drivers/uarte.o
 .debug_loclists
                0x00007d5c      0x26e ./build-cm33-apps_cm33_mlkem_ref/drivers/retarget.o
 .debug_loclists
                0x00007fca      0x111 ./build-cm33-apps_cm33_mlkem_ref/lib/nrfx/bsp/stable/mdk/system_nrf54l.o
 .debug_loclists
                0x000080db      0x93f /usr/lib/gcc/arm-none-eabi/13.2.1/thumb/v8-m.main+fp/hard/libgcc.a(_udivmoddi4.o)
 .debug_loclists
                0x00008a1a     0x122a /usr/lib/gcc/arm-none-eabi/13.2.1/../../../arm-none-eabi/lib/thumb/v8-m.main+fp/hard/libc_nano.a(libc_a-qsort.o)
 .debug_loclists
                0x00009c44       0x65 /usr/lib/gcc/arm-none-eabi/13.2.1/../../../arm-none-eabi/lib/thumb/v8-m.main+fp/hard/libc_nano.a(libc_a-init.o)
 .debug_loclists
                0x00009ca9      0x1c2 /usr/lib/gcc/arm-none-eabi/13.2.1/../../../arm-none-eabi/lib/thumb/v8-m.main+fp/hard/libc_nano.a(libc_a-memset.o)
 .debug_loclists
                0x00009e6b       0x1b /usr/lib/gcc/arm-none-eabi/13.2.1/../../../arm-none-eabi/lib/thumb/v8-m.main+fp/hard/libc_nano.a(libc_a-exit.o)
 .debug_loclists
                0x00009e86       0x2b /usr/lib/gcc/arm-none-eabi/13.2.1/../../../arm-none-eabi/lib/thumb/v8-m.main+fp/hard/libc_nano.a(libc_a-atexit.o)
 .debug_loclists
                0x00009eb1       0x42 /usr/lib/gcc/arm-none-eabi/13.2.1/../../../arm-none-eabi/lib/thumb/v8-m.main+fp/hard/libc_nano.a(libc_a-fini.o)
 .debug_loclists
                0x00009ef3      0x1d0 /usr/lib/gcc/arm-none-eabi/13.2.1/../../../arm-none-eabi/lib/thumb/v8-m.main+fp/hard/libc_nano.a(libc_a-findfp.o)
 .debug_loclists
                0x0000a0c3      0x127 /usr/lib/gcc/arm-none-eabi/13.2.1/../../../arm-none-eabi/lib/thumb/v8-m.main+fp/hard/libc_nano.a(libc_a-__atexit.o)
 .debug_loclists
                0x0000a1ea       0xff /usr/lib/gcc/arm-none-eabi/13.2.1/../../../arm-none-eabi/lib/thumb/v8-m.main+fp/hard/libc_nano.a(libc_a-__call_atexit.o)

.debug_rnglists
                0x00000000      0xf8b
 .debug_rnglists
                0x00000000       0x7b ./build-cm33-apps_cm33_mlkem_ref/apps/cm33/mlkem_ref/cbd.o
 .debug_rnglists
                0x0000007b      0x3c1 ./build-cm33-apps_cm33_mlkem_ref/apps/cm33/mlkem_ref/fips202.o
 .debug_rnglists
                0x0000043c       0xc6 ./build-cm33-apps_cm33_mlkem_ref/apps/cm33/mlkem_ref/indcpa.o
 .debug_rnglists
                0x00000502       0x2b ./build-cm33-apps_cm33_mlkem_ref/apps/cm33/mlkem_ref/kem.o
 .debug_rnglists
                0x0000052d       0xa3 ./build-cm33-apps_cm33_mlkem_ref/apps/cm33/mlkem_ref/ntt.o
 .debug_rnglists
                0x000005d0       0x96 ./build-cm33-apps_cm33_mlkem_ref/apps/cm33/mlkem_ref/poly.o
 .debug_rnglists
                0x00000666       0x81 ./build-cm33-apps_cm33_mlkem_ref/apps/cm33/mlkem_ref/polyvec.o
 .debug_rnglists
                0x000006e7       0x19 ./build-cm33-apps_cm33_mlkem_ref/apps/cm33/mlkem_ref/reduce.o
 .debug_rnglists
                0x00000700       0x21 ./build-cm33-apps_cm33_mlkem_ref/apps/cm33/mlkem_ref/verify.o
 .debug_rnglists
                0x00000721       0x3a ./build-cm33-apps_cm33_mlkem_ref/apps/cm33/mlkem_ref/symmetric-shake.o
 .debug_rnglists
                0x0000075b       0x13 ./build-cm33-apps_cm33_mlkem_ref/apps/cm33/mlkem_ref/randombytes.o
 .debug_rnglists
                0x0000076e      0x285 ./build-cm33-apps_cm33_mlkem_ref/apps/cm33/mlkem_ref/test/test_speed.o
 .debug_rnglists
                0x000009f3       0x1f ./build-cm33-apps_cm33_mlkem_ref/apps/cm33/mlkem_ref/test/cpucycles.o
 .debug_rnglists
                0x00000a12       0x41 ./build-cm33-apps_cm33_mlkem_ref/apps/cm33/mlkem_ref/test/speed_print.o
 .debug_rnglists
                0x00000a53      0x1b4 ./build-cm33-apps_cm33_mlkem_ref/drivers/print_lib.o
 .debug_rnglists
                0x00000c07       0x1f ./build-cm33-apps_cm33_mlkem_ref/drivers/uarte.o
 .debug_rnglists
                0x00000c26       0x79 ./build-cm33-apps_cm33_mlkem_ref/drivers/retarget.o
 .debug_rnglists
                0x00000c9f       0x75 ./build-cm33-apps_cm33_mlkem_ref/lib/nrfx/bsp/stable/mdk/system_nrf54l.o
 .debug_rnglists
                0x00000d14       0x75 /usr/lib/gcc/arm-none-eabi/13.2.1/thumb/v8-m.main+fp/hard/libgcc.a(_udivmoddi4.o)
 .debug_rnglists
                0x00000d89      0x171 /usr/lib/gcc/arm-none-eabi/13.2.1/../../../arm-none-eabi/lib/thumb/v8-m.main+fp/hard/libc_nano.a(libc_a-qsort.o)
 .debug_rnglists
                0x00000efa       0x66 /usr/lib/gcc/arm-none-eabi/13.2.1/../../../arm-none-eabi/lib/thumb/v8-m.main+fp/hard/libc_nano.a(libc_a-findfp.o)
 .debug_rnglists