Archive member included to satisfy reference by file (symbol)

/usr/lib/gcc/arm-none-eabi/13.2.1/../../../arm-none-eabi/lib/thumb/v8-m.main+fp/hard/libc_nano.a(libc_a-init.o)
                              /usr/lib/gcc/arm-none-eabi/13.2.1/../../../arm-none-eabi/lib/thumb/v8-m.main+fp/hard/crt0.o (__libc_init_array)
/usr/lib/gcc/arm-none-eabi/13.2.1/../../../arm-none-eabi/lib/thumb/v8-m.main+fp/hard/libc_nano.a(libc_a-memset.o)
                              /usr/lib/gcc/arm-none-eabi/13.2.1/../../../arm-none-eabi/lib/thumb/v8-m.main+fp/hard/crt0.o (memset)
/usr/lib/gcc/arm-none-eabi/13.2.1/../../../arm-none-eabi/lib/thumb/v8-m.main+fp/hard/libc_nano.a(libc_a-errno.o)
                              ./build-cm33-apps_cm33_vpr_launcher/drivers/retarget.o (__errno)
/usr/lib/gcc/arm-none-eabi/13.2.1/../../../arm-none-eabi/lib/thumb/v8-m.main+fp/hard/libc_nano.a(libc_a-exit.o)
                              /usr/lib/gcc/arm-none-eabi/13.2.1/../../../arm-none-eabi/lib/thumb/v8-m.main+fp/hard/crt0.o (exit)
/usr/lib/gcc/arm-none-eabi/13.2.1/../../../arm-none-eabi/lib/thumb/v8-m.main+fp/hard/libc_nano.a(libc_a-atexit.o)
                              /usr/lib/gcc/arm-none-eabi/13.2.1/../../../arm-none-eabi/lib/thumb/v8-m.main+fp/hard/crt0.o (atexit)
/usr/lib/gcc/arm-none-eabi/13.2.1/../../../arm-none-eabi/lib/thumb/v8-m.main+fp/hard/libc_nano.a(libc_a-fini.o)
                              /usr/lib/gcc/arm-none-eabi/13.2.1/../../../arm-none-eabi/lib/thumb/v8-m.main+fp/hard/crt0.o (__libc_fini_array)
/usr/lib/gcc/arm-none-eabi/13.2.1/../../../arm-none-eabi/lib/thumb/v8-m.main+fp/hard/libc_nano.a(libc_a-impure.o)
                              /usr/lib/gcc/arm-none-eabi/13.2.1/../../../arm-none-eabi/lib/thumb/v8-m.main+fp/hard/libc_nano.a(libc_a-errno.o) (_impure_ptr)
/usr/lib/gcc/arm-none-eabi/13.2.1/../../../arm-none-eabi/lib/thumb/v8-m.main+fp/hard/libc_nano.a(libc_a-findfp.o)
                              /usr/lib/gcc/arm-none-eabi/13.2.1/../../../arm-none-eabi/lib/thumb/v8-m.main+fp/hard/libc_nano.a(libc_a-exit.o) (__stdio_exit_handler)
/usr/lib/gcc/arm-none-eabi/13.2.1/../../../arm-none-eabi/lib/thumb/v8-m.main+fp/hard/libc_nano.a(libc_a-fflush.o)
                              /usr/lib/gcc/arm-none-eabi/13.2.1/../../../arm-none-eabi/lib/thumb/v8-m.main+fp/hard/libc_nano.a(libc_a-findfp.o) (_fflush_r)
/usr/lib/gcc/arm-none-eabi/13.2.1/../../../arm-none-eabi/lib/thumb/v8-m.main+fp/hard/libc_nano.a(libc_a-mallocr.o)
                              /usr/lib/gcc/arm-none-eabi/13.2.1/../../../arm-none-eabi/lib/thumb/v8-m.main+fp/hard/libc_nano.a(libc_a-findfp.o) (_malloc_r)
/usr/lib/gcc/arm-none-eabi/13.2.1/../../../arm-none-eabi/lib/thumb/v8-m.main+fp/hard/libc_nano.a(libc_a-freer.o)
                              /usr/lib/gcc/arm-none-eabi/13.2.1/../../../arm-none-eabi/lib/thumb/v8-m.main+fp/hard/libc_nano.a(libc_a-fflush.o) (_free_r)
/usr/lib/gcc/arm-none-eabi/13.2.1/../../../arm-none-eabi/lib/thumb/v8-m.main+fp/hard/libc_nano.a(libc_a-fwalk.o)
                              /usr/lib/gcc/arm-none-eabi/13.2.1/../../../arm-none-eabi/lib/thumb/v8-m.main+fp/hard/libc_nano.a(libc_a-findfp.o) (_fwalk_sglue)
/usr/lib/gcc/arm-none-eabi/13.2.1/../../../arm-none-eabi/lib/thumb/v8-m.main+fp/hard/libc_nano.a(libc_a-__atexit.o)
                              /usr/lib/gcc/arm-none-eabi/13.2.1/../../../arm-none-eabi/lib/thumb/v8-m.main+fp/hard/libc_nano.a(libc_a-atexit.o) (__register_exitproc)
/usr/lib/gcc/arm-none-eabi/13.2.1/../../../arm-none-eabi/lib/thumb/v8-m.main+fp/hard/libc_nano.a(libc_a-mlock.o)
                              /usr/lib/gcc/arm-none-eabi/13.2.1/../../../arm-none-eabi/lib/thumb/v8-m.main+fp/hard/libc_nano.a(libc_a-mallocr.o) (__malloc_lock)
/usr/lib/gcc/arm-none-eabi/13.2.1/../../../arm-none-eabi/lib/thumb/v8-m.main+fp/hard/libc_nano.a(libc_a-sbrkr.o)
                              /usr/lib/gcc/arm-none-eabi/13.2.1/../../../arm-none-eabi/lib/thumb/v8-m.main+fp/hard/libc_nano.a(libc_a-mallocr.o) (_sbrk_r)
/usr/lib/gcc/arm-none-eabi/13.2.1/../../../arm-none-eabi/lib/thumb/v8-m.main+fp/hard/libc_nano.a(libc_a-stdio.o)
                              /usr/lib/gcc/arm-none-eabi/13.2.1/../../../arm-none-eabi/lib/thumb/v8-m.main+fp/hard/libc_nano.a(libc_a-findfp.o) (__sread)
/usr/lib/gcc/arm-none-eabi/13.2.1/../../../arm-none-eabi/lib/thumb/v8-m.main+fp/hard/libc_nano.a(libc_a-closer.o)
                              /usr/lib/gcc/arm-none-eabi/13.2.1/../../../arm-none-eabi/lib/thumb/v8-m.main+fp/hard/libc_nano.a(libc_a-stdio.o) (_close_r)
/usr/lib/gcc/arm-none-eabi/13.2.1/../../../arm-none-eabi/lib/thumb/v8-m.main+fp/hard/libc_nano.a(libc_a-__call_atexit.o)
                              /usr/lib/gcc/arm-none-eabi/13.2.1/../../../arm-none-eabi/lib/thumb/v8-m.main+fp/hard/libc_nano.a(libc_a-__atexit.o) (__call_exitprocs)
/usr/lib/gcc/arm-none-eabi/13.2.1/../../../arm-none-eabi/lib/thumb/v8-m.main+fp/hard/libc_nano.a(libc_a-readr.o)
[...]
Memory Configuration

Name             Origin             Length             Attributes
FLASH            0x00000000         0x00002000         xr
RAM              0x20000000         0x00002000         xrw
*default*        0x00000000         0xffffffff

Linker script and memory map

LOAD /usr/lib/gcc/arm-none-eabi/13.2.1/thumb/v8-m.main+fp/hard/crti.o
LOAD /usr/lib/gcc/arm-none-eabi/13.2.1/thumb/v8-m.main+fp/hard/crtbegin.o
LOAD /usr/lib/gcc/arm-none-eabi/13.2.1/../../../arm-none-eabi/lib/thumb/v8-m.main+fp/hard/crt0.o
LOAD ./build-cm33-apps_cm33_vpr_launcher/drivers/print_lib.o
LOAD ./build-cm33-apps_cm33_vpr_launcher/drivers/uarte.o
LOAD ./build-cm33-apps_cm33_vpr_launcher/drivers/retarget.o
LOAD ./build-cm33-apps_cm33_vpr_launcher/apps/cm33/vpr_launcher/startup.o
LOAD ./build-cm33-apps_cm33_vpr_launcher/lib/nrfx/bsp/stable/mdk/system_nrf54l.o
LOAD /usr/lib/gcc/arm-none-eabi/13.2.1/thumb/v8-m.main+fp/hard/libgcc.a
LOAD /usr/lib/gcc/arm-none-eabi/13.2.1/../../../arm-none-eabi/lib/thumb/v8-m.main+fp/hard/libc_nano.a
START GROUP
LOAD /usr/lib/gcc/arm-none-eabi/13.2.1/thumb/v8-m.main+fp/hard/libgcc.a
LOAD /usr/lib/gcc/arm-none-eabi/13.2.1/../../../arm-none-eabi/lib/thumb/v8-m.main+fp/hard/libg_nano.a
LOAD /usr/lib/gcc/arm-none-eabi/13.2.1/../../../arm-none-eabi/lib/thumb/v8-m.main+fp/hard/libc_nano.a
END GROUP
START GROUP
LOAD /usr/lib/gcc/arm-none-eabi/13.2.1/thumb/v8-m.main+fp/hard/libgcc.a
LOAD /usr/lib/gcc/arm-none-eabi/13.2.1/../../../arm-none-eabi/lib/thumb/v8-m.main+fp/hard/libc_nano.a
END GROUP
LOAD /usr/lib/gcc/arm-none-eabi/13.2.1/thumb/v8-m.main+fp/hard/crtend.o
LOAD /usr/lib/gcc/arm-none-eabi/13.2.1/thumb/v8-m.main+fp/hard/crtn.o
                0x00000000                        . = ALIGN (ORIGIN (FLASH), 0x4)

.vectors        0x00000000        0x8
                0x00000000                        __vectors_start = .
 *(.isr_vector)
 .isr_vector    0x00000000        0x8 ./build-cm33-apps_cm33_vpr_launcher/apps/cm33/vpr_launcher/startup.o
                0x00000000                __isr_vector
 *(.vectors)
                0x00000008                        __vectors_size = SIZEOF (.vectors)
                0x00000008                        __vectors_end = (__vectors_start + __vectors_size)
                0x00000001                        ASSERT (((__vectors_start == __vectors_end) || ((__vectors_end - ORIGIN (FLASH)) <= LENGTH (FLASH))), error: .vectors is too large to fit in FLASH memory segment)
                0x00000008                        . = ALIGN (0x4)

.ctors          0x00000008        0x0
                0x00000008                        __ctors_start = .
                0x00000008                        __CTOR_LIST__ = .
 *crtbegin*.o(.ctors)
 *(EXCLUDE_FILE(*crtend*.o) .ctors)
 *(SORT_BY_NAME(.ctors.*))
 *(.ctors)
                0x00000008                        __CTOR_END__ = .
                0x00000000                        __ctors_size = SIZEOF (.ctors)
                0x00000008                        __ctors_end = (__ctors_start + __ctors_size)
                0x00000001                        ASSERT (((__ctors_start == __ctors_end) || ((__ctors_end - ORIGIN (FLASH)) <= LENGTH (FLASH))), error: .ctors is too large to fit in FLASH memory segment)
                0x00000008                        . = ALIGN (0x4)

.dtors          0x00000008        0x0
                0x00000008                        __dtors_start = .
                0x00000008                        __DTOR_LIST__ = .
 *crtbegin*.o(.dtors)
 *(EXCLUDE_FILE(*crtend*.o) .dtors)
 *(SORT_BY_NAME(.dtors.*))
 *(.dtors)
                0x00000008                        __DTOR_END__ = .
                0x00000000                        __dtors_size = SIZEOF (.dtors)
                0x00000008                        __dtors_end = (__dtors_start + __dtors_size)
                0x00000001                        ASSERT (((__dtors_start == __dtors_end) || ((__dtors_end - ORIGIN (FLASH)) <= LENGTH (FLASH))), error: .dtors is too large to fit in FLASH memory segment)
                0x00000008                        . = ALIGN (0x4)

.rodata         0x00000008        0x0
                0x00000008                        . = ALIGN (0x4)
                0x00000008                        __rodata_start = .
 *(.rodata*)
 *(.srodata .srodata.*)
                0x00000008                        . = ALIGN (0x4)
                0x00000000                        __rodata_size = SIZEOF (.rodata)
                0x00000008                        __rodata_end = (__rodata_start + __rodata_size)
                0x00000001                        ASSERT (((__rodata_start == __rodata_end) || ((__rodata_end - ORIGIN (FLASH)) <= LENGTH (FLASH))), error: .rodata is too large to fit in FLASH memory segment)
                0x00000008                        . = ALIGN (0x4)

.text           0x00000008       0xf8
                0x00000008                        __text_start = .
 *(.startup)
 *(.startup*)
 *(.text*)
 .text          0x00000008       0x8c /usr/lib/gcc/arm-none-eabi/13.2.1/thumb/v8-m.main+fp/hard/crtbegin.o
 .text          0x00000094       0x48 ./build-cm33-apps_cm33_vpr_launcher/apps/cm33/vpr_launcher/startup.o
                0x00000094                Reset_Handler
                0x000000dc                        . = ALIGN (0x4)
 *(.init)
 .init          0x000000dc        0x4 /usr/lib/gcc/arm-none-eabi/13.2.1/thumb/v8-m.main+fp/hard/crti.o
                0x000000dc                _init
 .init          0x000000e0        0x8 /usr/lib/gcc/arm-none-eabi/13.2.1/thumb/v8-m.main+fp/hard/crtn.o
                0x000000e8                        . = ALIGN (0x4)
                0x000000e8                        __preinit_array_start = .
 *(.preinit_array)
                0x000000e8                        __preinit_array_end = .
                0x000000e8                        . = ALIGN (0x4)
                0x000000e8                        __init_array_start = .
 *(SORT_BY_NAME(.init_array.*))
 *(.init_array)
 .init_array    0x000000e8        0x4 /usr/lib/gcc/arm-none-eabi/13.2.1/thumb/v8-m.main+fp/hard/crtbegin.o
                0x000000ec                        __init_array_end = .
 *(.fini)
 .fini          0x000000ec        0x4 /usr/lib/gcc/arm-none-eabi/13.2.1/thumb/v8-m.main+fp/hard/crti.o
                0x000000ec                _fini
 .fini          0x000000f0        0x8 /usr/lib/gcc/arm-none-eabi/13.2.1/thumb/v8-m.main+fp/hard/crtn.o
                0x000000f8                        . = ALIGN (0x4)
                0x000000f8                        __fini_array_start = .
 *(.fini_array)
 .fini_array    0x000000f8        0x4 /usr/lib/gcc/arm-none-eabi/13.2.1/thumb/v8-m.main+fp/hard/crtbegin.o
 *(SORT_BY_NAME(.fini_array.*))
                0x000000fc                        __fini_array_end = .
                0x000000fc                        . = ALIGN (0x4)
 *(.eh_frame*)
 .eh_frame      0x000000fc        0x0 /usr/lib/gcc/arm-none-eabi/13.2.1/thumb/v8-m.main+fp/hard/crtbegin.o
 .eh_frame      0x000000fc        0x4 /usr/lib/gcc/arm-none-eabi/13.2.1/thumb/v8-m.main+fp/hard/crtend.o
                0x00000100                        . = ALIGN (0x4)
 *(.eh_frame_hdr)
                0x00000100                        . = ALIGN (0x4)
 *(.hash)
 *(.gnu.hash)
                0x00000100                        . = ALIGN (0x4)
 *(.gnu_extab* .gnu.linkonce.extab.*)
                0x00000100                        . = ALIGN (0x4)
                0x00000100                        __exidx_start = .
 *(.gnu_exidx* .gnu.linkonce.exidx.*)
                0x00000100                        . = ALIGN (0x4)
                0x00000100                        __exidx_end = .
                0x000000f8                        __text_size = SIZEOF (.text)
                0x00000100                        __text_end = (__text_start + __text_size)
                0x00000001                        ASSERT (((__text_start == __text_end) || ((__text_end - ORIGIN (FLASH)) <= LENGTH (FLASH))), error: .text is too large to fit in FLASH memory segment)

.glue_7         0x00000100        0x0
 .glue_7        0x00000100        0x0 linker stubs

.glue_7t        0x00000100        0x0
 .glue_7t       0x00000100        0x0 linker stubs

.vfp11_veneer   0x00000100        0x0
 .vfp11_veneer  0x00000100        0x0 linker stubs

.v4_bx          0x00000100        0x0
 .v4_bx         0x00000100        0x0 linker stubs

.iplt           0x00000100        0x0
 .iplt          0x00000100        0x0 /usr/lib/gcc/arm-none-eabi/13.2.1/thumb/v8-m.main+fp/hard/crtbegin.o

.rel.dyn        0x00000100        0x0
 .rel.iplt      0x00000100        0x0 /usr/lib/gcc/arm-none-eabi/13.2.1/thumb/v8-m.main+fp/hard/crtbegin.o
                0x00000100                        . = ALIGN (0x4)

.copy.table     0x00000100       0x30
                0x00000100                        __copy_table_start__ = .
                0x00000100        0x4 LONG 0x148 __data_load_start
                0x00000104        0x4 LONG 0x20000000 __data_start
                0x00000108        0x4 LONG 0x0 ((__data_end - __data_start) / 0x4)
                0x0000010c        0x4 LONG 0x148 __sdata_load_start
                0x00000110        0x4 LONG 0x20000000 __sdata_start
                0x00000114        0x4 LONG 0x0 ((__sdata_end - __sdata_start) / 0x4)
                0x00000118        0x4 LONG 0x148 __tdata_load_start
                0x0000011c        0x4 LONG 0x20000000 __tdata_start
                0x00000120        0x4 LONG 0x0 ((__tdata_end - __tdata_start) / 0x4)
                0x00000124        0x4 LONG 0x148 __fast_load_start
                0x00000128        0x4 LONG 0x20000000 __fast_start
                0x0000012c        0x4 LONG 0x0 ((__fast_end - __fast_start) / 0x4)
                0x00000130                        __copy_table_end__ = .
                0x00000130                        . = ALIGN (0x4)

.zero.table     0x00000130       0x18
                0x00000130                        __zero_table_start__ = .
                0x00000130        0x4 LONG 0x20000000 __bss_start
                0x00000134        0x4 LONG 0x7 ((__bss_end - __bss_start) / 0x4)
                0x00000138        0x4 LONG 0x2000001c __sbss_start
                0x0000013c        0x4 LONG 0x0 ((__sbss_end - __sbss_start) / 0x4)
                0x00000140        0x4 LONG 0x2000001c __tbss_start
                0x00000144        0x4 LONG 0x0 ((__tbss_end - __tbss_start) / 0x4)
                0x00000148                        __zero_table_end__ = .
                0x00000148                        . = ALIGN (0x4)
                0x00000148                        __etext = .
                [!provide]                        PROVIDE (etext = .)
                0x00000148                        PROVIDE (_etext = .)
                0x00000148                        . = ALIGN (0x4)
                0x00000148                        __all_data_load_start = .
                0x00000148                        __data_load_start = .

.data           0x20000000        0x0 load address 0x00000148
                0x20000000                        . = ALIGN (0x4)
                0x20000000                        __data_start = .
                0x20000000                        __data_start__ = .
 *(vtable)
 *(.data* .gnu.linkonce.d.*)
                0x20000000                        . = ALIGN (0x4)
 *(.jcr*)
                0x00000000                        __data_size = SIZEOF (.data)
                0x20000000                        __data_end = (__data_start + __data_size)
                0x20000000                        __data_end__ = __data_end
                0x00000148                        __data_load_end = (__data_load_start + __data_size)
                0x00000001                        ASSERT (((__data_load_start == __data_load_end) || ((__data_load_end - ORIGIN (FLASH)) <= LENGTH (FLASH))), error: .data is too large to fit in FLASH memory segment)
                0x00000001                        ASSERT (((__data_start == __data_end) || ((__data_end - ORIGIN (RAM)) <= LENGTH (RAM))), error: .data is too large to fit in RAM memory segment)

.tm_clone_table
                0x20000000        0x0
 .tm_clone_table
                0x20000000        0x0 /usr/lib/gcc/arm-none-eabi/13.2.1/thumb/v8-m.main+fp/hard/crtbegin.o
 .tm_clone_table
                0x20000000        0x0 /usr/lib/gcc/arm-none-eabi/13.2.1/thumb/v8-m.main+fp/hard/crtend.o

.igot.plt       0x20000000        0x0
 .igot.plt      0x20000000        0x0 /usr/lib/gcc/arm-none-eabi/13.2.1/thumb/v8-m.main+fp/hard/crtbegin.o
                0x20000000                        . = ALIGN (0x4)
                0x00000148                        __sdata_load_start = ALIGN (__data_load_end, 0x4)

.sdata          0x20000000        0x0 load address 0x00000148
                0x20000000                        . = ALIGN (0x4)
                0x20000000                        __sdata_start = .
 *(.sdata .sdata.* .gnu.linkonce.s.*)
 *(.sdata2 .sdata2.* .gnu.linkonce.s2.*)
                0x20000000                        . = ALIGN (0x4)
                0x00000000                        __sdata_size = SIZEOF (.sdata)
                0x20000000                        __sdata_end = (__sdata_start + __sdata_size)
                0x00000148                        __sdata_load_end = (__sdata_load_start + __sdata_size)
                0x00000001                        ASSERT (((__sdata_load_start == __sdata_load_end) || ((__sdata_load_end - ORIGIN (FLASH)) <= LENGTH (FLASH))), error: .sdata is too large to fit in FLASH memory segment)
                0x00000001                        ASSERT (((__sdata_start == __sdata_end) || ((__sdata_end - ORIGIN (RAM)) <= LENGTH (RAM))), error: .sdata is too large to fit in RAM memory segment)
                0x20000000                        . = ALIGN (0x4)
                0x00000148                        __tdata_load_start = ALIGN (__sdata_load_end, 0x4)

.tdata          0x20000000        0x0 load address 0x00000148
                0x20000000                        . = ALIGN (0x4)
                0x20000000                        __tdata_start = .
 *(.tdata .tdata.* .gnu.linkonce.td.*)
 *(.stdata .stdata.*)
                0x20000000                        . = ALIGN (0x4)
                0x00000000                        __tdata_size = SIZEOF (.tdata)
                0x20000000                        __tdata_end = (__tdata_start + __tdata_size)
                0x00000148                        __tdata_load_end = (__tdata_load_start + __tdata_size)
                0x00000001                        ASSERT (((__tdata_load_start == __tdata_load_end) || ((__tdata_load_end - ORIGIN (FLASH)) <= LENGTH (FLASH))), error: .tdata is too large to fit in FLASH memory segment)
                0x00000001                        ASSERT (((__tdata_start == __tdata_end) || ((__tdata_end - ORIGIN (RAM)) <= LENGTH (RAM))), error: .tdata is too large to fit in RAM memory segment)
                0x20000000                        . = ALIGN (0x4)
                0x00000148                        __fast_load_start = ALIGN (__tdata_load_end, 0x4)

.fast           0x20000000        0x0 load address 0x00000148
                0x20000000                        . = ALIGN (0x4)
                0x20000000                        __fast_start = .
 *(.fast .fast.*)
 *(.fastcode .fastcode.*)
 *(.fastdata .fastdata.*)
 *(.ramcode*)
                0x20000000                        . = ALIGN (0x4)
                0x00000000                        __fast_size = SIZEOF (.fast)
                0x20000000                        __fast_end = (__fast_start + __fast_size)
                0x00000148                        __fast_load_end = (__fast_load_start + __fast_size)
                0x00000001                        ASSERT (((__fast_load_start == __fast_load_end) || ((__fast_load_end - ORIGIN (FLASH)) <= LENGTH (FLASH))), error: .fast is too large to fit in FLASH memory segment)
                0x00000001                        ASSERT (((__fast_start == __fast_end) || ((__fast_end - ORIGIN (RAM)) <= LENGTH (RAM))), error: .fast is too large to fit in RAM memory segment)
                0x20000000                        . = ALIGN (0x4)
                0x20000000                        _edata = .
                [!provide]                        PROVIDE (edata = .)
                [!provide]                        PROVIDE (__edata = .)
                0x20000000                        . = ALIGN (0x4)

.noinit         0x20000000        0x0
                0x20000000                        __noinit_start = .
                [!provide]                        PROVIDE (__noinit_start__ = .)
 *(.noinit .noinit.*)
 *(.no_init .no_init.*)
 *(.noninit .noninit.*)
 *(.non_init .non_init.*)
                0x20000000                        . = ALIGN (0x4)
                0x00000000                        __noinit_size = SIZEOF (.noinit)
                0x20000000                        __noinit_end = (__noinit_start + __noinit_size)
                0x20000000                        __noinit_end__ = __noinit_end
                0x00000001                        ASSERT (((__noinit_start == __noinit_end) || ((__noinit_end - ORIGIN (RAM)) <= LENGTH (RAM))), error: .noinit is too large to fit in RAM memory segment)
                0x20000000                        . = ALIGN (0x4)

.bss            0x20000000       0x1c
                0x20000000                        __bss_start = .
                0x20000000                        PROVIDE (__bss_start__ = .)
 *(.bss* .gnu.linkonce.b.*)
 .bss           0x20000000       0x1c /usr/lib/gcc/arm-none-eabi/13.2.1/thumb/v8-m.main+fp/hard/crtbegin.o
 *(.dynbss)
 *(COMMON)
                0x2000001c                        . = ALIGN (0x4)
                0x0000001c                        __bss_size = SIZEOF (.bss)
                0x2000001c                        __bss_end = (__bss_start + __bss_size)
                0x2000001c                        __bss_end__ = __bss_end
                0x00000001                        ASSERT (((__bss_start == __bss_end) || ((__bss_end - ORIGIN (RAM)) <= LENGTH (RAM))), error: .bss is too large to fit in RAM memory segment)
                0x2000001c                        . = ALIGN (0x4)

.sbss           0x2000001c        0x0
                0x2000001c                        __sbss_start = .
                0x2000001c                        __sbss_start__ = __sbss_start
 *(.sbss .sbss.* .gnu.linkonce.sb.*)
 *(.sbss2 .sbss2.* .gnu.linkonce.sb2.*)
 *(.dynsbss)
                0x2000001c                        . = ALIGN (0x4)
                0x00000000                        __sbss_size = SIZEOF (.sbss)
                0x2000001c                        __sbss_end = (__sbss_start + __sbss_size)
                0x2000001c                        __sbss_end__ = __sbss_end
                0x00000001                        ASSERT (((__sbss_start == __sbss_end) || ((__sbss_end - ORIGIN (RAM)) <= LENGTH (RAM))), error: .sbss is too large to fit in RAM memory segment)
                0x2000001c                        . = ALIGN (0x4)

.tbss           0x2000001c        0x0
                0x2000001c                        __tbss_start = .
                0x2000001c                        __tbss_start__ = __tbss_start
                0x2000001c                        . = ALIGN (0x4)
 *(.tbss .tbss.* .gnu.linkonce.tb.*)
 *(.tcommon)
 *(.stbss .stbss.*)
                0x2000001c                        . = ALIGN (0x4)
                0x00000000                        __tbss_size = SIZEOF (.tbss)
                0x2000001c                        __tbss_end = (__tbss_start + __tbss_size)
                0x2000001c                        __tbss_end__ = __tbss_end
                0x00000001                        ASSERT (((__tbss_start == __tbss_end) || ((__tbss_end - ORIGIN (RAM)) <= LENGTH (RAM))), error: .tbss is too large to fit in RAM memory segment)
                0x2000001c                        . = ALIGN (0x4)
                0x2000001c                        . = SEGMENT_START ("ldata-segment", .)
                0x2000001c                        . = ALIGN (0x4)

.heap           0x2000001c        0x4
                0x2000001c                        __heap_start = .
                0x2000001c                        __HeapBase = .
                0x2000001c                        __heap_base = .
                0x2000001c                        __end = .
                [!provide]                        PROVIDE (end = .)
                [!provide]                        PROVIDE (_end = .)
                [!provide]                        PROVIDE (__end__ = .)
 *(.heap*)
 *fill*         0x2000001c        0x4 
 .heap          0x20000020        0x0 ./build-cm33-apps_cm33_vpr_launcher/apps/cm33/vpr_launcher/startup.o
                0x20000020                        __HeapLimit = .
                0x20000020                        __heap_limit = .
                0x20000020                        __heap_end = .

.stack_dummy    0x20000020      0x400
 *(.stack*)
 .stack         0x20000020      0x400 ./build-cm33-apps_cm33_vpr_launcher/apps/cm33/vpr_launcher/startup.o
                0x20002000                        __stack_end = (ORIGIN (RAM) + LENGTH (RAM))
                0x20002000                        __StackTop = (ORIGIN (RAM) + LENGTH (RAM))
                0x20001c00                        __StackLimit = (__StackTop - SIZEOF (.stack_dummy))
                0x20002000                        PROVIDE (__stack = __StackTop)
                0x00000001                        ASSERT ((__StackLimit >= __HeapLimit), region RAM overflowed with stack)
                0x00000000                        DataInitFlashUsed = (__bss_start - __data_start)
                0x00000148                        CodeFlashUsed = (_etext - ORIGIN (FLASH))
                0x00000148                        TotalFlashUsed = (CodeFlashUsed + DataInitFlashUsed)
                0x00000001                        ASSERT ((TotalFlashUsed <= LENGTH (FLASH)), region FLASH overflowed with .data and user data)
OUTPUT(build-cm33-apps_cm33_vpr_launcher/firmware.elf elf32-littlearm)
LOAD linker stubs

.ARM.attributes
                0x00000000       0x36
 .ARM.attributes
                0x00000000       0x26 /usr/lib/gcc/arm-none-eabi/13.2.1/thumb/v8-m.main+fp/hard/crti.o
 .ARM.attributes
                0x00000026       0x38 /usr/lib/gcc/arm-none-eabi/13.2.1/thumb/v8-m.main+fp/hard/crtbegin.o
 .ARM.attributes
                0x0000005e       0x24 ./build-cm33-apps_cm33_vpr_launcher/apps/cm33/vpr_launcher/startup.o
 .ARM.attributes
                0x00000082       0x38 /usr/lib/gcc/arm-none-eabi/13.2.1/thumb/v8-m.main+fp/hard/crtend.o
 .ARM.attributes
                0x000000ba       0x26 /usr/lib/gcc/arm-none-eabi/13.2.1/thumb/v8-m.main+fp/hard/crtn.o

.comment        0x00000000       0x26
 .comment       0x00000000       0x26 /usr/lib/gcc/arm-none-eabi/13.2.1/thumb/v8-m.main+fp/hard/crtbegin.o
                                 0x27 (size before relaxing)
 .comment       0x00000026       0x27 /usr/lib/gcc/arm-none-eabi/13.2.1/thumb/v8-m.main+fp/hard/crtend.o

.debug_line     0x00000000       0x6b
 .debug_line    0x00000000       0x6b ./build-cm33-apps_cm33_vpr_launcher/apps/cm33/vpr_launcher/startup.o

.debug_line_str
                0x00000000       0x48
 .debug_line_str
                0x00000000       0x48 ./build-cm33-apps_cm33_vpr_launcher/apps/cm33/vpr_launcher/startup.o

.debug_info     0x00000000       0x31
 .debug_info    0x00000000       0x31 ./build-cm33-apps_cm33_vpr_launcher/apps/cm33/vpr_launcher/startup.o

.debug_abbrev   0x00000000       0x28
 .debug_abbrev  0x00000000       0x28 ./build-cm33-apps_cm33_vpr_launcher/apps/cm33/vpr_launcher/startup.o

.debug_aranges  0x00000000       0x20
 .debug_aranges
                0x00000000       0x20 ./build-cm33-apps_cm33_vpr_launcher/apps/cm33/vpr_launcher/startup.o

.debug_str      0x00000000       0x62
 .debug_str     0x00000000       0x62 ./build-cm33-apps_cm33_vpr_launcher/apps/cm33/vpr_launcher/startup.o
