Archive member included to satisfy reference by file (symbol)

/home/haar/opt/corev-open-hw-gcc/bin/../lib/gcc/riscv32-corev-elf/14.1.0/rv32em/ilp32e/libgcc.a(_udivdi3.o)
                              ./build-vpr-apps_vpr_mlkem_ref/apps/vpr/mlkem_ref/test/test_speed.o (__udivdi3)
/home/haar/opt/corev-open-hw-gcc/bin/../lib/gcc/riscv32-corev-elf/14.1.0/rv32em/ilp32e/libgcc.a(_clz.o)
                              /home/haar/opt/corev-open-hw-gcc/bin/../lib/gcc/riscv32-corev-elf/14.1.0/rv32em/ilp32e/libgcc.a(_udivdi3.o) (__clz_tab)
/home/haar/opt/corev-open-hw-gcc/bin/../lib/gcc/riscv32-corev-elf/14.1.0/../../../../riscv32-corev-elf/lib/rv32em/ilp32e/libc_nano.a(libc_a-errno.o)
                              ./build-vpr-apps_vpr_mlkem_ref/drivers/retarget.o (__errno)
/home/haar/opt/corev-open-hw-gcc/bin/../lib/gcc/riscv32-corev-elf/14.1.0/../../../../riscv32-corev-elf/lib/rv32em/ilp32e/libc_nano.a(libc_a-memcpy-asm.o)
                              ./build-vpr-apps_vpr_mlkem_ref/apps/vpr/mlkem_ref/indcpa.o (memcpy)
/home/haar/opt/corev-open-hw-gcc/bin/../lib/gcc/riscv32-corev-elf/14.1.0/../../../../riscv32-corev-elf/lib/rv32em/ilp32e/libc_nano.a(libc_a-qsort.o)
                              ./build-vpr-apps_vpr_mlkem_ref/apps/vpr/mlkem_ref/test/speed_print.o (qsort)
/home/haar/opt/corev-open-hw-gcc/bin/../lib/gcc/riscv32-corev-elf/14.1.0/../../../../riscv32-corev-elf/lib/rv32em/ilp32e/libc_nano.a(libc_a-impure.o)
                              /home/haar/opt/corev-open-hw-gcc/bin/../lib/gcc/riscv32-corev-elf/14.1.0/../../../../riscv32-corev-elf/lib/rv32em/ilp32e/libc_nano.a(libc_a-errno.o) (_impure_ptr)

Discarded input sections

 .group         0x00000000        0xc ./build-vpr-apps_vpr_mlkem_ref/apps/vpr/mlkem_ref/cbd.o
 .group         0x00000000        0xc ./build-vpr-apps_vpr_mlkem_ref/apps/vpr/mlkem_ref/cbd.o
 .group         0x00000000        0xc ./build-vpr-apps_vpr_mlkem_ref/apps/vpr/mlkem_ref/cbd.o
 .group         0x00000000        0xc ./build-vpr-apps_vpr_mlkem_ref/apps/vpr/mlkem_ref/cbd.o
 .group         0x00000000        0xc ./build-vpr-apps_vpr_mlkem_ref/apps/vpr/mlkem_ref/cbd.o
 .group         0x00000000        0xc ./build-vpr-apps_vpr_mlkem_ref/apps/vpr/mlkem_ref/cbd.o
 .group         0x00000000        0xc ./build-vpr-apps_vpr_mlkem_ref/apps/vpr/mlkem_ref/cbd.o
 .group         0x00000000        0xc ./build-vpr-apps_vpr_mlkem_ref/apps/vpr/mlkem_ref/cbd.o
 .group         0x00000000        0xc ./build-vpr-apps_vpr_mlkem_ref/apps/vpr/mlkem_ref/cbd.o
 .group         0x00000000        0xc ./build-vpr-apps_vpr_mlkem_ref/apps/vpr/mlkem_ref/cbd.o
 .group         0x00000000        0xc ./build-vpr-apps_vpr_mlkem_ref/apps/vpr/mlkem_ref/cbd.o
 .group         0x00000000        0xc ./build-vpr-apps_vpr_mlkem_ref/apps/vpr/mlkem_ref/cbd.o
 .group         0x00000000        0xc ./build-vpr-apps_vpr_mlkem_ref/apps/vpr/mlkem_ref/cbd.o
 .group         0x00000000        0xc ./build-vpr-apps_vpr_mlkem_ref/apps/vpr/mlkem_ref/cbd.o
 .group         0x00000000        0xc ./build-vpr-apps_vpr_mlkem_ref/apps/vpr/mlkem_ref/cbd.o
 .group         0x00000000        0xc ./build-vpr-apps_vpr_mlkem_ref/apps/vpr/mlkem_ref/cbd.o
 .group         0x00000000        0xc ./build-vpr-apps_vpr_mlkem_ref/apps/vpr/mlkem_ref/cbd.o
 .group         0x00000000        0xc ./build-vpr-apps_vpr_mlkem_ref/apps/vpr/mlkem_ref/cbd.o
 .group         0x00000000        0xc ./build-vpr-apps_vpr_mlkem_ref/apps/vpr/mlkem_ref/cbd.o
 .group         0x00000000        0xc ./build-vpr-apps_vpr_mlkem_ref/apps/vpr/mlkem_ref/cbd.o
 .group         0x00000000        0xc ./build-vpr-apps_vpr_mlkem_ref/apps/vpr/mlkem_ref/cbd.o
 .group         0x00000000        0xc ./build-vpr-apps_vpr_mlkem_ref/apps/vpr/mlkem_ref/cbd.o
 .group         0x00000000        0xc ./build-vpr-apps_vpr_mlkem_ref/apps/vpr/mlkem_ref/cbd.o
 .group         0x00000000        0xc ./build-vpr-apps_vpr_mlkem_ref/apps/vpr/mlkem_ref/cbd.o
 .group         0x00000000        0xc ./build-vpr-apps_vpr_mlkem_ref/apps/vpr/mlkem_ref/cbd.o
 .group         0x00000000        0xc ./build-vpr-apps_vpr_mlkem_ref/apps/vpr/mlkem_ref/cbd.o
 .group         0x00000000        0xc ./build-vpr-apps_vpr_mlkem_ref/apps/vpr/mlkem_ref/cbd.o
 .group         0x00000000        0xc ./build-vpr-apps_vpr_mlkem_ref/apps/vpr/mlkem_ref/cbd.o
 .group         0x00000000        0xc ./build-vpr-apps_vpr_mlkem_ref/apps/vpr/mlkem_ref/cbd.o
 .group         0x00000000        0xc ./build-vpr-apps_vpr_mlkem_ref/apps/vpr/mlkem_ref/cbd.o
 .group         0x00000000        0xc ./build-vpr-apps_vpr_mlkem_ref/apps/vpr/mlkem_ref/cbd.o
 .group         0x00000000        0xc ./build-vpr-apps_vpr_mlkem_ref/apps/vpr/mlkem_ref/cbd.o
 .group         0x00000000        0xc ./build-vpr-apps_vpr_mlkem_ref/apps/vpr/mlkem_ref/cbd.o
 .group         0x00000000        0xc ./build-vpr-apps_vpr_mlkem_ref/apps/vpr/mlkem_ref/cbd.o
 .group         0x00000000        0xc ./build-vpr-apps_vpr_mlkem_ref/apps/vpr/mlkem_ref/cbd.o
[...]
Memory Configuration

Name             Origin             Length             Attributes
FLASH            0x20000000         0x00010000         xrw
RAM              0x20010000         0x00010000         xrw
*default*        0x00000000         0xffffffff

Linker script and memory map

LOAD ./build-vpr-apps_vpr_mlkem_ref/apps/vpr/mlkem_ref/cbd.o
LOAD ./build-vpr-apps_vpr_mlkem_ref/apps/vpr/mlkem_ref/fips202.o
LOAD ./build-vpr-apps_vpr_mlkem_ref/apps/vpr/mlkem_ref/indcpa.o
LOAD ./build-vpr-apps_vpr_mlkem_ref/apps/vpr/mlkem_ref/kem.o
LOAD ./build-vpr-apps_vpr_mlkem_ref/apps/vpr/mlkem_ref/ntt.o
LOAD ./build-vpr-apps_vpr_mlkem_ref/apps/vpr/mlkem_ref/poly.o
LOAD ./build-vpr-apps_vpr_mlkem_ref/apps/vpr/mlkem_ref/polyvec.o
LOAD ./build-vpr-apps_vpr_mlkem_ref/apps/vpr/mlkem_ref/reduce.o
LOAD ./build-vpr-apps_vpr_mlkem_ref/apps/vpr/mlkem_ref/verify.o
LOAD ./build-vpr-apps_vpr_mlkem_ref/apps/vpr/mlkem_ref/symmetric-shake.o
LOAD ./build-vpr-apps_vpr_mlkem_ref/apps/vpr/mlkem_ref/randombytes.o
LOAD ./build-vpr-apps_vpr_mlkem_ref/apps/vpr/mlkem_ref/test/test_speed.o
LOAD ./build-vpr-apps_vpr_mlkem_ref/apps/vpr/mlkem_ref/test/cpucycles.o
LOAD ./build-vpr-apps_vpr_mlkem_ref/apps/vpr/mlkem_ref/test/speed_print.o
LOAD ./build-vpr-apps_vpr_mlkem_ref/drivers/print_lib.o
LOAD ./build-vpr-apps_vpr_mlkem_ref/drivers/uarte.o
LOAD ./build-vpr-apps_vpr_mlkem_ref/drivers/retarget.o
LOAD ./build-vpr-apps_vpr_mlkem_ref/lib/nrfx/bsp/stable/mdk/gcc_startup_nrf54lm20a_flpr.o
LOAD ./build-vpr-apps_vpr_mlkem_ref/lib/nrfx/bsp/stable/mdk/system_nrf54l.o
LOAD /home/haar/opt/corev-open-hw-gcc/bin/../lib/gcc/riscv32-corev-elf/14.1.0/rv32em/ilp32e/libgcc.a
LOAD /home/haar/opt/corev-open-hw-gcc/bin/../lib/gcc/riscv32-corev-elf/14.1.0/../../../../riscv32-corev-elf/lib/rv32em/ilp32e/libc_nano.a
                0x20000000                        . = ALIGN (ORIGIN (FLASH), 0x4)

.startup        0x20000000       0xd4
                0x20000000                        __startup_start = .
 *(.startup)
 .startup       0x20000000       0xd4 ./build-vpr-apps_vpr_mlkem_ref/lib/nrfx/bsp/stable/mdk/gcc_startup_nrf54lm20a_flpr.o
                0x20000000                Reset_Handler
 *(.startup*)
                0x000000d4                        __startup_size = SIZEOF (.startup)
                0x200000d4                        __startup_end = (__startup_start + __startup_size)
                0x00000001                        ASSERT (((__startup_start == __startup_end) || ((__startup_end - ORIGIN (FLASH)) <= LENGTH (FLASH))), error: .startup is too large to fit in FLASH memory segment)
                0x00000001                        ASSERT ((__startup_end <= (ORIGIN (FLASH) + 0x1f0)), error: .startup is too large. It must be less than 0x01F0 bytes)

.isr_return     0x200001f0        0xe
 *(.isr_return)
 .isr_return    0x200001f0        0xe ./build-vpr-apps_vpr_mlkem_ref/lib/nrfx/bsp/stable/mdk/gcc_startup_nrf54lm20a_flpr.o
                0x200001f0                __isr_return
                0x200001f8                Trap_Handler
                0x20000200                        . = ALIGN (0x4)

.vectors        0x20000200      0x502
                0x20000200                        __vectors_start = .
 *(.isr_vector)
 .isr_vector    0x20000200      0x502 ./build-vpr-apps_vpr_mlkem_ref/lib/nrfx/bsp/stable/mdk/gcc_startup_nrf54lm20a_flpr.o
                0x20000200                __isr_vector
 *(.vectors)
                0x00000502                        __vectors_size = SIZEOF (.vectors)
                0x20000702                        __vectors_end = (__vectors_start + __vectors_size)
                0x00000001                        ASSERT (((__vectors_start == __vectors_end) || ((__vectors_end - ORIGIN (FLASH)) <= LENGTH (FLASH))), error: .vectors is too large to fit in FLASH memory segment)
                0x20000704                        . = ALIGN (0x4)

.ctors          0x20000704        0x0
                0x20000704                        __ctors_start = .
                0x20000704                        __CTOR_LIST__ = .
 *crtbegin*.o(.ctors)
 *(EXCLUDE_FILE(*crtend*.o) .ctors)
 *(SORT_BY_NAME(.ctors.*))
 *(.ctors)
                0x20000704                        __CTOR_END__ = .
                0x00000000                        __ctors_size = SIZEOF (.ctors)
                0x20000704                        __ctors_end = (__ctors_start + __ctors_size)
                0x00000001                        ASSERT (((__ctors_start == __ctors_end) || ((__ctors_end - ORIGIN (FLASH)) <= LENGTH (FLASH))), error: .ctors is too large to fit in FLASH memory segment)
                0x20000704                        . = ALIGN (0x4)

.dtors          0x20000704        0x0
                0x20000704                        __dtors_start = .
                0x20000704                        __DTOR_LIST__ = .
 *crtbegin*.o(.dtors)
 *(EXCLUDE_FILE(*crtend*.o) .dtors)
 *(SORT_BY_NAME(.dtors.*))
 *(.dtors)
                0x20000704                        __DTOR_END__ = .
                0x00000000                        __dtors_size = SIZEOF (.dtors)
                0x20000704                        __dtors_end = (__dtors_start + __dtors_size)
                0x00000001                        ASSERT (((__dtors_start == __dtors_end) || ((__dtors_end - ORIGIN (FLASH)) <= LENGTH (FLASH))), error: .dtors is too large to fit in FLASH memory segment)
                0x20000704                        . = ALIGN (0x4)

.rodata         0x20000704      0xa44
                0x20000704                        . = ALIGN (0x4)
                0x20000704                        __rodata_start = .
 *(.rodata*)
 *fill*         0x20000704        0x4 
 .rodata.KeccakF_RoundConstants
                0x20000708       0xc0 ./build-vpr-apps_vpr_mlkem_ref/apps/vpr/mlkem_ref/fips202.o
 .rodata.pqcrystals_kyber512_ref_zetas
                0x200007c8      0x100 ./build-vpr-apps_vpr_mlkem_ref/apps/vpr/mlkem_ref/ntt.o
                0x200007c8                pqcrystals_kyber512_ref_zetas
 .rodata.print_stuff.str1.4
                0x200008c8      0x6fb ./build-vpr-apps_vpr_mlkem_ref/apps/vpr/mlkem_ref/test/test_speed.o
                                0x50c (size before relaxing)
 .rodata.main.str1.4
                0x20000fc3      0x19f ./build-vpr-apps_vpr_mlkem_ref/apps/vpr/mlkem_ref/test/test_speed.o
 .rodata.print_results.str1.4
                0x20000fc3       0x3e ./build-vpr-apps_vpr_mlkem_ref/apps/vpr/mlkem_ref/test/speed_print.o
 .rodata.print_cycles.str1.4
                0x20000fc3        0x5 ./build-vpr-apps_vpr_mlkem_ref/apps/vpr/mlkem_ref/test/speed_print.o
 .rodata.print.constprop.0.str1.4
                0x20000fc3        0x7 ./build-vpr-apps_vpr_mlkem_ref/drivers/print_lib.o
 *fill*         0x20000fc3        0x1 
 .rodata.print.constprop.0
                0x20000fc4       0x84 ./build-vpr-apps_vpr_mlkem_ref/drivers/print_lib.o
 .rodata        0x20001048      0x100 /home/haar/opt/corev-open-hw-gcc/bin/../lib/gcc/riscv32-corev-elf/14.1.0/rv32em/ilp32e/libgcc.a(_clz.o)
                0x20001048                __clz_tab
 *(.srodata .srodata.*)
                0x20001148                        . = ALIGN (0x4)
                0x00000a44                        __rodata_size = SIZEOF (.rodata)
                0x20001148                        __rodata_end = (__rodata_start + __rodata_size)
                0x00000001                        ASSERT (((__rodata_start == __rodata_end) || ((__rodata_end - ORIGIN (FLASH)) <= LENGTH (FLASH))), error: .rodata is too large to fit in FLASH memory segment)
                0x20001148                        . = ALIGN (0x4)

.text           0x20001148     0x65dc
                0x20001148                        __text_start = .
 *(.text*)
 .text.pqcrystals_kyber512_ref_poly_cbd_eta1
                0x20001148       0xc4 ./build-vpr-apps_vpr_mlkem_ref/apps/vpr/mlkem_ref/cbd.o
                0x20001148                pqcrystals_kyber512_ref_poly_cbd_eta1
 .text.pqcrystals_kyber512_ref_poly_cbd_eta2
                0x2000120c      0x11a ./build-vpr-apps_vpr_mlkem_ref/apps/vpr/mlkem_ref/cbd.o
                0x2000120c                pqcrystals_kyber512_ref_poly_cbd_eta2
 .text.KeccakF1600_StatePermute
                0x20001326     0x19b6 ./build-vpr-apps_vpr_mlkem_ref/apps/vpr/mlkem_ref/fips202.o
 .text.keccak_absorb
                0x20002cdc      0x148 ./build-vpr-apps_vpr_mlkem_ref/apps/vpr/mlkem_ref/fips202.o
 .text.keccak_absorb_once.constprop.1
                0x20002e24      0x178 ./build-vpr-apps_vpr_mlkem_ref/apps/vpr/mlkem_ref/fips202.o
 .text.keccak_absorb_once.constprop.2
                0x20002f9c      0x176 ./build-vpr-apps_vpr_mlkem_ref/apps/vpr/mlkem_ref/fips202.o
 .text.pqcrystals_kyber_fips202_ref_shake128_absorb_once
                0x20003112       0x1a ./build-vpr-apps_vpr_mlkem_ref/apps/vpr/mlkem_ref/fips202.o
                0x20003112                pqcrystals_kyber_fips202_ref_shake128_absorb_once
 .text.pqcrystals_kyber_fips202_ref_shake128_squeezeblocks
                0x2000312c       0x7a ./build-vpr-apps_vpr_mlkem_ref/apps/vpr/mlkem_ref/fips202.o
                0x2000312c                pqcrystals_kyber_fips202_ref_shake128_squeezeblocks
 .text.pqcrystals_kyber_fips202_ref_shake256_init
                0x200031a6       0x1a ./build-vpr-apps_vpr_mlkem_ref/apps/vpr/mlkem_ref/fips202.o
                0x200031a6                pqcrystals_kyber_fips202_ref_shake256_init
 .text.pqcrystals_kyber_fips202_ref_shake256_absorb
                0x200031c0       0x22 ./build-vpr-apps_vpr_mlkem_ref/apps/vpr/mlkem_ref/fips202.o
                0x200031c0                pqcrystals_kyber_fips202_ref_shake256_absorb
 .text.pqcrystals_kyber_fips202_ref_shake256_finalize
                0x200031e2       0x56 ./build-vpr-apps_vpr_mlkem_ref/apps/vpr/mlkem_ref/fips202.o
                0x200031e2                pqcrystals_kyber_fips202_ref_shake256_finalize
 .text.pqcrystals_kyber_fips202_ref_shake256_squeeze
                0x20003238       0xa0 ./build-vpr-apps_vpr_mlkem_ref/apps/vpr/mlkem_ref/fips202.o
                0x20003238                pqcrystals_kyber_fips202_ref_shake256_squeeze
 .text.pqcrystals_kyber_fips202_ref_shake256
                0x200032d8      0x1b8 ./build-vpr-apps_vpr_mlkem_ref/apps/vpr/mlkem_ref/fips202.o
                0x200032d8                pqcrystals_kyber_fips202_ref_shake256
 .text.pqcrystals_kyber_fips202_ref_sha3_256
                0x20003490      0x14c ./build-vpr-apps_vpr_mlkem_ref/apps/vpr/mlkem_ref/fips202.o
                0x20003490                pqcrystals_kyber_fips202_ref_sha3_256
 .text.pqcrystals_kyber_fips202_ref_sha3_512
                0x200035dc      0x39c ./build-vpr-apps_vpr_mlkem_ref/apps/vpr/mlkem_ref/fips202.o
                0x200035dc                pqcrystals_kyber_fips202_ref_sha3_512
 .text.pqcrystals_kyber512_ref_gen_matrix
                0x20003978      0x262 ./build-vpr-apps_vpr_mlkem_ref/apps/vpr/mlkem_ref/indcpa.o
                0x20003978                pqcrystals_kyber512_ref_gen_matrix
 .text.pqcrystals_kyber512_ref_indcpa_keypair_derand
                0x20003bda      0x128 ./build-vpr-apps_vpr_mlkem_ref/apps/vpr/mlkem_ref/indcpa.o
                0x20003bda                pqcrystals_kyber512_ref_indcpa_keypair_derand
 .text.pqcrystals_kyber512_ref_indcpa_enc
                0x20003d02      0x160 ./build-vpr-apps_vpr_mlkem_ref/apps/vpr/mlkem_ref/indcpa.o
                0x20003d02                pqcrystals_kyber512_ref_indcpa_enc
 .text.pqcrystals_kyber512_ref_indcpa_dec
                0x20003e62       0x90 ./build-vpr-apps_vpr_mlkem_ref/apps/vpr/mlkem_ref/indcpa.o
                0x20003e62                pqcrystals_kyber512_ref_indcpa_dec
 .text.pqcrystals_kyber512_ref_keypair_derand
                0x20003ef2       0x4a ./build-vpr-apps_vpr_mlkem_ref/apps/vpr/mlkem_ref/kem.o
                0x20003ef2                pqcrystals_kyber512_ref_keypair_derand
 .text.pqcrystals_kyber512_ref_keypair
                0x20003f3c       0x58 ./build-vpr-apps_vpr_mlkem_ref/apps/vpr/mlkem_ref/kem.o
                0x20003f3c                pqcrystals_kyber512_ref_keypair
 .text.pqcrystals_kyber512_ref_enc_derand
                0x20003f94       0x58 ./build-vpr-apps_vpr_mlkem_ref/apps/vpr/mlkem_ref/kem.o
                0x20003f94                pqcrystals_kyber512_ref_enc_derand
 .text.pqcrystals_kyber512_ref_enc
                0x20003fec       0x64 ./build-vpr-apps_vpr_mlkem_ref/apps/vpr/mlkem_ref/kem.o
                0x20003fec                pqcrystals_kyber512_ref_enc
 .text.pqcrystals_kyber512_ref_dec
                0x20004050       0x82 ./build-vpr-apps_vpr_mlkem_ref/apps/vpr/mlkem_ref/kem.o
                0x20004050                pqcrystals_kyber512_ref_dec
 .text.pqcrystals_kyber512_ref_ntt
                0x200040d2      0x11e ./build-vpr-apps_vpr_mlkem_ref/apps/vpr/mlkem_ref/ntt.o
                0x200040d2                pqcrystals_kyber512_ref_ntt
 .text.pqcrystals_kyber512_ref_invntt
                0x200041f0      0x13e ./build-vpr-apps_vpr_mlkem_ref/apps/vpr/mlkem_ref/ntt.o
                0x200041f0                pqcrystals_kyber512_ref_invntt
 .text.pqcrystals_kyber512_ref_basemul
                0x2000432e       0xc0 ./build-vpr-apps_vpr_mlkem_ref/apps/vpr/mlkem_ref/ntt.o
                0x2000432e                pqcrystals_kyber512_ref_basemul
 .text.pqcrystals_kyber512_ref_poly_compress
                0x200043ee      0x158 ./build-vpr-apps_vpr_mlkem_ref/apps/vpr/mlkem_ref/poly.o
                0x200043ee                pqcrystals_kyber512_ref_poly_compress
 .text.pqcrystals_kyber512_ref_poly_decompress
                0x20004546       0x4c ./build-vpr-apps_vpr_mlkem_ref/apps/vpr/mlkem_ref/poly.o
                0x20004546                pqcrystals_kyber512_ref_poly_decompress
 .text.pqcrystals_kyber512_ref_poly_tobytes
                0x20004592       0x52 ./build-vpr-apps_vpr_mlkem_ref/apps/vpr/mlkem_ref/poly.o
                0x20004592                pqcrystals_kyber512_ref_poly_tobytes
 .text.pqcrystals_kyber512_ref_poly_frombytes
                0x200045e4       0x36 ./build-vpr-apps_vpr_mlkem_ref/apps/vpr/mlkem_ref/poly.o
                0x200045e4                pqcrystals_kyber512_ref_poly_frombytes
 .text.pqcrystals_kyber512_ref_poly_frommsg
                0x2000461a       0x5e ./build-vpr-apps_vpr_mlkem_ref/apps/vpr/mlkem_ref/poly.o
                0x2000461a                pqcrystals_kyber512_ref_poly_frommsg
 .text.pqcrystals_kyber512_ref_poly_tomsg
                0x20004678       0xda ./build-vpr-apps_vpr_mlkem_ref/apps/vpr/mlkem_ref/poly.o
                0x20004678                pqcrystals_kyber512_ref_poly_tomsg
 .text.pqcrystals_kyber512_ref_poly_getnoise_eta1
                0x20004752       0x2a ./build-vpr-apps_vpr_mlkem_ref/apps/vpr/mlkem_ref/poly.o
                0x20004752                pqcrystals_kyber512_ref_poly_getnoise_eta1
 .text.pqcrystals_kyber512_ref_poly_getnoise_eta2
                0x2000477c       0x28 ./build-vpr-apps_vpr_mlkem_ref/apps/vpr/mlkem_ref/poly.o
                0x2000477c                pqcrystals_kyber512_ref_poly_getnoise_eta2
 .text.pqcrystals_kyber512_ref_poly_ntt
                0x200047a4       0x2c ./build-vpr-apps_vpr_mlkem_ref/apps/vpr/mlkem_ref/poly.o
                0x200047a4                pqcrystals_kyber512_ref_poly_ntt
 .text.pqcrystals_kyber512_ref_poly_invntt_tomont
                0x200047d0        0x4 ./build-vpr-apps_vpr_mlkem_ref/apps/vpr/mlkem_ref/poly.o
                0x200047d0                pqcrystals_kyber512_ref_poly_invntt_tomont
 .text.pqcrystals_kyber512_ref_poly_basemul_montgomery
                0x200047d4       0x6a ./build-vpr-apps_vpr_mlkem_ref/apps/vpr/mlkem_ref/poly.o
                0x200047d4                pqcrystals_kyber512_ref_poly_basemul_montgomery
 .text.pqcrystals_kyber512_ref_poly_tomont
                0x2000483e       0x30 ./build-vpr-apps_vpr_mlkem_ref/apps/vpr/mlkem_ref/poly.o
                0x2000483e                pqcrystals_kyber512_ref_poly_tomont
 .text.pqcrystals_kyber512_ref_poly_reduce
                0x2000486e       0x28 ./build-vpr-apps_vpr_mlkem_ref/apps/vpr/mlkem_ref/poly.o
                0x2000486e                pqcrystals_kyber512_ref_poly_reduce
 .text.pqcrystals_kyber512_ref_poly_add
                0x20004896       0x5a ./build-vpr-apps_vpr_mlkem_ref/apps/vpr/mlkem_ref/poly.o
                0x20004896                pqcrystals_kyber512_ref_poly_add
 .text.pqcrystals_kyber512_ref_poly_sub
                0x200048f0       0x5c ./build-vpr-apps_vpr_mlkem_ref/apps/vpr/mlkem_ref/poly.o
                0x200048f0                pqcrystals_kyber512_ref_poly_sub
 .text.pqcrystals_kyber512_ref_polyvec_compress
                0x2000494c      0x136 ./build-vpr-apps_vpr_mlkem_ref/apps/vpr/mlkem_ref/polyvec.o
                0x2000494c                pqcrystals_kyber512_ref_polyvec_compress
 .text.pqcrystals_kyber512_ref_polyvec_decompress
                0x20004a82       0xf6 ./build-vpr-apps_vpr_mlkem_ref/apps/vpr/mlkem_ref/polyvec.o
                0x20004a82                pqcrystals_kyber512_ref_polyvec_decompress
 .text.pqcrystals_kyber512_ref_polyvec_tobytes
                0x20004b78       0x24 ./build-vpr-apps_vpr_mlkem_ref/apps/vpr/mlkem_ref/polyvec.o
                0x20004b78                pqcrystals_kyber512_ref_polyvec_tobytes
 .text.pqcrystals_kyber512_ref_polyvec_frombytes
                0x20004b9c       0x24 ./build-vpr-apps_vpr_mlkem_ref/apps/vpr/mlkem_ref/polyvec.o
                0x20004b9c                pqcrystals_kyber512_ref_polyvec_frombytes
 .text.pqcrystals_kyber512_ref_polyvec_ntt
                0x20004bc0       0x16 ./build-vpr-apps_vpr_mlkem_ref/apps/vpr/mlkem_ref/polyvec.o
                0x20004bc0                pqcrystals_kyber512_ref_polyvec_ntt
 .text.pqcrystals_kyber512_ref_polyvec_invntt_tomont
                0x20004bd6       0x16 ./build-vpr-apps_vpr_mlkem_ref/apps/vpr/mlkem_ref/polyvec.o
                0x20004bd6                pqcrystals_kyber512_ref_polyvec_invntt_tomont
 .text.pqcrystals_kyber512_ref_polyvec_basemul_acc_montgomery
                0x20004bec       0x44 ./build-vpr-apps_vpr_mlkem_ref/apps/vpr/mlkem_ref/polyvec.o
                0x20004bec                pqcrystals_kyber512_ref_polyvec_basemul_acc_montgomery
 .text.pqcrystals_kyber512_ref_polyvec_reduce
                0x20004c30       0x16 ./build-vpr-apps_vpr_mlkem_ref/apps/vpr/mlkem_ref/polyvec.o
                0x20004c30                pqcrystals_kyber512_ref_polyvec_reduce
 .text.pqcrystals_kyber512_ref_polyvec_add
                0x20004c46       0x28 ./build-vpr-apps_vpr_mlkem_ref/apps/vpr/mlkem_ref/polyvec.o
                0x20004c46                pqcrystals_kyber512_ref_polyvec_add
 .text.pqcrystals_kyber512_ref_montgomery_reduce
                0x20004c6e       0x1e ./build-vpr-apps_vpr_mlkem_ref/apps/vpr/mlkem_ref/reduce.o
                0x20004c6e                pqcrystals_kyber512_ref_montgomery_reduce
 .text.pqcrystals_kyber512_ref_barrett_reduce
                0x20004c8c       0x24 ./build-vpr-apps_vpr_mlkem_ref/apps/vpr/mlkem_ref/reduce.o
                0x20004c8c                pqcrystals_kyber512_ref_barrett_reduce
 .text.pqcrystals_kyber512_ref_verify
                0x20004cb0       0xc4 ./build-vpr-apps_vpr_mlkem_ref/apps/vpr/mlkem_ref/verify.o
                0x20004cb0                pqcrystals_kyber512_ref_verify
 .text.pqcrystals_kyber512_ref_cmov
                0x20004d74       0xf2 ./build-vpr-apps_vpr_mlkem_ref/apps/vpr/mlkem_ref/verify.o
                0x20004d74                pqcrystals_kyber512_ref_cmov
 .text.pqcrystals_kyber512_ref_cmov_int16
                0x20004e66       0x14 ./build-vpr-apps_vpr_mlkem_ref/apps/vpr/mlkem_ref/verify.o
                0x20004e66                pqcrystals_kyber512_ref_cmov_int16
 .text.pqcrystals_kyber512_ref_kyber_shake128_absorb
                0x20004e7a       0x3e ./build-vpr-apps_vpr_mlkem_ref/apps/vpr/mlkem_ref/symmetric-shake.o
                0x20004e7a                pqcrystals_kyber512_ref_kyber_shake128_absorb
 .text.pqcrystals_kyber512_ref_kyber_shake256_prf
                0x20004eb8       0x3c ./build-vpr-apps_vpr_mlkem_ref/apps/vpr/mlkem_ref/symmetric-shake.o
                0x20004eb8                pqcrystals_kyber512_ref_kyber_shake256_prf
 .text.pqcrystals_kyber512_ref_kyber_shake256_rkprf
                0x20004ef4       0x82 ./build-vpr-apps_vpr_mlkem_ref/apps/vpr/mlkem_ref/symmetric-shake.o
                0x20004ef4                pqcrystals_kyber512_ref_kyber_shake256_rkprf
 .text.randombytes
                0x20004f76       0xa6 ./build-vpr-apps_vpr_mlkem_ref/apps/vpr/mlkem_ref/randombytes.o
                0x20004f76                randombytes
 .text.reset_vals
                0x2000501c       0x9a ./build-vpr-apps_vpr_mlkem_ref/apps/vpr/mlkem_ref/test/test_speed.o
                0x2000501c                reset_vals
 .text.print_stuff
                0x200050b6      0xcd8 ./build-vpr-apps_vpr_mlkem_ref/apps/vpr/mlkem_ref/test/test_speed.o
                0x200050b6                print_stuff
 .text.startup.main
                0x20005d8e      0x530 ./build-vpr-apps_vpr_mlkem_ref/apps/vpr/mlkem_ref/test/test_speed.o
                0x20005d8e                main
 .text._start   0x200062be        0x4 ./build-vpr-apps_vpr_mlkem_ref/apps/vpr/mlkem_ref/test/test_speed.o
                0x200062be                _start
 .text.cpucycles_overhead
                0x200062c2       0x42 ./build-vpr-apps_vpr_mlkem_ref/apps/vpr/mlkem_ref/test/cpucycles.o
                0x200062c2                cpucycles_overhead
 .text.cmp_uint64
                0x20006304       0x2c ./build-vpr-apps_vpr_mlkem_ref/apps/vpr/mlkem_ref/test/speed_print.o
 .text.print_results
                0x20006330      0x232 ./build-vpr-apps_vpr_mlkem_ref/apps/vpr/mlkem_ref/test/speed_print.o
                0x20006330                print_results
 .text.print_calls
                0x20006562       0x38 ./build-vpr-apps_vpr_mlkem_ref/apps/vpr/mlkem_ref/test/speed_print.o
                0x20006562                print_calls
 .text.print_cycles
                0x2000659a       0x32 ./build-vpr-apps_vpr_mlkem_ref/apps/vpr/mlkem_ref/test/speed_print.o
                0x2000659a                print_cycles
 .text.printi.constprop.0
                0x200065cc      0x208 ./build-vpr-apps_vpr_mlkem_ref/drivers/print_lib.o
 .text.print.constprop.0
                0x200067d4      0x32e ./build-vpr-apps_vpr_mlkem_ref/drivers/print_lib.o
 .text.printf   0x20006b02       0x20 ./build-vpr-apps_vpr_mlkem_ref/drivers/print_lib.o
                0x20006b02                printf
 .text.hal_uarte_char_write
                0x20006b22       0x58 ./build-vpr-apps_vpr_mlkem_ref/drivers/uarte.o
                0x20006b22                hal_uarte_char_write
 .text          0x20006b7a       0x16 ./build-vpr-apps_vpr_mlkem_ref/lib/nrfx/bsp/stable/mdk/gcc_startup_nrf54lm20a_flpr.o
                0x20006b7a                UserSoftware_Handler
                0x20006b7c                SuperVisorSoftware_Handler
                0x20006b7e                MachineSoftware_Handler
                0x20006b80                UserTimer_Handler
                0x20006b82                SuperVisorTimer_Handler
                0x20006b84                MachineTimer_Handler
                0x20006b86                UserExternal_Handler
                0x20006b88                SuperVisorExternal_Handler
                0x20006b8a                MachineExternal_Handler
                0x20006b8c                CLICSoftware_Handler
                0x20006b8e                VPRCLIC_8_IRQHandler
                0x20006b8e                VREGUSB_IRQHandler
                0x20006b8e                VPRCLIC_28_IRQHandler
                0x20006b8e                VPRCLIC_30_IRQHandler
                0x20006b8e                GRTC_1_IRQHandler
                0x20006b8e                VPRCLIC_18_IRQHandler
                0x20006b8e                VPRCLIC_1_IRQHandler
                0x20006b8e                VPRCLIC_24_IRQHandler
                0x20006b8e                GRTC_2_IRQHandler
                0x20006b8e                VPRCLIC_0_IRQHandler
                0x20006b8e                VPRCLIC_17_IRQHandler
                0x20006b8e                SERIAL20_IRQHandler
                0x20006b8e                WDT31_IRQHandler
                0x20006b8e                VPRCLIC_27_IRQHandler
                0x20006b8e                USBHS_IRQHandler
                0x20006b8e                VPRCLIC_5_IRQHandler
                0x20006b8e                SERIAL30_IRQHandler
                0x20006b8e                VPRCLIC_13_IRQHandler
                0x20006b8e                TEMP_IRQHandler
                0x20006b8e                GPIOTE30_0_IRQHandler
                0x20006b8e                VPRCLIC_26_IRQHandler
                0x20006b8e                VPRCLIC_16_IRQHandler
                0x20006b8e                AAR00_CCM00_IRQHandler
                0x20006b8e                VPRCLIC_29_IRQHandler
                0x20006b8e                SPU10_IRQHandler
                0x20006b8e                SERIAL23_IRQHandler
                0x20006b8e                VPRCLIC_2_IRQHandler
                0x20006b8e                QDEC21_IRQHandler
                0x20006b8e                MPC00_IRQHandler
                0x20006b8e                GRTC_3_IRQHandler
                0x20006b8e                VPRCLIC_7_IRQHandler
                0x20006b8e                VPRCLIC_20_IRQHandler
                0x20006b8e                EGU10_IRQHandler
                0x20006b8e                CRACEN_IRQHandler
                0x20006b8e                CM33SS_IRQHandler
                0x20006b8e                SERIAL24_IRQHandler
                0x20006b8e                ECB00_IRQHandler
                0x20006b8e                TIMER23_IRQHandler
                0x20006b8e                VPRCLIC_11_IRQHandler
                0x20006b8e                VPRCLIC_9_IRQHandler
                0x20006b8e                VPRCLIC_10_IRQHandler
                0x20006b8e                TAMPC_IRQHandler
                0x20006b8e                RADIO_1_IRQHandler
                0x20006b8e                VPRCLIC_15_IRQHandler
                0x20006b8e                VPRCLIC_12_IRQHandler
                0x20006b8e                Default_Handler
                0x20006b8e                TDM_IRQHandler
                0x20006b8e                SERIAL00_IRQHandler
                0x20006b8e                SPU00_IRQHandler
                0x20006b8e                PWM22_IRQHandler
                0x20006b8e                EGU00_IRQHandler
                0x20006b8e                VPRCLIC_6_IRQHandler
                0x20006b8e                VPRCLIC_31_IRQHandler
                0x20006b8e                GPIOTE20_1_IRQHandler
                0x20006b8e                GPIOTE30_1_IRQHandler
                0x20006b8e                TIMER21_IRQHandler
                0x20006b8e                TIMER00_IRQHandler
                0x20006b8e                SERIAL21_IRQHandler
                0x20006b8e                SAADC_IRQHandler
                0x20006b8e                PDM20_IRQHandler
                0x20006b8e                GPIOTE20_0_IRQHandler
                0x20006b8e                TIMER24_IRQHandler
                0x20006b8e                SERIAL22_IRQHandler
                0x20006b8e                VPRCLIC_4_IRQHandler
                0x20006b8e                CTRLAP_IRQHandler
                0x20006b8e                SPU30_IRQHandler
                0x20006b8e                VPRCLIC_25_IRQHandler
                0x20006b8e                VPR00_IRQHandler
                0x20006b8e                RRAMC_IRQHandler
                0x20006b8e                RADIO_0_IRQHandler
                0x20006b8e                GRTC_0_IRQHandler
                0x20006b8e                VPRCLIC_19_IRQHandler
                0x20006b8e                VPRCLIC_23_IRQHandler
                0x20006b8e                NFCT_IRQHandler
                0x20006b8e                SPU20_IRQHandler
                0x20006b8e                EGU20_IRQHandler
                0x20006b8e                TIMER10_IRQHandler
                0x20006b8e                VPRCLIC_3_IRQHandler
                0x20006b8e                PDM21_IRQHandler
                0x20006b8e                TIMER20_IRQHandler
                0x20006b8e                VPRCLIC_21_IRQHandler
                0x20006b8e                TIMER22_IRQHandler
                0x20006b8e                QDEC20_IRQHandler
                0x20006b8e                PWM20_IRQHandler
                0x20006b8e                COMP_LPCOMP_IRQHandler
                0x20006b8e                PWM21_IRQHandler
                0x20006b8e                VPRCLIC_22_IRQHandler
                0x20006b8e                VPRCLIC_14_IRQHandler
                0x20006b8e                WDT30_IRQHandler
                0x20006b8e                CLOCK_POWER_IRQHandler
 .text.SystemInit
                0x20006b90        0x2 ./build-vpr-apps_vpr_mlkem_ref/lib/nrfx/bsp/stable/mdk/system_nrf54l.o
                0x20006b90                SystemInit
 *fill*         0x20006b92        0x2 
 .text          0x20006b94      0x4c0 /home/haar/opt/corev-open-hw-gcc/bin/../lib/gcc/riscv32-corev-elf/14.1.0/rv32em/ilp32e/libgcc.a(_udivdi3.o)
                0x20006b94                __udivdi3
 .text          0x20007054       0x24 /home/haar/opt/corev-open-hw-gcc/bin/../lib/gcc/riscv32-corev-elf/14.1.0/../../../../riscv32-corev-elf/lib/rv32em/ilp32e/libc_nano.a(libc_a-memcpy-asm.o)
                0x20007054                memcpy
 .text.swapfunc
                0x20007078       0x5c /home/haar/opt/corev-open-hw-gcc/bin/../lib/gcc/riscv32-corev-elf/14.1.0/../../../../riscv32-corev-elf/lib/rv32em/ilp32e/libc_nano.a(libc_a-qsort.o)
 .text.med3.constprop.0
                0x200070d4       0x8c /home/haar/opt/corev-open-hw-gcc/bin/../lib/gcc/riscv32-corev-elf/14.1.0/../../../../riscv32-corev-elf/lib/rv32em/ilp32e/libc_nano.a(libc_a-qsort.o)
 .text.qsort    0x20007160      0x554 /home/haar/opt/corev-open-hw-gcc/bin/../lib/gcc/riscv32-corev-elf/14.1.0/../../../../riscv32-corev-elf/lib/rv32em/ilp32e/libc_nano.a(libc_a-qsort.o)
                0x20007160                qsort
                0x200076b4                        . = ALIGN (0x4)
 *(.init)
                0x200076b4                        . = ALIGN (0x4)
                0x200076b4                        __preinit_array_start = .
 *(.preinit_array)
                0x200076b4                        __preinit_array_end = .
                0x200076b4                        . = ALIGN (0x4)
                0x200076b4                        __init_array_start = .
 *(SORT_BY_NAME(.init_array.*))
 *(.init_array)
                0x200076b4                        __init_array_end = .
 *(.fini)
                0x200076b4                        . = ALIGN (0x4)
                0x200076b4                        __fini_array_start = .
 *(.fini_array)
 *(SORT_BY_NAME(.fini_array.*))
                0x200076b4                        __fini_array_end = .
                0x200076b4                        . = ALIGN (0x4)
 *(.eh_frame*)
 .eh_frame      0x200076b4       0x70 /home/haar/opt/corev-open-hw-gcc/bin/../lib/gcc/riscv32-corev-elf/14.1.0/rv32em/ilp32e/libgcc.a(_udivdi3.o)
                0x20007724                        . = ALIGN (0x4)
 *(.eh_frame_hdr)
                0x20007724                        . = ALIGN (0x4)
 *(.hash)
 *(.gnu.hash)
                0x20007724                        . = ALIGN (0x4)
 *(.gnu_extab* .gnu.linkonce.extab.*)
                0x20007724                        . = ALIGN (0x4)
                0x20007724                        __exidx_start = .
 *(.gnu_exidx* .gnu.linkonce.exidx.*)
                0x20007724                        . = ALIGN (0x4)
                0x20007724                        __exidx_end = .
                0x000065dc                        __text_size = SIZEOF (.text)
                0x20007724                        __text_end = (__text_start + __text_size)
                0x00000001                        ASSERT (((__text_start == __text_end) || ((__text_end - ORIGIN (FLASH)) <= LENGTH (FLASH))), error: .text is too large to fit in FLASH memory segment)

.rela.dyn       0x20007724        0x0
 .rela.startup  0x20007724        0x0 ./build-vpr-apps_vpr_mlkem_ref/apps/vpr/mlkem_ref/cbd.o
 .rela.isr_return
                0x20007724        0x0 ./build-vpr-apps_vpr_mlkem_ref/apps/vpr/mlkem_ref/cbd.o
 .rela.isr_vector
                0x20007724        0x0 ./build-vpr-apps_vpr_mlkem_ref/apps/vpr/mlkem_ref/cbd.o
                0x20007724                        . = ALIGN (0x4)

.copy.table     0x20007724       0x30
                0x20007724                        __copy_table_start__ = .
                0x20007724        0x4 LONG 0x2000776c __data_load_start
                0x20007728        0x4 LONG 0x20010000 __data_start
                0x2000772c        0x4 LONG 0x0 ((__data_end - __data_start) / 0x4)
                0x20007730        0x4 LONG 0x2000776c __sdata_load_start
                0x20007734        0x4 LONG 0x20010000 __sdata_start
                0x20007738        0x4 LONG 0x2 ((__sdata_end - __sdata_start) / 0x4)
                0x2000773c        0x4 LONG 0x20007774 __tdata_load_start
                0x20007740        0x4 LONG 0x20010008 __tdata_start
                0x20007744        0x4 LONG 0x0 ((__tdata_end - __tdata_start) / 0x4)
                0x20007748        0x4 LONG 0x20007774 __fast_load_start
                0x2000774c        0x4 LONG 0x20010008 __fast_start
                0x20007750        0x4 LONG 0x0 ((__fast_end - __fast_start) / 0x4)
                0x20007754                        __copy_table_end__ = .
                0x20007754                        . = ALIGN (0x4)

.zero.table     0x20007754       0x18
                0x20007754                        __zero_table_start__ = .
                0x20007754        0x4 LONG 0x20010008 __bss_start
                0x20007758        0x4 LONG 0x1c ((__bss_end - __bss_start) / 0x4)
                0x2000775c        0x4 LONG 0x20010078 __sbss_start
                0x20007760        0x4 LONG 0x2b ((__sbss_end - __sbss_start) / 0x4)
                0x20007764        0x4 LONG 0x20010124 __tbss_start
                0x20007768        0x4 LONG 0x0 ((__tbss_end - __tbss_start) / 0x4)
                0x2000776c                        __zero_table_end__ = .
                0x2000776c                        . = ALIGN (0x4)
                0x2000776c                        __etext = .
                [!provide]                        PROVIDE (etext = .)
                0x2000776c                        PROVIDE (_etext = .)
                0x2000776c                        . = ALIGN (0x4)
                0x2000776c                        __all_data_load_start = .
                0x2000776c                        __data_load_start = .

.data           0x20010000        0x0 load address 0x2000776c
                0x20010000                        . = ALIGN (0x4)
                0x20010000                        __data_start = .
                0x20010000                        __data_start__ = .
 *(vtable)
 *(.data* .gnu.linkonce.d.*)
                0x20010000                        . = ALIGN (0x4)
 *(.jcr*)
                0x00000000                        __data_size = SIZEOF (.data)
                0x20010000                        __data_end = (__data_start + __data_size)
                0x20010000                        __data_end__ = __data_end
                0x2000776c                        __data_load_end = (__data_load_start + __data_size)
                0x00000001                        ASSERT (((__data_load_start == __data_load_end) || ((__data_load_end - ORIGIN (FLASH)) <= LENGTH (FLASH))), error: .data is too large to fit in FLASH memory segment)
                0x00000001                        ASSERT (((__data_start == __data_end) || ((__data_end - ORIGIN (RAM)) <= LENGTH (RAM))), error: .data is too large to fit in RAM memory segment)
                0x20010000                        . = ALIGN (0x4)
                0x2000776c                        __sdata_load_start = ALIGN (__data_load_end, 0x4)

.sdata          0x20010000        0x8 load address 0x2000776c
                0x20010000                        . = ALIGN (0x4)
                0x20010000                        __sdata_start = .
 *(.sdata .sdata.* .gnu.linkonce.s.*)
 .sdata.overhead.0
                0x20010000        0x8 ./build-vpr-apps_vpr_mlkem_ref/apps/vpr/mlkem_ref/test/speed_print.o
 *(.sdata2 .sdata2.* .gnu.linkonce.s2.*)
                0x20010008                        . = ALIGN (0x4)
                0x00000008                        __sdata_size = SIZEOF (.sdata)
                0x20010008                        __sdata_end = (__sdata_start + __sdata_size)
                0x20007774                        __sdata_load_end = (__sdata_load_start + __sdata_size)
                0x00000001                        ASSERT (((__sdata_load_start == __sdata_load_end) || ((__sdata_load_end - ORIGIN (FLASH)) <= LENGTH (FLASH))), error: .sdata is too large to fit in FLASH memory segment)
                0x00000001                        ASSERT (((__sdata_start == __sdata_end) || ((__sdata_end - ORIGIN (RAM)) <= LENGTH (RAM))), error: .sdata is too large to fit in RAM memory segment)
                0x20010008                        . = ALIGN (0x4)
                0x20007774                        __tdata_load_start = ALIGN (__sdata_load_end, 0x4)

.tdata          0x20010008        0x0 load address 0x20007774
                0x20010008                        . = ALIGN (0x4)
                0x20010008                        __tdata_start = .
 *(.tdata .tdata.* .gnu.linkonce.td.*)
 *(.stdata .stdata.*)
                0x20010008                        . = ALIGN (0x4)
                0x00000000                        __tdata_size = SIZEOF (.tdata)
                0x20010008                        __tdata_end = (__tdata_start + __tdata_size)
                0x20007774                        __tdata_load_end = (__tdata_load_start + __tdata_size)
                0x00000001                        ASSERT (((__tdata_load_start == __tdata_load_end) || ((__tdata_load_end - ORIGIN (FLASH)) <= LENGTH (FLASH))), error: .tdata is too large to fit in FLASH memory segment)
                0x00000001                        ASSERT (((__tdata_start == __tdata_end) || ((__tdata_end - ORIGIN (RAM)) <= LENGTH (RAM))), error: .tdata is too large to fit in RAM memory segment)
                0x20010008                        . = ALIGN (0x4)
                0x20007774                        __fast_load_start = ALIGN (__tdata_load_end, 0x4)

.fast           0x20010008        0x0 load address 0x20007774
                0x20010008                        . = ALIGN (0x4)
                0x20010008                        __fast_start = .
 *(.fast .fast.*)
 *(.fastcode .fastcode.*)
 *(.fastdata .fastdata.*)
 *(.ramcode*)
                0x20010008                        . = ALIGN (0x4)
                0x00000000                        __fast_size = SIZEOF (.fast)
                0x20010008                        __fast_end = (__fast_start + __fast_size)
                0x20007774                        __fast_load_end = (__fast_load_start + __fast_size)
                0x00000001                        ASSERT (((__fast_load_start == __fast_load_end) || ((__fast_load_end - ORIGIN (FLASH)) <= LENGTH (FLASH))), error: .fast is too large to fit in FLASH memory segment)
                0x00000001                        ASSERT (((__fast_start == __fast_end) || ((__fast_end - ORIGIN (RAM)) <= LENGTH (RAM))), error: .fast is too large to fit in RAM memory segment)
                0x20010008                        . = ALIGN (0x4)
                0x20010008                        _edata = .
                [!provide]                        PROVIDE (edata = .)
                [!provide]                        PROVIDE (__edata = .)
                0x20010008                        . = ALIGN (0x4)
                0x20010008                        __noinit_start = .
                [!provide]                        PROVIDE (__noinit_start__ = .)

.noinit         0x20010008        0x0
 *(.noinit .noinit.*)
 *(.no_init .no_init.*)
 *(.noninit .noninit.*)
 *(.non_init .non_init.*)
                0x20010008                        . = ALIGN (0x4)
                0x00000000                        __noinit_size = SIZEOF (.noinit)
                0x20010008                        __noinit_end = (__noinit_start + __noinit_size)
                0x20010008                        __noinit_end__ = __noinit_end
                0x00000001                        ASSERT (((__noinit_start == __noinit_end) || ((__noinit_end - ORIGIN (RAM)) <= LENGTH (RAM))), error: .noinit is too large to fit in RAM memory segment)
                0x20010008                        . = ALIGN (0x4)

.bss            0x20010008       0x70 load address 0x20007774
                0x20010008                        __bss_start = .
                [!provide]                        PROVIDE (__bss_start__ = .)
 *(.bss* .gnu.linkonce.b.*)
 .bss.seed      0x20010008       0x20 ./build-vpr-apps_vpr_mlkem_ref/apps/vpr/mlkem_ref/test/test_speed.o
                0x20010008                seed
 .bss.t         0x20010028       0x50 ./build-vpr-apps_vpr_mlkem_ref/apps/vpr/mlkem_ref/test/test_speed.o
                0x20010028                t
 *(.dynbss)
 *(COMMON)
                0x20010078                        . = ALIGN (0x4)
                0x00000070                        __bss_size = SIZEOF (.bss)
                0x20010078                        __bss_end = (__bss_start + __bss_size)
                0x20010078                        __bss_end__ = __bss_end
                0x00000001                        ASSERT (((__bss_start == __bss_end) || ((__bss_end - ORIGIN (RAM)) <= LENGTH (RAM))), error: .bss is too large to fit in RAM memory segment)
                0x20010078                        . = ALIGN (0x4)

.sbss           0x20010078       0xac load address 0x200077e4
                0x20010078                        __sbss_start = .
                0x20010078                        __sbss_start__ = __sbss_start
 *(.sbss .sbss.* .gnu.linkonce.sb.*)
 .sbss.rej_uniform_cyc
                0x20010078        0x4 ./build-vpr-apps_vpr_mlkem_ref/apps/vpr/mlkem_ref/test/test_speed.o
                0x20010078                rej_uniform_cyc
 .sbss.n_rej_uniform
                0x2001007c        0x4 ./build-vpr-apps_vpr_mlkem_ref/apps/vpr/mlkem_ref/test/test_speed.o
                0x2001007c                n_rej_uniform
 .sbss.n_rkprf  0x20010080        0x4 ./build-vpr-apps_vpr_mlkem_ref/apps/vpr/mlkem_ref/test/test_speed.o
                0x20010080                n_rkprf
 .sbss.rkprf_cyc
                0x20010084        0x4 ./build-vpr-apps_vpr_mlkem_ref/apps/vpr/mlkem_ref/test/test_speed.o
                0x20010084                rkprf_cyc
 .sbss.gen_matrix_cyc
                0x20010088        0x4 ./build-vpr-apps_vpr_mlkem_ref/apps/vpr/mlkem_ref/test/test_speed.o
                0x20010088                gen_matrix_cyc
 .sbss.n_gen_matrix
                0x2001008c        0x4 ./build-vpr-apps_vpr_mlkem_ref/apps/vpr/mlkem_ref/test/test_speed.o
                0x2001008c                n_gen_matrix
 .sbss.sha3_512_cyc
                0x20010090        0x4 ./build-vpr-apps_vpr_mlkem_ref/apps/vpr/mlkem_ref/test/test_speed.o
                0x20010090                sha3_512_cyc
 .sbss.n_sha3_512
                0x20010094        0x4 ./build-vpr-apps_vpr_mlkem_ref/apps/vpr/mlkem_ref/test/test_speed.o
                0x20010094                n_sha3_512
 .sbss.n_sha3_256
                0x20010098        0x4 ./build-vpr-apps_vpr_mlkem_ref/apps/vpr/mlkem_ref/test/test_speed.o
                0x20010098                n_sha3_256
 .sbss.sha3_256_cyc
                0x2001009c        0x4 ./build-vpr-apps_vpr_mlkem_ref/apps/vpr/mlkem_ref/test/test_speed.o
                0x2001009c                sha3_256_cyc
 .sbss.shake128_cyc
                0x200100a0        0x4 ./build-vpr-apps_vpr_mlkem_ref/apps/vpr/mlkem_ref/test/test_speed.o
                0x200100a0                shake128_cyc
 .sbss.shake256_cyc
                0x200100a4        0x4 ./build-vpr-apps_vpr_mlkem_ref/apps/vpr/mlkem_ref/test/test_speed.o
                0x200100a4                shake256_cyc
 .sbss.n_shake128
                0x200100a8        0x4 ./build-vpr-apps_vpr_mlkem_ref/apps/vpr/mlkem_ref/test/test_speed.o
                0x200100a8                n_shake128
 .sbss.n_shake256
                0x200100ac        0x4 ./build-vpr-apps_vpr_mlkem_ref/apps/vpr/mlkem_ref/test/test_speed.o
                0x200100ac                n_shake256
 .sbss.polyvec_decompress_cyc
                0x200100b0        0x4 ./build-vpr-apps_vpr_mlkem_ref/apps/vpr/mlkem_ref/test/test_speed.o
                0x200100b0                polyvec_decompress_cyc
 .sbss.polyvec_compress_cyc
                0x200100b4        0x4 ./build-vpr-apps_vpr_mlkem_ref/apps/vpr/mlkem_ref/test/test_speed.o
                0x200100b4                polyvec_compress_cyc
 .sbss.n_polyvec_decompress
                0x200100b8        0x4 ./build-vpr-apps_vpr_mlkem_ref/apps/vpr/mlkem_ref/test/test_speed.o
                0x200100b8                n_polyvec_decompress
 .sbss.n_polyvec_compress
                0x200100bc        0x4 ./build-vpr-apps_vpr_mlkem_ref/apps/vpr/mlkem_ref/test/test_speed.o
                0x200100bc                n_polyvec_compress
 .sbss.montgomery_cyc
                0x200100c0        0x4 ./build-vpr-apps_vpr_mlkem_ref/apps/vpr/mlkem_ref/test/test_speed.o
                0x200100c0                montgomery_cyc
 .sbss.barrett_cyc
                0x200100c4        0x4 ./build-vpr-apps_vpr_mlkem_ref/apps/vpr/mlkem_ref/test/test_speed.o
                0x200100c4                barrett_cyc
 .sbss.n_montgomery
                0x200100c8        0x4 ./build-vpr-apps_vpr_mlkem_ref/apps/vpr/mlkem_ref/test/test_speed.o
                0x200100c8                n_montgomery
 .sbss.n_barrett
                0x200100cc        0x4 ./build-vpr-apps_vpr_mlkem_ref/apps/vpr/mlkem_ref/test/test_speed.o
                0x200100cc                n_barrett
 .sbss.poly_cbd_eta1_cyc
                0x200100d0        0x4 ./build-vpr-apps_vpr_mlkem_ref/apps/vpr/mlkem_ref/test/test_speed.o
                0x200100d0                poly_cbd_eta1_cyc
 .sbss.n_poly_cbd_eta1
                0x200100d4        0x4 ./build-vpr-apps_vpr_mlkem_ref/apps/vpr/mlkem_ref/test/test_speed.o
                0x200100d4                n_poly_cbd_eta1
 .sbss.poly_cbd_eta2_cyc
                0x200100d8        0x4 ./build-vpr-apps_vpr_mlkem_ref/apps/vpr/mlkem_ref/test/test_speed.o
                0x200100d8                poly_cbd_eta2_cyc
 .sbss.n_poly_cbd_eta2
                0x200100dc        0x4 ./build-vpr-apps_vpr_mlkem_ref/apps/vpr/mlkem_ref/test/test_speed.o
                0x200100dc                n_poly_cbd_eta2
 .sbss.poly_add_cyc
                0x200100e0        0x4 ./build-vpr-apps_vpr_mlkem_ref/apps/vpr/mlkem_ref/test/test_speed.o
                0x200100e0                poly_add_cyc
 .sbss.poly_sub_cyc
                0x200100e4        0x4 ./build-vpr-apps_vpr_mlkem_ref/apps/vpr/mlkem_ref/test/test_speed.o
                0x200100e4                poly_sub_cyc
 .sbss.basemul_cyc
                0x200100e8        0x4 ./build-vpr-apps_vpr_mlkem_ref/apps/vpr/mlkem_ref/test/test_speed.o
                0x200100e8                basemul_cyc
 .sbss.n_basemul
                0x200100ec        0x4 ./build-vpr-apps_vpr_mlkem_ref/apps/vpr/mlkem_ref/test/test_speed.o
                0x200100ec                n_basemul
 .sbss.n_poly_sub
                0x200100f0        0x4 ./build-vpr-apps_vpr_mlkem_ref/apps/vpr/mlkem_ref/test/test_speed.o
                0x200100f0                n_poly_sub
 .sbss.n_poly_add
                0x200100f4        0x4 ./build-vpr-apps_vpr_mlkem_ref/apps/vpr/mlkem_ref/test/test_speed.o
                0x200100f4                n_poly_add
 .sbss.poly_decompress_cyc
                0x200100f8        0x4 ./build-vpr-apps_vpr_mlkem_ref/apps/vpr/mlkem_ref/test/test_speed.o
                0x200100f8                poly_decompress_cyc
 .sbss.poly_compress_cyc
                0x200100fc        0x4 ./build-vpr-apps_vpr_mlkem_ref/apps/vpr/mlkem_ref/test/test_speed.o
                0x200100fc                poly_compress_cyc
 .sbss.n_poly_decompress
                0x20010100        0x4 ./build-vpr-apps_vpr_mlkem_ref/apps/vpr/mlkem_ref/test/test_speed.o
                0x20010100                n_poly_decompress
 .sbss.n_poly_compress
                0x20010104        0x4 ./build-vpr-apps_vpr_mlkem_ref/apps/vpr/mlkem_ref/test/test_speed.o
                0x20010104                n_poly_compress
 .sbss.inv_ntt_cyc
                0x20010108        0x4 ./build-vpr-apps_vpr_mlkem_ref/apps/vpr/mlkem_ref/test/test_speed.o
                0x20010108                inv_ntt_cyc
 .sbss.ntt_cyc  0x2001010c        0x4 ./build-vpr-apps_vpr_mlkem_ref/apps/vpr/mlkem_ref/test/test_speed.o
                0x2001010c                ntt_cyc
 .sbss.statepermute_cyc
                0x20010110        0x4 ./build-vpr-apps_vpr_mlkem_ref/apps/vpr/mlkem_ref/test/test_speed.o
                0x20010110                statepermute_cyc
 .sbss.n_invntt
                0x20010114        0x4 ./build-vpr-apps_vpr_mlkem_ref/apps/vpr/mlkem_ref/test/test_speed.o
                0x20010114                n_invntt
 .sbss.n_ntt    0x20010118        0x4 ./build-vpr-apps_vpr_mlkem_ref/apps/vpr/mlkem_ref/test/test_speed.o
                0x20010118                n_ntt
 .sbss.n_statepermute
                0x2001011c        0x4 ./build-vpr-apps_vpr_mlkem_ref/apps/vpr/mlkem_ref/test/test_speed.o
                0x2001011c                n_statepermute
 .sbss.m_tx_buf.0
                0x20010120        0x1 ./build-vpr-apps_vpr_mlkem_ref/drivers/uarte.o
 .sbss.m_initialized
                0x20010121        0x1 ./build-vpr-apps_vpr_mlkem_ref/drivers/uarte.o
 *(.sbss2 .sbss2.* .gnu.linkonce.sb2.*)
 *(.dynsbss)
                0x20010124                        . = ALIGN (0x4)
 *fill*         0x20010122        0x2 
                0x000000ac                        __sbss_size = SIZEOF (.sbss)
                0x20010124                        __sbss_end = (__sbss_start + __sbss_size)
                0x20010124                        __sbss_end__ = __sbss_end
                0x00000001                        ASSERT (((__sbss_start == __sbss_end) || ((__sbss_end - ORIGIN (RAM)) <= LENGTH (RAM))), error: .sbss is too large to fit in RAM memory segment)
                0x20010124                        . = ALIGN (0x4)

.tbss           0x20010124        0x0
                0x20010124                        __tbss_start = .
                0x20010124                        __tbss_start__ = __tbss_start
                0x20010124                        . = ALIGN (0x4)
 *(.tbss .tbss.* .gnu.linkonce.tb.*)
 *(.tcommon)
 *(.stbss .stbss.*)
                0x20010124                        . = ALIGN (0x4)
                0x00000000                        __tbss_size = SIZEOF (.tbss)
                0x20010124                        __tbss_end = (__tbss_start + __tbss_size)
                0x20010124                        __tbss_end__ = __tbss_end
                0x00000001                        ASSERT (((__tbss_start == __tbss_end) || ((__tbss_end - ORIGIN (RAM)) <= LENGTH (RAM))), error: .tbss is too large to fit in RAM memory segment)
                0x20010124                        . = ALIGN (0x4)
                0x20010124                        . = SEGMENT_START ("ldata-segment", .)
                0x20010800                        __global_pointer$ = MIN ((__sdata_start + 0x800), MAX ((__data_start + 0x800), (__tbss_end - 0x800)))
                0x20010124                        . = ALIGN (0x4)

.heap           0x20010124        0x4
                0x20010124                        __heap_start = .
                0x20010124                        __HeapBase = .
                0x20010124                        __heap_base = .
                0x20010124                        __end = .
                [!provide]                        PROVIDE (end = .)
                [!provide]                        PROVIDE (_end = .)
                [!provide]                        PROVIDE (__end__ = .)
 *(.heap*)
 *fill*         0x20010124        0x4 
 .heap          0x20010128        0x0 ./build-vpr-apps_vpr_mlkem_ref/lib/nrfx/bsp/stable/mdk/gcc_startup_nrf54lm20a_flpr.o
                0x20010128                        __HeapLimit = .
                0x20010128                        __heap_limit = .
                0x20010128                        __heap_end = .

.stack_dummy    0x20010128     0x1000
 *(.stack*)
 .stack         0x20010128     0x1000 ./build-vpr-apps_vpr_mlkem_ref/lib/nrfx/bsp/stable/mdk/gcc_startup_nrf54lm20a_flpr.o
                0x20020000                        __stack_end = (ORIGIN (RAM) + LENGTH (RAM))
                0x20020000                        __StackTop = (ORIGIN (RAM) + LENGTH (RAM))
                0x2001f000                        __StackLimit = (__StackTop - SIZEOF (.stack_dummy))
                [!provide]                        PROVIDE (__stack = __StackTop)
                0x00000001                        ASSERT ((__StackLimit >= __HeapLimit), region RAM overflowed with stack)
                0x00000008                        DataInitFlashUsed = (__bss_start - __data_start)
                0x0000776c                        CodeFlashUsed = (_etext - ORIGIN (FLASH))
                0x00007774                        TotalFlashUsed = (CodeFlashUsed + DataInitFlashUsed)
                0x00000001                        ASSERT ((TotalFlashUsed <= LENGTH (FLASH)), region FLASH overflowed with .data and user data)
OUTPUT(build-vpr-apps_vpr_mlkem_ref/firmware.elf elf32-littleriscv)

.debug_info     0x00000000     0xb13f
 .debug_info    0x00000000      0x508 ./build-vpr-apps_vpr_mlkem_ref/apps/vpr/mlkem_ref/cbd.o
 .debug_info    0x00000508     0x192a ./build-vpr-apps_vpr_mlkem_ref/apps/vpr/mlkem_ref/fips202.o
 .debug_info    0x00001e32     0x12c1 ./build-vpr-apps_vpr_mlkem_ref/apps/vpr/mlkem_ref/indcpa.o
 .debug_info    0x000030f3      0x81c ./build-vpr-apps_vpr_mlkem_ref/apps/vpr/mlkem_ref/kem.o
 .debug_info    0x0000390f      0x6af ./build-vpr-apps_vpr_mlkem_ref/apps/vpr/mlkem_ref/ntt.o
 .debug_info    0x00003fbe      0xa95 ./build-vpr-apps_vpr_mlkem_ref/apps/vpr/mlkem_ref/poly.o
 .debug_info    0x00004a53      0x812 ./build-vpr-apps_vpr_mlkem_ref/apps/vpr/mlkem_ref/polyvec.o
 .debug_info    0x00005265      0x108 ./build-vpr-apps_vpr_mlkem_ref/apps/vpr/mlkem_ref/reduce.o
 .debug_info    0x0000536d      0x1b5 ./build-vpr-apps_vpr_mlkem_ref/apps/vpr/mlkem_ref/verify.o
 .debug_info    0x00005522      0x50a ./build-vpr-apps_vpr_mlkem_ref/apps/vpr/mlkem_ref/symmetric-shake.o
 .debug_info    0x00005a2c       0xd4 ./build-vpr-apps_vpr_mlkem_ref/apps/vpr/mlkem_ref/randombytes.o
 .debug_info    0x00005b00     0x2b31 ./build-vpr-apps_vpr_mlkem_ref/apps/vpr/mlkem_ref/test/test_speed.o
 .debug_info    0x00008631      0x1b8 ./build-vpr-apps_vpr_mlkem_ref/apps/vpr/mlkem_ref/test/cpucycles.o
 .debug_info    0x000087e9      0x52d ./build-vpr-apps_vpr_mlkem_ref/apps/vpr/mlkem_ref/test/speed_print.o
 .debug_info    0x00008d16      0x8df ./build-vpr-apps_vpr_mlkem_ref/drivers/print_lib.o
 .debug_info    0x000095f5      0xb28 ./build-vpr-apps_vpr_mlkem_ref/drivers/uarte.o
 .debug_info    0x0000a11d      0x547 ./build-vpr-apps_vpr_mlkem_ref/lib/nrfx/bsp/stable/mdk/gcc_startup_nrf54lm20a_flpr.o
 .debug_info    0x0000a664      0x280 ./build-vpr-apps_vpr_mlkem_ref/lib/nrfx/bsp/stable/mdk/system_nrf54l.o
 .debug_info    0x0000a8e4      0x76e /home/haar/opt/corev-open-hw-gcc/bin/../lib/gcc/riscv32-corev-elf/14.1.0/rv32em/ilp32e/libgcc.a(_udivdi3.o)
 .debug_info    0x0000b052       0xed /home/haar/opt/corev-open-hw-gcc/bin/../lib/gcc/riscv32-corev-elf/14.1.0/rv32em/ilp32e/libgcc.a(_clz.o)

.debug_abbrev   0x00000000     0x24d8
 .debug_abbrev  0x00000000      0x1f9 ./build-vpr-apps_vpr_mlkem_ref/apps/vpr/mlkem_ref/cbd.o
 .debug_abbrev  0x000001f9      0x3ca ./build-vpr-apps_vpr_mlkem_ref/apps/vpr/mlkem_ref/fips202.o
 .debug_abbrev  0x000005c3      0x3a0 ./build-vpr-apps_vpr_mlkem_ref/apps/vpr/mlkem_ref/indcpa.o
 .debug_abbrev  0x00000963      0x1d6 ./build-vpr-apps_vpr_mlkem_ref/apps/vpr/mlkem_ref/kem.o
 .debug_abbrev  0x00000b39      0x221 ./build-vpr-apps_vpr_mlkem_ref/apps/vpr/mlkem_ref/ntt.o
 .debug_abbrev  0x00000d5a      0x31b ./build-vpr-apps_vpr_mlkem_ref/apps/vpr/mlkem_ref/poly.o
 .debug_abbrev  0x00001075      0x262 ./build-vpr-apps_vpr_mlkem_ref/apps/vpr/mlkem_ref/polyvec.o
 .debug_abbrev  0x000012d7       0xb2 ./build-vpr-apps_vpr_mlkem_ref/apps/vpr/mlkem_ref/reduce.o
 .debug_abbrev  0x00001389       0xb9 ./build-vpr-apps_vpr_mlkem_ref/apps/vpr/mlkem_ref/verify.o
 .debug_abbrev  0x00001442      0x22d ./build-vpr-apps_vpr_mlkem_ref/apps/vpr/mlkem_ref/symmetric-shake.o
 .debug_abbrev  0x0000166f       0x81 ./build-vpr-apps_vpr_mlkem_ref/apps/vpr/mlkem_ref/randombytes.o
 .debug_abbrev  0x000016f0      0x3c6 ./build-vpr-apps_vpr_mlkem_ref/apps/vpr/mlkem_ref/test/test_speed.o
 .debug_abbrev  0x00001ab6      0x10c ./build-vpr-apps_vpr_mlkem_ref/apps/vpr/mlkem_ref/test/cpucycles.o
 .debug_abbrev  0x00001bc2      0x232 ./build-vpr-apps_vpr_mlkem_ref/apps/vpr/mlkem_ref/test/speed_print.o
 .debug_abbrev  0x00001df4      0x21e ./build-vpr-apps_vpr_mlkem_ref/drivers/print_lib.o
 .debug_abbrev  0x00002012      0x191 ./build-vpr-apps_vpr_mlkem_ref/drivers/uarte.o
 .debug_abbrev  0x000021a3       0x26 ./build-vpr-apps_vpr_mlkem_ref/lib/nrfx/bsp/stable/mdk/gcc_startup_nrf54lm20a_flpr.o
 .debug_abbrev  0x000021c9      0x106 ./build-vpr-apps_vpr_mlkem_ref/lib/nrfx/bsp/stable/mdk/system_nrf54l.o
 .debug_abbrev  0x000022cf      0x199 /home/haar/opt/corev-open-hw-gcc/bin/../lib/gcc/riscv32-corev-elf/14.1.0/rv32em/ilp32e/libgcc.a(_udivdi3.o)
 .debug_abbrev  0x00002468       0x70 /home/haar/opt/corev-open-hw-gcc/bin/../lib/gcc/riscv32-corev-elf/14.1.0/rv32em/ilp32e/libgcc.a(_clz.o)

.debug_loclists
                0x00000000     0x698f
 .debug_loclists
                0x00000000      0x41c ./build-vpr-apps_vpr_mlkem_ref/apps/vpr/mlkem_ref/cbd.o
 .debug_loclists
                0x0000041c     0x24c3 ./build-vpr-apps_vpr_mlkem_ref/apps/vpr/mlkem_ref/fips202.o
 .debug_loclists
                0x000028df      0x720 ./build-vpr-apps_vpr_mlkem_ref/apps/vpr/mlkem_ref/indcpa.o
 .debug_loclists
                0x00002fff      0x261 ./build-vpr-apps_vpr_mlkem_ref/apps/vpr/mlkem_ref/kem.o
 .debug_loclists
                0x00003260      0x3e1 ./build-vpr-apps_vpr_mlkem_ref/apps/vpr/mlkem_ref/ntt.o
 .debug_loclists
                0x00003641      0x60e ./build-vpr-apps_vpr_mlkem_ref/apps/vpr/mlkem_ref/poly.o
 .debug_loclists
                0x00003c4f      0x402 ./build-vpr-apps_vpr_mlkem_ref/apps/vpr/mlkem_ref/polyvec.o
 .debug_loclists
                0x00004051       0xaa ./build-vpr-apps_vpr_mlkem_ref/apps/vpr/mlkem_ref/reduce.o
 .debug_loclists
                0x000040fb      0x2ba ./build-vpr-apps_vpr_mlkem_ref/apps/vpr/mlkem_ref/verify.o
 .debug_loclists
                0x000043b5      0x15c ./build-vpr-apps_vpr_mlkem_ref/apps/vpr/mlkem_ref/symmetric-shake.o
 .debug_loclists
                0x00004511       0xb9 ./build-vpr-apps_vpr_mlkem_ref/apps/vpr/mlkem_ref/randombytes.o
 .debug_loclists
                0x000045ca      0x4a8 ./build-vpr-apps_vpr_mlkem_ref/apps/vpr/mlkem_ref/test/test_speed.o
 .debug_loclists
                0x00004a72       0x86 ./build-vpr-apps_vpr_mlkem_ref/apps/vpr/mlkem_ref/test/cpucycles.o
 .debug_loclists
                0x00004af8      0x2ee ./build-vpr-apps_vpr_mlkem_ref/apps/vpr/mlkem_ref/test/speed_print.o
 .debug_loclists
                0x00004de6     0x118f ./build-vpr-apps_vpr_mlkem_ref/drivers/print_lib.o
 .debug_loclists
                0x00005f75       0x60 ./build-vpr-apps_vpr_mlkem_ref/drivers/uarte.o
 .debug_loclists
                0x00005fd5      0x9ba /home/haar/opt/corev-open-hw-gcc/bin/../lib/gcc/riscv32-corev-elf/14.1.0/rv32em/ilp32e/libgcc.a(_udivdi3.o)

.debug_aranges  0x00000000      0x4a0
 .debug_aranges
                0x00000000       0x28 ./build-vpr-apps_vpr_mlkem_ref/apps/vpr/mlkem_ref/cbd.o
 .debug_aranges
                0x00000028       0xb8 ./build-vpr-apps_vpr_mlkem_ref/apps/vpr/mlkem_ref/fips202.o
 .debug_aranges
                0x000000e0       0x38 ./build-vpr-apps_vpr_mlkem_ref/apps/vpr/mlkem_ref/indcpa.o
 .debug_aranges
                0x00000118       0x40 ./build-vpr-apps_vpr_mlkem_ref/apps/vpr/mlkem_ref/kem.o
 .debug_aranges
                0x00000158       0x30 ./build-vpr-apps_vpr_mlkem_ref/apps/vpr/mlkem_ref/ntt.o
 .debug_aranges
                0x00000188       0x90 ./build-vpr-apps_vpr_mlkem_ref/apps/vpr/mlkem_ref/poly.o
 .debug_aranges
                0x00000218       0x60 ./build-vpr-apps_vpr_mlkem_ref/apps/vpr/mlkem_ref/polyvec.o
 .debug_aranges
                0x00000278       0x28 ./build-vpr-apps_vpr_mlkem_ref/apps/vpr/mlkem_ref/reduce.o
 .debug_aranges
                0x000002a0       0x30 ./build-vpr-apps_vpr_mlkem_ref/apps/vpr/mlkem_ref/verify.o
 .debug_aranges
                0x000002d0       0x30 ./build-vpr-apps_vpr_mlkem_ref/apps/vpr/mlkem_ref/symmetric-shake.o
 .debug_aranges
                0x00000300       0x20 ./build-vpr-apps_vpr_mlkem_ref/apps/vpr/mlkem_ref/randombytes.o
 .debug_aranges
                0x00000320       0x38 ./build-vpr-apps_vpr_mlkem_ref/apps/vpr/mlkem_ref/test/test_speed.o
 .debug_aranges
                0x00000358       0x20 ./build-vpr-apps_vpr_mlkem_ref/apps/vpr/mlkem_ref/test/cpucycles.o
 .debug_aranges
                0x00000378       0x38 ./build-vpr-apps_vpr_mlkem_ref/apps/vpr/mlkem_ref/test/speed_print.o
 .debug_aranges
                0x000003b0       0x30 ./build-vpr-apps_vpr_mlkem_ref/drivers/print_lib.o
 .debug_aranges
                0x000003e0       0x30 ./build-vpr-apps_vpr_mlkem_ref/drivers/uarte.o
 .debug_aranges
                0x00000410       0x30 ./build-vpr-apps_vpr_mlkem_ref/lib/nrfx/bsp/stable/mdk/gcc_startup_nrf54lm20a_flpr.o
 .debug_aranges
                0x00000440       0x28 ./build-vpr-apps_vpr_mlkem_ref/lib/nrfx/bsp/stable/mdk/system_nrf54l.o
 .debug_aranges
                0x00000468       0x20 /home/haar/opt/corev-open-hw-gcc/bin/../lib/gcc/riscv32-corev-elf/14.1.0/rv32em/ilp32e/libgcc.a(_udivdi3.o)
 .debug_aranges
                0x00000488       0x18 /home/haar/opt/corev-open-hw-gcc/bin/../lib/gcc/riscv32-corev-elf/14.1.0/rv32em/ilp32e/libgcc.a(_clz.o)

.debug_rnglists
                0x00000000      0xc4d
 .debug_rnglists
                0x00000000       0x33 ./build-vpr-apps_vpr_mlkem_ref/apps/vpr/mlkem_ref/cbd.o
 .debug_rnglists
                0x00000033      0x283 ./build-vpr-apps_vpr_mlkem_ref/apps/vpr/mlkem_ref/fips202.o
 .debug_rnglists
                0x000002b6       0xd6 ./build-vpr-apps_vpr_mlkem_ref/apps/vpr/mlkem_ref/indcpa.o
 .debug_rnglists
                0x0000038c       0x2c ./build-vpr-apps_vpr_mlkem_ref/apps/vpr/mlkem_ref/kem.o
 .debug_rnglists
                0x000003b8       0xac ./build-vpr-apps_vpr_mlkem_ref/apps/vpr/mlkem_ref/ntt.o
 .debug_rnglists
                0x00000464       0x69 ./build-vpr-apps_vpr_mlkem_ref/apps/vpr/mlkem_ref/poly.o
 .debug_rnglists
                0x000004cd       0x5d ./build-vpr-apps_vpr_mlkem_ref/apps/vpr/mlkem_ref/polyvec.o
 .debug_rnglists
                0x0000052a       0x19 ./build-vpr-apps_vpr_mlkem_ref/apps/vpr/mlkem_ref/reduce.o
 .debug_rnglists
                0x00000543       0x21 ./build-vpr-apps_vpr_mlkem_ref/apps/vpr/mlkem_ref/verify.o
 .debug_rnglists
                0x00000564       0x38 ./build-vpr-apps_vpr_mlkem_ref/apps/vpr/mlkem_ref/symmetric-shake.o
 .debug_rnglists
                0x0000059c       0x14 ./build-vpr-apps_vpr_mlkem_ref/apps/vpr/mlkem_ref/randombytes.o
 .debug_rnglists
                0x000005b0      0x299 ./build-vpr-apps_vpr_mlkem_ref/apps/vpr/mlkem_ref/test/test_speed.o
 .debug_rnglists
                0x00000849       0x13 ./build-vpr-apps_vpr_mlkem_ref/apps/vpr/mlkem_ref/test/cpucycles.o
 .debug_rnglists
                0x0000085c       0x4a ./build-vpr-apps_vpr_mlkem_ref/apps/vpr/mlkem_ref/test/speed_print.o
 .debug_rnglists
                0x000008a6      0x23a ./build-vpr-apps_vpr_mlkem_ref/drivers/print_lib.o
 .debug_rnglists
                0x00000ae0       0x1f ./build-vpr-apps_vpr_mlkem_ref/drivers/uarte.o
 .debug_rnglists
                0x00000aff       0x20 ./build-vpr-apps_vpr_mlkem_ref/lib/nrfx/bsp/stable/mdk/gcc_startup_nrf54lm20a_flpr.o
 .debug_rnglists
                0x00000b1f       0x19 ./build-vpr-apps_vpr_mlkem_ref/lib/nrfx/bsp/stable/mdk/system_nrf54l.o
 .debug_rnglists
                0x00000b38      0x115 /home/haar/opt/corev-open-hw-gcc/bin/../lib/gcc/riscv32-corev-elf/14.1.0/rv32em/ilp32e/libgcc.a(_udivdi3.o)

.debug_macro    0x00000000    0x53314
 .debug_macro   0x00000000      0x360 ./build-vpr-apps_vpr_mlkem_ref/apps/vpr/mlkem_ref/cbd.o
 .debug_macro   0x00000360      0x7f0 ./build-vpr-apps_vpr_mlkem_ref/apps/vpr/mlkem_ref/cbd.o
 .debug_macro   0x00000b50      0x34e ./build-vpr-apps_vpr_mlkem_ref/apps/vpr/mlkem_ref/cbd.o
 .debug_macro   0x00000e9e       0x82 ./build-vpr-apps_vpr_mlkem_ref/apps/vpr/mlkem_ref/cbd.o
 .debug_macro   0x00000f20       0x64 ./build-vpr-apps_vpr_mlkem_ref/apps/vpr/mlkem_ref/cbd.o
 .debug_macro   0x00000f84       0x10 ./build-vpr-apps_vpr_mlkem_ref/apps/vpr/mlkem_ref/cbd.o
 .debug_macro   0x00000f94       0x22 ./build-vpr-apps_vpr_mlkem_ref/apps/vpr/mlkem_ref/cbd.o
 .debug_macro   0x00000fb6       0x10 ./build-vpr-apps_vpr_mlkem_ref/apps/vpr/mlkem_ref/cbd.o
 .debug_macro   0x00000fc6       0x22 ./build-vpr-apps_vpr_mlkem_ref/apps/vpr/mlkem_ref/cbd.o
 .debug_macro   0x00000fe8       0x47 ./build-vpr-apps_vpr_mlkem_ref/apps/vpr/mlkem_ref/cbd.o
 .debug_macro   0x0000102f       0x19 ./build-vpr-apps_vpr_mlkem_ref/apps/vpr/mlkem_ref/cbd.o
 .debug_macro   0x00001048       0x94 ./build-vpr-apps_vpr_mlkem_ref/apps/vpr/mlkem_ref/cbd.o
 .debug_macro   0x000010dc       0x42 ./build-vpr-apps_vpr_mlkem_ref/apps/vpr/mlkem_ref/cbd.o
 .debug_macro   0x0000111e       0x34 ./build-vpr-apps_vpr_mlkem_ref/apps/vpr/mlkem_ref/cbd.o
 .debug_macro   0x00001152      0x190 ./build-vpr-apps_vpr_mlkem_ref/apps/vpr/mlkem_ref/cbd.o
 .debug_macro   0x000012e2       0x57 ./build-vpr-apps_vpr_mlkem_ref/apps/vpr/mlkem_ref/cbd.o
 .debug_macro   0x00001339      0x364 ./build-vpr-apps_vpr_mlkem_ref/apps/vpr/mlkem_ref/cbd.o
 .debug_macro   0x0000169d       0x16 ./build-vpr-apps_vpr_mlkem_ref/apps/vpr/mlkem_ref/cbd.o
 .debug_macro   0x000016b3       0x4a ./build-vpr-apps_vpr_mlkem_ref/apps/vpr/mlkem_ref/cbd.o
 .debug_macro   0x000016fd       0x34 ./build-vpr-apps_vpr_mlkem_ref/apps/vpr/mlkem_ref/cbd.o
 .debug_macro   0x00001731       0x10 ./build-vpr-apps_vpr_mlkem_ref/apps/vpr/mlkem_ref/cbd.o
 .debug_macro   0x00001741       0x52 ./build-vpr-apps_vpr_mlkem_ref/apps/vpr/mlkem_ref/cbd.o
 .debug_macro   0x00001793       0x8e ./build-vpr-apps_vpr_mlkem_ref/apps/vpr/mlkem_ref/cbd.o
 .debug_macro   0x00001821       0x1c ./build-vpr-apps_vpr_mlkem_ref/apps/vpr/mlkem_ref/cbd.o
 .debug_macro   0x0000183d      0x185 ./build-vpr-apps_vpr_mlkem_ref/apps/vpr/mlkem_ref/cbd.o
 .debug_macro   0x000019c2      0x23c ./build-vpr-apps_vpr_mlkem_ref/apps/vpr/mlkem_ref/cbd.o
 .debug_macro   0x00001bfe       0x16 ./build-vpr-apps_vpr_mlkem_ref/apps/vpr/mlkem_ref/cbd.o
 .debug_macro   0x00001c14       0x3c ./build-vpr-apps_vpr_mlkem_ref/apps/vpr/mlkem_ref/cbd.o
 .debug_macro   0x00001c50       0x7c ./build-vpr-apps_vpr_mlkem_ref/apps/vpr/mlkem_ref/cbd.o
 .debug_macro   0x00001ccc       0x17 ./build-vpr-apps_vpr_mlkem_ref/apps/vpr/mlkem_ref/cbd.o
 .debug_macro   0x00001ce3      0x118 ./build-vpr-apps_vpr_mlkem_ref/apps/vpr/mlkem_ref/cbd.o
 .debug_macro   0x00001dfb       0x1c ./build-vpr-apps_vpr_mlkem_ref/apps/vpr/mlkem_ref/cbd.o
 .debug_macro   0x00001e17       0x2a ./build-vpr-apps_vpr_mlkem_ref/apps/vpr/mlkem_ref/cbd.o
 .debug_macro   0x00001e41       0xb0 ./build-vpr-apps_vpr_mlkem_ref/apps/vpr/mlkem_ref/cbd.o
 .debug_macro   0x00001ef1    0x46dc5 ./build-vpr-apps_vpr_mlkem_ref/apps/vpr/mlkem_ref/cbd.o
 .debug_macro   0x00048cb6      0xdc6 ./build-vpr-apps_vpr_mlkem_ref/apps/vpr/mlkem_ref/cbd.o
 .debug_macro   0x00049a7c       0xdc ./build-vpr-apps_vpr_mlkem_ref/apps/vpr/mlkem_ref/cbd.o
 .debug_macro   0x00049b58      0x28e ./build-vpr-apps_vpr_mlkem_ref/apps/vpr/mlkem_ref/cbd.o
 .debug_macro   0x00049de6      0x45a ./build-vpr-apps_vpr_mlkem_ref/apps/vpr/mlkem_ref/cbd.o
 .debug_macro   0x0004a240      0x112 ./build-vpr-apps_vpr_mlkem_ref/apps/vpr/mlkem_ref/cbd.o
 .debug_macro   0x0004a352       0x2e ./build-vpr-apps_vpr_mlkem_ref/apps/vpr/mlkem_ref/cbd.o
 .debug_macro   0x0004a380      0x190 ./build-vpr-apps_vpr_mlkem_ref/apps/vpr/mlkem_ref/cbd.o
 .debug_macro   0x0004a510       0x1c ./build-vpr-apps_vpr_mlkem_ref/apps/vpr/mlkem_ref/cbd.o
 .debug_macro   0x0004a52c      0x44e ./build-vpr-apps_vpr_mlkem_ref/apps/vpr/mlkem_ref/cbd.o
 .debug_macro   0x0004a97a      0xb1d ./build-vpr-apps_vpr_mlkem_ref/apps/vpr/mlkem_ref/cbd.o
 .debug_macro   0x0004b497      0x662 ./build-vpr-apps_vpr_mlkem_ref/apps/vpr/mlkem_ref/cbd.o
 .debug_macro   0x0004baf9      0x423 ./build-vpr-apps_vpr_mlkem_ref/apps/vpr/mlkem_ref/cbd.o
 .debug_macro   0x0004bf1c      0x77a ./build-vpr-apps_vpr_mlkem_ref/apps/vpr/mlkem_ref/cbd.o
 .debug_macro   0x0004c696      0x190 ./build-vpr-apps_vpr_mlkem_ref/apps/vpr/mlkem_ref/cbd.o
 .debug_macro   0x0004c826     0x1c58 ./build-vpr-apps_vpr_mlkem_ref/apps/vpr/mlkem_ref/cbd.o
 .debug_macro   0x0004e47e       0x6a ./build-vpr-apps_vpr_mlkem_ref/apps/vpr/mlkem_ref/cbd.o
 .debug_macro   0x0004e4e8       0x12 ./build-vpr-apps_vpr_mlkem_ref/apps/vpr/mlkem_ref/cbd.o
 .debug_macro   0x0004e4fa       0x88 ./build-vpr-apps_vpr_mlkem_ref/apps/vpr/mlkem_ref/cbd.o
 .debug_macro   0x0004e582      0xaa9 ./build-vpr-apps_vpr_mlkem_ref/apps/vpr/mlkem_ref/cbd.o
 .debug_macro   0x0004f02b      0x186 ./build-vpr-apps_vpr_mlkem_ref/apps/vpr/mlkem_ref/cbd.o
 .debug_macro   0x0004f1b1      0x288 ./build-vpr-apps_vpr_mlkem_ref/apps/vpr/mlkem_ref/cbd.o
 .debug_macro   0x0004f439       0x95 ./build-vpr-apps_vpr_mlkem_ref/apps/vpr/mlkem_ref/cbd.o
 .debug_macro   0x0004f4ce       0x34 ./build-vpr-apps_vpr_mlkem_ref/apps/vpr/mlkem_ref/cbd.o
 .debug_macro   0x0004f502       0xef ./build-vpr-apps_vpr_mlkem_ref/apps/vpr/mlkem_ref/cbd.o
 .debug_macro   0x0004f5f1       0x66 ./build-vpr-apps_vpr_mlkem_ref/apps/vpr/mlkem_ref/cbd.o
 .debug_macro   0x0004f657       0x52 ./build-vpr-apps_vpr_mlkem_ref/apps/vpr/mlkem_ref/cbd.o
 .debug_macro   0x0004f6a9       0x10 ./build-vpr-apps_vpr_mlkem_ref/apps/vpr/mlkem_ref/cbd.o
 .debug_macro   0x0004f6b9      0x39b ./build-vpr-apps_vpr_mlkem_ref/apps/vpr/mlkem_ref/fips202.o
 .debug_macro   0x0004fa54       0x82 ./build-vpr-apps_vpr_mlkem_ref/apps/vpr/mlkem_ref/fips202.o
 .debug_macro   0x0004fad6       0x1c ./build-vpr-apps_vpr_mlkem_ref/apps/vpr/mlkem_ref/fips202.o
 .debug_macro   0x0004faf2       0x10 ./build-vpr-apps_vpr_mlkem_ref/apps/vpr/mlkem_ref/fips202.o
 .debug_macro   0x0004fb02       0x1c ./build-vpr-apps_vpr_mlkem_ref/apps/vpr/mlkem_ref/fips202.o
 .debug_macro   0x0004fb1e       0x16 ./build-vpr-apps_vpr_mlkem_ref/apps/vpr/mlkem_ref/fips202.o
 .debug_macro   0x0004fb34      0x146 ./build-vpr-apps_vpr_mlkem_ref/apps/vpr/mlkem_ref/fips202.o
 .debug_macro   0x0004fc7a      0x3c1 ./build-vpr-apps_vpr_mlkem_ref/apps/vpr/mlkem_ref/indcpa.o
 .debug_macro   0x0005003b       0x10 ./build-vpr-apps_vpr_mlkem_ref/apps/vpr/mlkem_ref/indcpa.o
 .debug_macro   0x0005004b       0x3a ./build-vpr-apps_vpr_mlkem_ref/apps/vpr/mlkem_ref/indcpa.o
 .debug_macro   0x00050085       0x1c ./build-vpr-apps_vpr_mlkem_ref/apps/vpr/mlkem_ref/indcpa.o
 .debug_macro   0x000500a1       0x22 ./build-vpr-apps_vpr_mlkem_ref/apps/vpr/mlkem_ref/indcpa.o
 .debug_macro   0x000500c3       0x40 ./build-vpr-apps_vpr_mlkem_ref/apps/vpr/mlkem_ref/indcpa.o
 .debug_macro   0x00050103      0x242 ./build-vpr-apps_vpr_mlkem_ref/apps/vpr/mlkem_ref/indcpa.o
 .debug_macro   0x00050345      0x19d ./build-vpr-apps_vpr_mlkem_ref/apps/vpr/mlkem_ref/kem.o
 .debug_macro   0x000504e2       0x46 ./build-vpr-apps_vpr_mlkem_ref/apps/vpr/mlkem_ref/kem.o
 .debug_macro   0x00050528       0x16 ./build-vpr-apps_vpr_mlkem_ref/apps/vpr/mlkem_ref/kem.o
 .debug_macro   0x0005053e      0x356 ./build-vpr-apps_vpr_mlkem_ref/apps/vpr/mlkem_ref/ntt.o
 .debug_macro   0x00050894       0x22 ./build-vpr-apps_vpr_mlkem_ref/apps/vpr/mlkem_ref/ntt.o
 .debug_macro   0x000508b6      0x3a1 ./build-vpr-apps_vpr_mlkem_ref/apps/vpr/mlkem_ref/poly.o
 .debug_macro   0x00050c57       0x16 ./build-vpr-apps_vpr_mlkem_ref/apps/vpr/mlkem_ref/poly.o
 .debug_macro   0x00050c6d      0x356 ./build-vpr-apps_vpr_mlkem_ref/apps/vpr/mlkem_ref/polyvec.o
 .debug_macro   0x00050fc3       0x40 ./build-vpr-apps_vpr_mlkem_ref/apps/vpr/mlkem_ref/polyvec.o
 .debug_macro   0x00051003      0x34d ./build-vpr-apps_vpr_mlkem_ref/apps/vpr/mlkem_ref/reduce.o
 .debug_macro   0x00051350       0x49 ./build-vpr-apps_vpr_mlkem_ref/apps/vpr/mlkem_ref/verify.o
 .debug_macro   0x00051399      0x36e ./build-vpr-apps_vpr_mlkem_ref/apps/vpr/mlkem_ref/symmetric-shake.o
 .debug_macro   0x00051707      0x241 ./build-vpr-apps_vpr_mlkem_ref/apps/vpr/mlkem_ref/randombytes.o
 .debug_macro   0x00051948       0x16 ./build-vpr-apps_vpr_mlkem_ref/apps/vpr/mlkem_ref/randombytes.o
 .debug_macro   0x0005195e       0x16 ./build-vpr-apps_vpr_mlkem_ref/apps/vpr/mlkem_ref/randombytes.o
 .debug_macro   0x00051974       0x29 ./build-vpr-apps_vpr_mlkem_ref/apps/vpr/mlkem_ref/randombytes.o
 .debug_macro   0x0005199d      0x22a ./build-vpr-apps_vpr_mlkem_ref/apps/vpr/mlkem_ref/randombytes.o
 .debug_macro   0x00051bc7       0x10 ./build-vpr-apps_vpr_mlkem_ref/apps/vpr/mlkem_ref/randombytes.o
 .debug_macro   0x00051bd7       0x6a ./build-vpr-apps_vpr_mlkem_ref/apps/vpr/mlkem_ref/randombytes.o
 .debug_macro   0x00051c41       0x1c ./build-vpr-apps_vpr_mlkem_ref/apps/vpr/mlkem_ref/randombytes.o
 .debug_macro   0x00051c5d       0x52 ./build-vpr-apps_vpr_mlkem_ref/apps/vpr/mlkem_ref/randombytes.o
 .debug_macro   0x00051caf       0x22 ./build-vpr-apps_vpr_mlkem_ref/apps/vpr/mlkem_ref/randombytes.o
 .debug_macro   0x00051cd1       0x10 ./build-vpr-apps_vpr_mlkem_ref/apps/vpr/mlkem_ref/randombytes.o
 .debug_macro   0x00051ce1       0x52 ./build-vpr-apps_vpr_mlkem_ref/apps/vpr/mlkem_ref/randombytes.o
 .debug_macro   0x00051d33       0xcf ./build-vpr-apps_vpr_mlkem_ref/apps/vpr/mlkem_ref/randombytes.o
 .debug_macro   0x00051e02       0x1c ./build-vpr-apps_vpr_mlkem_ref/apps/vpr/mlkem_ref/randombytes.o
 .debug_macro   0x00051e1e       0x3d ./build-vpr-apps_vpr_mlkem_ref/apps/vpr/mlkem_ref/randombytes.o
 .debug_macro   0x00051e5b       0x16 ./build-vpr-apps_vpr_mlkem_ref/apps/vpr/mlkem_ref/randombytes.o
 .debug_macro   0x00051e71       0x10 ./build-vpr-apps_vpr_mlkem_ref/apps/vpr/mlkem_ref/randombytes.o
 .debug_macro   0x00051e81       0x10 ./build-vpr-apps_vpr_mlkem_ref/apps/vpr/mlkem_ref/randombytes.o
 .debug_macro   0x00051e91       0x35 ./build-vpr-apps_vpr_mlkem_ref/apps/vpr/mlkem_ref/randombytes.o
 .debug_macro   0x00051ec6      0x12c ./build-vpr-apps_vpr_mlkem_ref/apps/vpr/mlkem_ref/randombytes.o
 .debug_macro   0x00051ff2       0x16 ./build-vpr-apps_vpr_mlkem_ref/apps/vpr/mlkem_ref/randombytes.o
 .debug_macro   0x00052008      0x51a ./build-vpr-apps_vpr_mlkem_ref/apps/vpr/mlkem_ref/randombytes.o
 .debug_macro   0x00052522      0x412 ./build-vpr-apps_vpr_mlkem_ref/apps/vpr/mlkem_ref/test/test_speed.o
 .debug_macro   0x00052934       0x40 ./build-vpr-apps_vpr_mlkem_ref/apps/vpr/mlkem_ref/test/test_speed.o
 .debug_macro   0x00052974      0x33b ./build-vpr-apps_vpr_mlkem_ref/apps/vpr/mlkem_ref/test/cpucycles.o
 .debug_macro   0x00052caf      0x3af ./build-vpr-apps_vpr_mlkem_ref/apps/vpr/mlkem_ref/test/speed_print.o
 .debug_macro   0x0005305e       0x43 ./build-vpr-apps_vpr_mlkem_ref/drivers/print_lib.o
 .debug_macro   0x000530a1       0x58 ./build-vpr-apps_vpr_mlkem_ref/drivers/print_lib.o
 .debug_macro   0x000530f9       0xbd ./build-vpr-apps_vpr_mlkem_ref/drivers/uarte.o
 .debug_macro   0x000531b6      0x136 ./build-vpr-apps_vpr_mlkem_ref/lib/nrfx/bsp/stable/mdk/system_nrf54l.o
 .debug_macro   0x000532ec       0x28 ./build-vpr-apps_vpr_mlkem_ref/lib/nrfx/bsp/stable/mdk/system_nrf54l.o

.debug_line     0x00000000    0x118f9
 .debug_line    0x00000000      0xa02 ./build-vpr-apps_vpr_mlkem_ref/apps/vpr/mlkem_ref/cbd.o
 .debug_line    0x00000a02     0x69c8 ./build-vpr-apps_vpr_mlkem_ref/apps/vpr/mlkem_ref/fips202.o
 .debug_line    0x000073ca      0xd93 ./build-vpr-apps_vpr_mlkem_ref/apps/vpr/mlkem_ref/indcpa.o
 .debug_line    0x0000815d      0x385 ./build-vpr-apps_vpr_mlkem_ref/apps/vpr/mlkem_ref/kem.o
 .debug_line    0x000084e2      0xaa8 ./build-vpr-apps_vpr_mlkem_ref/apps/vpr/mlkem_ref/ntt.o
 .debug_line    0x00008f8a     0x16be ./build-vpr-apps_vpr_mlkem_ref/apps/vpr/mlkem_ref/poly.o
 .debug_line    0x0000a648      0xd6f ./build-vpr-apps_vpr_mlkem_ref/apps/vpr/mlkem_ref/polyvec.o
 .debug_line    0x0000b3b7      0x2c5 ./build-vpr-apps_vpr_mlkem_ref/apps/vpr/mlkem_ref/reduce.o
 .debug_line    0x0000b67c      0x412 ./build-vpr-apps_vpr_mlkem_ref/apps/vpr/mlkem_ref/verify.o
 .debug_line    0x0000ba8e      0x432 ./build-vpr-apps_vpr_mlkem_ref/apps/vpr/mlkem_ref/symmetric-shake.o
 .debug_line    0x0000bec0      0x345 ./build-vpr-apps_vpr_mlkem_ref/apps/vpr/mlkem_ref/randombytes.o
 .debug_line    0x0000c205     0x2760 ./build-vpr-apps_vpr_mlkem_ref/apps/vpr/mlkem_ref/test/test_speed.o
 .debug_line    0x0000e965      0x315 ./build-vpr-apps_vpr_mlkem_ref/apps/vpr/mlkem_ref/test/cpucycles.o
 .debug_line    0x0000ec7a      0x7ad ./build-vpr-apps_vpr_mlkem_ref/apps/vpr/mlkem_ref/test/speed_print.o
 .debug_line    0x0000f427     0x14ae ./build-vpr-apps_vpr_mlkem_ref/drivers/print_lib.o
 .debug_line    0x000108d5      0x2ab ./build-vpr-apps_vpr_mlkem_ref/drivers/uarte.o
 .debug_line    0x00010b80      0x1cf ./build-vpr-apps_vpr_mlkem_ref/lib/nrfx/bsp/stable/mdk/gcc_startup_nrf54lm20a_flpr.o
 .debug_line    0x00010d4f      0x136 ./build-vpr-apps_vpr_mlkem_ref/lib/nrfx/bsp/stable/mdk/system_nrf54l.o
 .debug_line    0x00010e85      0xa35 /home/haar/opt/corev-open-hw-gcc/bin/../lib/gcc/riscv32-corev-elf/14.1.0/rv32em/ilp32e/libgcc.a(_udivdi3.o)
 .debug_line    0x000118ba       0x3f /home/haar/opt/corev-open-hw-gcc/bin/../lib/gcc/riscv32-corev-elf/14.1.0/rv32em/ilp32e/libgcc.a(_clz.o)

.debug_str      0x00000000   0x1d7903
 .debug_str     0x00000000   0x1d7903 ./build-vpr-apps_vpr_mlkem_ref/apps/vpr/mlkem_ref/cbd.o
                             0x1d4480 (size before relaxing)
 .debug_str     0x001d7903   0x1d4edb ./build-vpr-apps_vpr_mlkem_ref/apps/vpr/mlkem_ref/fips202.o
 .debug_str     0x001d7903   0x1d529e ./build-vpr-apps_vpr_mlkem_ref/apps/vpr/mlkem_ref/indcpa.o
 .debug_str     0x001d7903     0x7bb4 ./build-vpr-apps_vpr_mlkem_ref/apps/vpr/mlkem_ref/kem.o
 .debug_str     0x001d7903   0x1d42c3 ./build-vpr-apps_vpr_mlkem_ref/apps/vpr/mlkem_ref/ntt.o
 .debug_str     0x001d7903   0x1d4f61 ./build-vpr-apps_vpr_mlkem_ref/apps/vpr/mlkem_ref/poly.o
 .debug_str     0x001d7903   0x1d4841 ./build-vpr-apps_vpr_mlkem_ref/apps/vpr/mlkem_ref/polyvec.o
 .debug_str     0x001d7903   0x1d4137 ./build-vpr-apps_vpr_mlkem_ref/apps/vpr/mlkem_ref/reduce.o
 .debug_str     0x001d7903     0x39db ./build-vpr-apps_vpr_mlkem_ref/apps/vpr/mlkem_ref/verify.o
 .debug_str     0x001d7903   0x1d48a3 ./build-vpr-apps_vpr_mlkem_ref/apps/vpr/mlkem_ref/symmetric-shake.o
 .debug_str     0x001d7903     0x93e7 ./build-vpr-apps_vpr_mlkem_ref/apps/vpr/mlkem_ref/randombytes.o
 .debug_str     0x001d7903   0x1d5520 ./build-vpr-apps_vpr_mlkem_ref/apps/vpr/mlkem_ref/test/test_speed.o
 .debug_str     0x001d7903   0x1d3dc8 ./build-vpr-apps_vpr_mlkem_ref/apps/vpr/mlkem_ref/test/cpucycles.o
 .debug_str     0x001d7903   0x1d453c ./build-vpr-apps_vpr_mlkem_ref/apps/vpr/mlkem_ref/test/speed_print.o
 .debug_str     0x001d7903     0x34b1 ./build-vpr-apps_vpr_mlkem_ref/drivers/print_lib.o
 .debug_str     0x001d7903   0x1ac946 ./build-vpr-apps_vpr_mlkem_ref/drivers/uarte.o
 .debug_str     0x001d7903      0x841 ./build-vpr-apps_vpr_mlkem_ref/lib/nrfx/bsp/stable/mdk/gcc_startup_nrf54lm20a_flpr.o
 .debug_str     0x001d7903   0x1b4d73 ./build-vpr-apps_vpr_mlkem_ref/lib/nrfx/bsp/stable/mdk/system_nrf54l.o
 .debug_str     0x001d7903      0x246 /home/haar/opt/corev-open-hw-gcc/bin/../lib/gcc/riscv32-corev-elf/14.1.0/rv32em/ilp32e/libgcc.a(_udivdi3.o)
 .debug_str     0x001d7903      0x193 /home/haar/opt/corev-open-hw-gcc/bin/../lib/gcc/riscv32-corev-elf/14.1.0/rv32em/ilp32e/libgcc.a(_clz.o)

.debug_line_str
                0x00000000      0x9f2
 .debug_line_str
                0x00000000      0x9f2 ./build-vpr-apps_vpr_mlkem_ref/apps/vpr/mlkem_ref/cbd.o
                                0x683 (size before relaxing)
 .debug_line_str
                0x000009f2      0x69b ./build-vpr-apps_vpr_mlkem_ref/apps/vpr/mlkem_ref/fips202.o
 .debug_line_str
                0x000009f2      0x6b9 ./build-vpr-apps_vpr_mlkem_ref/apps/vpr/mlkem_ref/indcpa.o
 .debug_line_str
                0x000009f2      0x2f2 ./build-vpr-apps_vpr_mlkem_ref/apps/vpr/mlkem_ref/kem.o
 .debug_line_str
                0x000009f2      0x67b ./build-vpr-apps_vpr_mlkem_ref/apps/vpr/mlkem_ref/ntt.o
 .debug_line_str
                0x000009f2      0x6aa ./build-vpr-apps_vpr_mlkem_ref/apps/vpr/mlkem_ref/poly.o
 .debug_line_str
                0x000009f2      0x689 ./build-vpr-apps_vpr_mlkem_ref/apps/vpr/mlkem_ref/polyvec.o
 .debug_line_str
                0x000009f2      0x67e ./build-vpr-apps_vpr_mlkem_ref/apps/vpr/mlkem_ref/reduce.o
 .debug_line_str
                0x000009f2      0x10a ./build-vpr-apps_vpr_mlkem_ref/apps/vpr/mlkem_ref/verify.o
 .debug_line_str
                0x000009f2      0x6a6 ./build-vpr-apps_vpr_mlkem_ref/apps/vpr/mlkem_ref/symmetric-shake.o
 .debug_line_str
                0x000009f2      0x393 ./build-vpr-apps_vpr_mlkem_ref/apps/vpr/mlkem_ref/randombytes.o
 .debug_line_str
                0x000009f2      0x71b ./build-vpr-apps_vpr_mlkem_ref/apps/vpr/mlkem_ref/test/test_speed.o
 .debug_line_str
                0x000009f2      0x667 ./build-vpr-apps_vpr_mlkem_ref/apps/vpr/mlkem_ref/test/cpucycles.o
 .debug_line_str
                0x000009f2      0x6af ./build-vpr-apps_vpr_mlkem_ref/apps/vpr/mlkem_ref/test/speed_print.o
 .debug_line_str
                0x000009f2       0xfd ./build-vpr-apps_vpr_mlkem_ref/drivers/print_lib.o
 .debug_line_str
                0x000009f2      0x1cb ./build-vpr-apps_vpr_mlkem_ref/drivers/uarte.o
 .debug_line_str
                0x000009f2       0x5d ./build-vpr-apps_vpr_mlkem_ref/lib/nrfx/bsp/stable/mdk/gcc_startup_nrf54lm20a_flpr.o
 .debug_line_str
                0x000009f2      0x283 ./build-vpr-apps_vpr_mlkem_ref/lib/nrfx/bsp/stable/mdk/system_nrf54l.o
 .debug_line_str
                0x000009f2      0x110 /home/haar/opt/corev-open-hw-gcc/bin/../lib/gcc/riscv32-corev-elf/14.1.0/rv32em/ilp32e/libgcc.a(_udivdi3.o)
 .debug_line_str
                0x000009f2      0x110 /home/haar/opt/corev-open-hw-gcc/bin/../lib/gcc/riscv32-corev-elf/14.1.0/rv32em/ilp32e/libgcc.a(_clz.o)

.comment        0x00000000       0x35
 .comment       0x00000000       0x35 ./build-vpr-apps_vpr_mlkem_ref/apps/vpr/mlkem_ref/cbd.o
                                 0x36 (size before relaxing)
 .comment       0x00000035       0x36 ./build-vpr-apps_vpr_mlkem_ref/apps/vpr/mlkem_ref/fips202.o
 .comment       0x00000035       0x36 ./build-vpr-apps_vpr_mlkem_ref/apps/vpr/mlkem_ref/indcpa.o
 .comment       0x00000035       0x36 ./build-vpr-apps_vpr_mlkem_ref/apps/vpr/mlkem_ref/kem.o
 .comment       0x00000035       0x36 ./build-vpr-apps_vpr_mlkem_ref/apps/vpr/mlkem_ref/ntt.o
 .comment       0x00000035       0x36 ./build-vpr-apps_vpr_mlkem_ref/apps/vpr/mlkem_ref/poly.o
 .comment       0x00000035       0x36 ./build-vpr-apps_vpr_mlkem_ref/apps/vpr/mlkem_ref/polyvec.o
 .comment       0x00000035       0x36 ./build-vpr-apps_vpr_mlkem_ref/apps/vpr/mlkem_ref/reduce.o
 .comment       0x00000035       0x36 ./build-vpr-apps_vpr_mlkem_ref/apps/vpr/mlkem_ref/verify.o
 .comment       0x00000035       0x36 ./build-vpr-apps_vpr_mlkem_ref/apps/vpr/mlkem_ref/symmetric-shake.o
 .comment       0x00000035       0x36 ./build-vpr-apps_vpr_mlkem_ref/apps/vpr/mlkem_ref/randombytes.o
 .comment       0x00000035       0x36 ./build-vpr-apps_vpr_mlkem_ref/apps/vpr/mlkem_ref/test/test_speed.o
 .comment       0x00000035       0x36 ./build-vpr-apps_vpr_mlkem_ref/apps/vpr/mlkem_ref/test/cpucycles.o
 .comment       0x00000035       0x36 ./build-vpr-apps_vpr_mlkem_ref/apps/vpr/mlkem_ref/test/speed_print.o
 .comment       0x00000035       0x36 ./build-vpr-apps_vpr_mlkem_ref/drivers/print_lib.o
 .comment       0x00000035       0x36 ./build-vpr-apps_vpr_mlkem_ref/drivers/uarte.o
 .comment       0x00000035       0x36 ./build-vpr-apps_vpr_mlkem_ref/lib/nrfx/bsp/stable/mdk/system_nrf54l.o
 .comment       0x00000035       0x36 /home/haar/opt/corev-open-hw-gcc/bin/../lib/gcc/riscv32-corev-elf/14.1.0/rv32em/ilp32e/libgcc.a(_udivdi3.o)
 .comment       0x00000035       0x36 /home/haar/opt/corev-open-hw-gcc/bin/../lib/gcc/riscv32-corev-elf/14.1.0/rv32em/ilp32e/libgcc.a(_clz.o)
 .comment       0x00000035       0x36 /home/haar/opt/corev-open-hw-gcc/bin/../lib/gcc/riscv32-corev-elf/14.1.0/../../../../riscv32-corev-elf/lib/rv32em/ilp32e/libc_nano.a(libc_a-qsort.o)

.note.GNU-stack
                0x00000000        0x0
 .note.GNU-stack
                0x00000000        0x0 ./build-vpr-apps_vpr_mlkem_ref/apps/vpr/mlkem_ref/cbd.o
 .note.GNU-stack
                0x00000000        0x0 ./build-vpr-apps_vpr_mlkem_ref/apps/vpr/mlkem_ref/fips202.o
 .note.GNU-stack
                0x00000000        0x0 ./build-vpr-apps_vpr_mlkem_ref/apps/vpr/mlkem_ref/indcpa.o
 .note.GNU-stack
                0x00000000        0x0 ./build-vpr-apps_vpr_mlkem_ref/apps/vpr/mlkem_ref/kem.o
 .note.GNU-stack
                0x00000000        0x0 ./build-vpr-apps_vpr_mlkem_ref/apps/vpr/mlkem_ref/ntt.o
 .note.GNU-stack
                0x00000000        0x0 ./build-vpr-apps_vpr_mlkem_ref/apps/vpr/mlkem_ref/poly.o
 .note.GNU-stack
                0x00000000        0x0 ./build-vpr-apps_vpr_mlkem_ref/apps/vpr/mlkem_ref/polyvec.o
 .note.GNU-stack
                0x00000000        0x0 ./build-vpr-apps_vpr_mlkem_ref/apps/vpr/mlkem_ref/reduce.o
 .note.GNU-stack
                0x00000000        0x0 ./build-vpr-apps_vpr_mlkem_ref/apps/vpr/mlkem_ref/verify.o
 .note.GNU-stack
                0x00000000        0x0 ./build-vpr-apps_vpr_mlkem_ref/apps/vpr/mlkem_ref/symmetric-shake.o
 .note.GNU-stack
                0x00000000        0x0 ./build-vpr-apps_vpr_mlkem_ref/apps/vpr/mlkem_ref/randombytes.o
 .note.GNU-stack
                0x00000000        0x0 ./build-vpr-apps_vpr_mlkem_ref/apps/vpr/mlkem_ref/test/test_speed.o
 .note.GNU-stack
                0x00000000        0x0 ./build-vpr-apps_vpr_mlkem_ref/apps/vpr/mlkem_ref/test/cpucycles.o
 .note.GNU-stack
                0x00000000        0x0 ./build-vpr-apps_vpr_mlkem_ref/apps/vpr/mlkem_ref/test/speed_print.o
 .note.GNU-stack
                0x00000000        0x0 ./build-vpr-apps_vpr_mlkem_ref/drivers/print_lib.o
 .note.GNU-stack
                0x00000000        0x0 ./build-vpr-apps_vpr_mlkem_ref/drivers/uarte.o
 .note.GNU-stack
                0x00000000        0x0 ./build-vpr-apps_vpr_mlkem_ref/lib/nrfx/bsp/stable/mdk/system_nrf54l.o
 .note.GNU-stack
                0x00000000        0x0 /home/haar/opt/corev-open-hw-gcc/bin/../lib/gcc/riscv32-corev-elf/14.1.0/rv32em/ilp32e/libgcc.a(_udivdi3.o)
 .note.GNU-stack
                0x00000000        0x0 /home/haar/opt/corev-open-hw-gcc/bin/../lib/gcc/riscv32-corev-elf/14.1.0/rv32em/ilp32e/libgcc.a(_clz.o)
 .note.GNU-stack
                0x00000000        0x0 /home/haar/opt/corev-open-hw-gcc/bin/../lib/gcc/riscv32-corev-elf/14.1.0/../../../../riscv32-corev-elf/lib/rv32em/ilp32e/libc_nano.a(libc_a-qsort.o)

.riscv.attributes
                0x00000000       0x48
 .riscv.attributes
                0x00000000       0x48 ./build-vpr-apps_vpr_mlkem_ref/apps/vpr/mlkem_ref/cbd.o
 .riscv.attributes
                0x00000048       0x48 ./build-vpr-apps_vpr_mlkem_ref/apps/vpr/mlkem_ref/fips202.o
 .riscv.attributes
                0x00000090       0x48 ./build-vpr-apps_vpr_mlkem_ref/apps/vpr/mlkem_ref/indcpa.o
 .riscv.attributes
                0x000000d8       0x44 ./build-vpr-apps_vpr_mlkem_ref/apps/vpr/mlkem_ref/kem.o
 .riscv.attributes
                0x0000011c       0x48 ./build-vpr-apps_vpr_mlkem_ref/apps/vpr/mlkem_ref/ntt.o
 .riscv.attributes
                0x00000164       0x48 ./build-vpr-apps_vpr_mlkem_ref/apps/vpr/mlkem_ref/poly.o
 .riscv.attributes
                0x000001ac       0x48 ./build-vpr-apps_vpr_mlkem_ref/apps/vpr/mlkem_ref/polyvec.o
 .riscv.attributes
                0x000001f4       0x44 ./build-vpr-apps_vpr_mlkem_ref/apps/vpr/mlkem_ref/reduce.o
 .riscv.attributes
                0x00000238       0x44 ./build-vpr-apps_vpr_mlkem_ref/apps/vpr/mlkem_ref/verify.o
 .riscv.attributes
                0x0000027c       0x48 ./build-vpr-apps_vpr_mlkem_ref/apps/vpr/mlkem_ref/symmetric-shake.o
 .riscv.attributes
                0x000002c4       0x44 ./build-vpr-apps_vpr_mlkem_ref/apps/vpr/mlkem_ref/randombytes.o
 .riscv.attributes
                0x00000308       0x48 ./build-vpr-apps_vpr_mlkem_ref/apps/vpr/mlkem_ref/test/test_speed.o
 .riscv.attributes
                0x00000350       0x48 ./build-vpr-apps_vpr_mlkem_ref/apps/vpr/mlkem_ref/test/cpucycles.o
 .riscv.attributes
                0x00000398       0x44 ./build-vpr-apps_vpr_mlkem_ref/apps/vpr/mlkem_ref/test/speed_print.o
 .riscv.attributes
                0x000003dc       0x44 ./build-vpr-apps_vpr_mlkem_ref/drivers/print_lib.o
 .riscv.attributes
                0x00000420       0x44 ./build-vpr-apps_vpr_mlkem_ref/drivers/uarte.o
 .riscv.attributes
                0x00000464       0x46 ./build-vpr-apps_vpr_mlkem_ref/lib/nrfx/bsp/stable/mdk/gcc_startup_nrf54lm20a_flpr.o
 .riscv.attributes
                0x000004aa       0x44 ./build-vpr-apps_vpr_mlkem_ref/lib/nrfx/bsp/stable/mdk/system_nrf54l.o
 .riscv.attributes
                0x000004ee       0x2a /home/haar/opt/corev-open-hw-gcc/bin/../lib/gcc/riscv32-corev-elf/14.1.0/rv32em/ilp32e/libgcc.a(_udivdi3.o)
 .riscv.attributes
                0x00000518       0x2a /home/haar/opt/corev-open-hw-gcc/bin/../lib/gcc/riscv32-corev-elf/14.1.0/rv32em/ilp32e/libgcc.a(_clz.o)
 .riscv.attributes
                0x00000542       0x28 /home/haar/opt/corev-open-hw-gcc/bin/../lib/gcc/riscv32-corev-elf/14.1.0/../../../../riscv32-corev-elf/lib/rv32em/ilp32e/libc_nano.a(libc_a-memcpy-asm.o)
 .riscv.attributes
                0x0000056a       0x2a /home/haar/opt/corev-open-hw-gcc/bin/../lib/gcc/riscv32-corev-elf/14.1.0/../../../../riscv32-corev-elf/lib/rv32em/ilp32e/libc_nano.a(libc_a-qsort.o)

.debug_frame    0x00000000      0xb90
 .debug_frame   0x00000000       0x54 ./build-vpr-apps_vpr_mlkem_ref/apps/vpr/mlkem_ref/cbd.o
 .debug_frame   0x00000054      0x2c4 ./build-vpr-apps_vpr_mlkem_ref/apps/vpr/mlkem_ref/fips202.o
 .debug_frame   0x00000318       0xc4 ./build-vpr-apps_vpr_mlkem_ref/apps/vpr/mlkem_ref/indcpa.o
 .debug_frame   0x000003dc       0xd4 ./build-vpr-apps_vpr_mlkem_ref/apps/vpr/mlkem_ref/kem.o
 .debug_frame   0x000004b0       0x84 ./build-vpr-apps_vpr_mlkem_ref/apps/vpr/mlkem_ref/ntt.o
 .debug_frame   0x00000534      0x1a0 ./build-vpr-apps_vpr_mlkem_ref/apps/vpr/mlkem_ref/poly.o
 .debug_frame   0x000006d4      0x144 ./build-vpr-apps_vpr_mlkem_ref/apps/vpr/mlkem_ref/polyvec.o
 .debug_frame   0x00000818       0x30 ./build-vpr-apps_vpr_mlkem_ref/apps/vpr/mlkem_ref/reduce.o
 .debug_frame   0x00000848       0x60 ./build-vpr-apps_vpr_mlkem_ref/apps/vpr/mlkem_ref/verify.o
 .debug_frame   0x000008a8       0x80 ./build-vpr-apps_vpr_mlkem_ref/apps/vpr/mlkem_ref/symmetric-shake.o
 .debug_frame   0x00000928       0x20 ./build-vpr-apps_vpr_mlkem_ref/apps/vpr/mlkem_ref/randombytes.o
 .debug_frame   0x00000948       0x88 ./build-vpr-apps_vpr_mlkem_ref/apps/vpr/mlkem_ref/test/test_speed.o
 .debug_frame   0x000009d0       0x20 ./build-vpr-apps_vpr_mlkem_ref/apps/vpr/mlkem_ref/test/cpucycles.o
 .debug_frame   0x000009f0       0x90 ./build-vpr-apps_vpr_mlkem_ref/apps/vpr/mlkem_ref/test/speed_print.o
 .debug_frame   0x00000a80       0xa0 ./build-vpr-apps_vpr_mlkem_ref/drivers/print_lib.o
 .debug_frame   0x00000b20       0x40 ./build-vpr-apps_vpr_mlkem_ref/drivers/uarte.o
 .debug_frame   0x00000b60       0x30 ./build-vpr-apps_vpr_mlkem_ref/lib/nrfx/bsp/stable/mdk/system_nrf54l.o